66.249.79.1 - - [22/Jan/2018:12:49:03 +0000] "GET /match/bet-schalke-vs-unicorns-of-love-eu-lcs-spring-split-01-28-2018/ HTTP/1.1" 200 6825 "-" "Mozilla/5.0 (compatible; Googlebot/2.1; +http://www.google.com/bot.html)"
45.77.4.48 - - [22/Jan/2018:12:50:01 +0000] "GET /autopost-tournament/ HTTP/1.1" 200 2758 "-" "curl/7.38.0"
45.77.4.48 - - [22/Jan/2018:12:50:14 +0000] "POST /wp-cron.php?doing_wp_cron=1516625414.7051761150360107421875 HTTP/1.0" 200 238 "http://www.bet-esport.com/wp-cron.php?doing_wp_cron=1516625414.7051761150360107421875" "WordPress/4.9.2; http://www.bet-esport.com"
66.249.79.7 - - [22/Jan/2018:12:50:15 +0000] "GET /sitemap.xml HTTP/1.1" 200 905 "-" "Mozilla/5.0 (compatible; Googlebot/2.1; +http://www.google.com/bot.html)"
192.0.102.40 - - [22/Jan/2018:12:50:14 +0000] "GET / HTTP/1.1" 200 7857 "-" "jetmon/1.0 (Jetpack Site Uptime Monitor by WordPress.com)"
66.249.79.1 - - [22/Jan/2018:12:50:15 +0000] "GET /sitemap-pt-tournament-2018-01.xml HTTP/1.1" 200 688 "-" "Mozilla/5.0 (compatible; Googlebot/2.1; +http://www.google.com/bot.html)"
66.249.79.1 - - [22/Jan/2018:12:50:24 +0000] "GET /match/bet-schalke-vs-unicorns-of-love-eu-lcs-spring-split-01-27-2018/ HTTP/1.1" 200 6851 "-" "Mozilla/5.0 (compatible; Googlebot/2.1; +http://www.google.com/bot.html)"
45.77.4.48 - - [22/Jan/2018:12:52:57 +0000] "POST /wp-cron.php?doing_wp_cron=1516625577.3883919715881347656250 HTTP/1.0" 200 238 "https://www.bet-esport.com/wp-cron.php?doing_wp_cron=1516625577.3883919715881347656250" "WordPress/4.9.2; https://www.bet-esport.com"
207.46.13.187 - - [22/Jan/2018:12:52:57 +0000] "GET /tag/clg-academy/ HTTP/1.1" 200 4240 "-" "Mozilla/5.0 (compatible; bingbot/2.0; +http://www.bing.com/bingbot.htm)"
207.46.13.117 - - [22/Jan/2018:12:53:00 +0000] "GET /tag/liquid-academy/ HTTP/1.1" 200 4241 "-" "Mozilla/5.0 (compatible; bingbot/2.0; +http://www.bing.com/bingbot.htm)"
45.77.4.48 - - [22/Jan/2018:12:55:01 +0000] "GET /autopost-tournament/ HTTP/1.1" 200 2737 "-" "curl/7.38.0"
192.0.102.40 - - [22/Jan/2018:12:55:13 +0000] "GET / HTTP/1.1" 200 7824 "-" "jetmon/1.0 (Jetpack Site Uptime Monitor by WordPress.com)"
45.77.4.48 - - [22/Jan/2018:12:56:35 +0000] "POST /wp-cron.php?doing_wp_cron=1516625795.3476409912109375000000 HTTP/1.0" 200 238 "http://www.bet-esport.com/wp-cron.php?doing_wp_cron=1516625795.3476409912109375000000" "WordPress/4.9.2; http://www.bet-esport.com"
5.45.207.12 - - [22/Jan/2018:12:56:35 +0000] "GET /match/bet-purple-vs-sintolol-championship-tour-01-21-2018/ HTTP/1.1" 200 6278 "-" "Mozilla/5.0 (compatible; YandexBot/3.0; +http://yandex.com/bots)"
45.77.4.48 - - [22/Jan/2018:13:00:01 +0000] "GET /autopost-tournament/ HTTP/1.1" 200 2722 "-" "curl/7.38.0"
45.77.4.48 - - [22/Jan/2018:13:01:23 +0000] "POST /wp-cron.php?doing_wp_cron=1516626083.1333570480346679687500 HTTP/1.0" 200 238 "http://www.bet-esport.com/wp-cron.php?doing_wp_cron=1516626083.1333570480346679687500" "WordPress/4.9.2; http://www.bet-esport.com"
192.0.102.40 - - [22/Jan/2018:13:01:23 +0000] "GET / HTTP/1.1" 200 7808 "-" "jetmon/1.0 (Jetpack Site Uptime Monitor by WordPress.com)"
45.77.4.48 - - [22/Jan/2018:13:05:01 +0000] "GET /autopost-tournament/ HTTP/1.1" 200 2744 "-" "curl/7.38.0"
192.0.102.40 - - [22/Jan/2018:13:05:11 +0000] "GET / HTTP/1.1" 200 7808 "-" "jetmon/1.0 (Jetpack Site Uptime Monitor by WordPress.com)"
45.77.4.48 - - [22/Jan/2018:13:10:01 +0000] "POST /wp-cron.php?doing_wp_cron=1516626601.5808069705963134765625 HTTP/1.0" 200 238 "http://www.bet-esport.com/wp-cron.php?doing_wp_cron=1516626601.5808069705963134765625" "WordPress/4.9.2; http://www.bet-esport.com"
45.77.4.48 - - [22/Jan/2018:13:10:01 +0000] "GET /autopost-tournament/ HTTP/1.1" 200 2736 "-" "curl/7.38.0"
5.45.207.12 - - [22/Jan/2018:13:10:04 +0000] "GET /robots.txt HTTP/1.1" 200 450 "-" "Mozilla/5.0 (compatible; YandexBot/3.0; +http://yandex.com/bots)"
5.45.207.12 - - [22/Jan/2018:13:10:08 +0000] "GET /tag/happyfeet/ HTTP/1.1" 200 4225 "-" "Mozilla/5.0 (compatible; YandexBot/3.0; +http://yandex.com/bots)"
192.0.102.40 - - [22/Jan/2018:13:10:13 +0000] "GET / HTTP/1.1" 200 7808 "-" "jetmon/1.0 (Jetpack Site Uptime Monitor by WordPress.com)"
45.77.4.48 - - [22/Jan/2018:13:15:01 +0000] "POST /wp-cron.php?doing_wp_cron=1516626901.6629951000213623046875 HTTP/1.0" 200 238 "http://www.bet-esport.com/wp-cron.php?doing_wp_cron=1516626901.6629951000213623046875" "WordPress/4.9.2; http://www.bet-esport.com"
45.77.4.48 - - [22/Jan/2018:13:15:01 +0000] "GET /autopost-tournament/ HTTP/1.1" 200 2729 "-" "curl/7.38.0"
192.0.102.40 - - [22/Jan/2018:13:15:13 +0000] "GET / HTTP/1.1" 200 7808 "-" "jetmon/1.0 (Jetpack Site Uptime Monitor by WordPress.com)"
45.77.4.48 - - [22/Jan/2018:13:20:01 +0000] "POST /wp-cron.php?doing_wp_cron=1516627201.7154181003570556640625 HTTP/1.0" 200 238 "http://www.bet-esport.com/wp-cron.php?doing_wp_cron=1516627201.7154181003570556640625" "WordPress/4.9.2; http://www.bet-esport.com"
45.77.4.48 - - [22/Jan/2018:13:20:01 +0000] "GET /autopost-tournament/ HTTP/1.1" 200 2718 "-" "curl/7.38.0"
192.0.102.40 - - [22/Jan/2018:13:20:11 +0000] "GET / HTTP/1.1" 200 7808 "-" "jetmon/1.0 (Jetpack Site Uptime Monitor by WordPress.com)"
5.45.207.12 - - [22/Jan/2018:13:20:37 +0000] "GET /tag/ant/ HTTP/1.1" 200 4220 "-" "Mozilla/5.0 (compatible; YandexBot/3.0; +http://yandex.com/bots)"
45.77.4.48 - - [22/Jan/2018:13:25:01 +0000] "POST /wp-cron.php?doing_wp_cron=1516627501.7799470424652099609375 HTTP/1.0" 200 238 "http://www.bet-esport.com/wp-cron.php?doing_wp_cron=1516627501.7799470424652099609375" "WordPress/4.9.2; http://www.bet-esport.com"
45.77.4.48 - - [22/Jan/2018:13:25:01 +0000] "GET /autopost-tournament/ HTTP/1.1" 200 2728 "-" "curl/7.38.0"
192.0.102.40 - - [22/Jan/2018:13:25:12 +0000] "GET / HTTP/1.1" 200 7808 "-" "jetmon/1.0 (Jetpack Site Uptime Monitor by WordPress.com)"
45.77.4.48 - - [22/Jan/2018:13:26:35 +0000] "POST /wp-cron.php?doing_wp_cron=1516627595.6021780967712402343750 HTTP/1.0" 200 238 "http://www.bet-esport.com/wp-cron.php?doing_wp_cron=1516627595.6021780967712402343750" "WordPress/4.9.2; http://www.bet-esport.com"
5.45.207.12 - - [22/Jan/2018:13:26:35 +0000] "GET /tag/hg/ HTTP/1.1" 200 4220 "-" "Mozilla/5.0 (compatible; YandexBot/3.0; +http://yandex.com/bots)"
5.45.207.12 - - [22/Jan/2018:13:27:49 +0000] "GET /match/bet-big-vs-liquid-eleague-major-01-19-2018/ HTTP/1.1" 200 6780 "-" "Mozilla/5.0 (compatible; YandexBot/3.0; +http://yandex.com/bots)"
186.50.36.59 - - [22/Jan/2018:13:29:16 +0000] "GET /test-new-look/ HTTP/1.1" 404 12420 "-" "Mozilla/5.0 (Macintosh; Intel Mac OS X 10_13_2) AppleWebKit/537.36 (KHTML, like Gecko) Chrome/63.0.3239.132 Safari/537.36"
186.50.36.59 - - [22/Jan/2018:13:29:18 +0000] "GET /i/home.gif HTTP/1.1" 404 12417 "http://www.bet-esport.com/test-new-look/" "Mozilla/5.0 (Macintosh; Intel Mac OS X 10_13_2) AppleWebKit/537.36 (KHTML, like Gecko) Chrome/63.0.3239.132 Safari/537.36"
186.50.36.59 - - [22/Jan/2018:13:29:19 +0000] "GET /fonts/fontawesome-webfont.woff2?v=4.6.1 HTTP/1.1" 200 70936 "http://www.bet-esport.com/css/font-awesome.min.css" "Mozilla/5.0 (Macintosh; Intel Mac OS X 10_13_2) AppleWebKit/537.36 (KHTML, like Gecko) Chrome/63.0.3239.132 Safari/537.36"
186.50.36.59 - - [22/Jan/2018:13:29:20 +0000] "GET / HTTP/1.1" 200 7808 "http://www.bet-esport.com/test-new-look/" "Mozilla/5.0 (Macintosh; Intel Mac OS X 10_13_2) AppleWebKit/537.36 (KHTML, like Gecko) Chrome/63.0.3239.132 Safari/537.36"
186.50.36.59 - - [22/Jan/2018:13:29:21 +0000] "GET /i/logos/100/team-rejects.png HTTP/1.1" 404 12435 "http://www.bet-esport.com/" "Mozilla/5.0 (Macintosh; Intel Mac OS X 10_13_2) AppleWebKit/537.36 (KHTML, like Gecko) Chrome/63.0.3239.132 Safari/537.36"
186.50.36.59 - - [22/Jan/2018:13:29:21 +0000] "GET /i/logos/100/cats123.png HTTP/1.1" 404 12430 "http://www.bet-esport.com/" "Mozilla/5.0 (Macintosh; Intel Mac OS X 10_13_2) AppleWebKit/537.36 (KHTML, like Gecko) Chrome/63.0.3239.132 Safari/537.36"
186.50.36.59 - - [22/Jan/2018:13:29:22 +0000] "GET /i/logos/100/radiant.png HTTP/1.1" 404 12430 "http://www.bet-esport.com/" "Mozilla/5.0 (Macintosh; Intel Mac OS X 10_13_2) AppleWebKit/537.36 (KHTML, like Gecko) Chrome/63.0.3239.132 Safari/537.36"
186.50.36.59 - - [22/Jan/2018:13:29:22 +0000] "GET /i/logos/100/sg-e-sports.png HTTP/1.1" 404 12434 "http://www.bet-esport.com/" "Mozilla/5.0 (Macintosh; Intel Mac OS X 10_13_2) AppleWebKit/537.36 (KHTML, like Gecko) Chrome/63.0.3239.132 Safari/537.36"
186.50.36.59 - - [22/Jan/2018:13:29:22 +0000] "GET /i/logos/100/planet-dog.png HTTP/1.1" 404 12433 "http://www.bet-esport.com/" "Mozilla/5.0 (Macintosh; Intel Mac OS X 10_13_2) AppleWebKit/537.36 (KHTML, like Gecko) Chrome/63.0.3239.132 Safari/537.36"
186.50.36.59 - - [22/Jan/2018:13:29:22 +0000] "GET /i/logos/100/order.png HTTP/1.1" 404 12428 "http://www.bet-esport.com/" "Mozilla/5.0 (Macintosh; Intel Mac OS X 10_13_2) AppleWebKit/537.36 (KHTML, like Gecko) Chrome/63.0.3239.132 Safari/537.36"
186.50.36.59 - - [22/Jan/2018:13:29:22 +0000] "GET /i/logos/100/spirit.png HTTP/1.1" 404 12429 "http://www.bet-esport.com/" "Mozilla/5.0 (Macintosh; Intel Mac OS X 10_13_2) AppleWebKit/537.36 (KHTML, like Gecko) Chrome/63.0.3239.132 Safari/537.36"
186.50.36.59 - - [22/Jan/2018:13:29:22 +0000] "GET /i/logos/100/asterion.png HTTP/1.1" 404 12431 "http://www.bet-esport.com/" "Mozilla/5.0 (Macintosh; Intel Mac OS X 10_13_2) AppleWebKit/537.36 (KHTML, like Gecko) Chrome/63.0.3239.132 Safari/537.36"
186.50.36.59 - - [22/Jan/2018:13:29:22 +0000] "GET /i/logos/100/royal-bandits.png HTTP/1.1" 404 12436 "http://www.bet-esport.com/" "Mozilla/5.0 (Macintosh; Intel Mac OS X 10_13_2) AppleWebKit/537.36 (KHTML, like Gecko) Chrome/63.0.3239.132 Safari/537.36"
186.50.36.59 - - [22/Jan/2018:13:29:22 +0000] "GET /i/logos/100/youthcrew.png HTTP/1.1" 404 12432 "http://www.bet-esport.com/" "Mozilla/5.0 (Macintosh; Intel Mac OS X 10_13_2) AppleWebKit/537.36 (KHTML, like Gecko) Chrome/63.0.3239.132 Safari/537.36"
186.50.36.59 - - [22/Jan/2018:13:29:22 +0000] "GET /i/logos/100/hwa-gaming.png HTTP/1.1" 404 12433 "http://www.bet-esport.com/" "Mozilla/5.0 (Macintosh; Intel Mac OS X 10_13_2) AppleWebKit/537.36 (KHTML, like Gecko) Chrome/63.0.3239.132 Safari/537.36"
186.50.36.59 - - [22/Jan/2018:13:29:22 +0000] "GET /i/logos/100/team-aurora.png HTTP/1.1" 404 12434 "http://www.bet-esport.com/" "Mozilla/5.0 (Macintosh; Intel Mac OS X 10_13_2) AppleWebKit/537.36 (KHTML, like Gecko) Chrome/63.0.3239.132 Safari/537.36"
186.50.36.59 - - [22/Jan/2018:13:29:22 +0000] "GET /i/logos/100/1907-fenerbahce.png HTTP/1.1" 404 12438 "http://www.bet-esport.com/" "Mozilla/5.0 (Macintosh; Intel Mac OS X 10_13_2) AppleWebKit/537.36 (KHTML, like Gecko) Chrome/63.0.3239.132 Safari/537.36"
186.50.36.59 - - [22/Jan/2018:13:29:23 +0000] "GET /i/logos/100/dark-passage.png HTTP/1.1" 404 12435 "http://www.bet-esport.com/" "Mozilla/5.0 (Macintosh; Intel Mac OS X 10_13_2) AppleWebKit/537.36 (KHTML, like Gecko) Chrome/63.0.3239.132 Safari/537.36"
186.50.36.59 - - [22/Jan/2018:13:29:23 +0000] "GET /i/logos/100/bausupermassive.png HTTP/1.1" 404 12438 "http://www.bet-esport.com/" "Mozilla/5.0 (Macintosh; Intel Mac OS X 10_13_2) AppleWebKit/537.36 (KHTML, like Gecko) Chrome/63.0.3239.132 Safari/537.36"
186.50.36.59 - - [22/Jan/2018:13:29:23 +0000] "GET /i/logos/100/galakticos.png HTTP/1.1" 404 12433 "http://www.bet-esport.com/" "Mozilla/5.0 (Macintosh; Intel Mac OS X 10_13_2) AppleWebKit/537.36 (KHTML, like Gecko) Chrome/63.0.3239.132 Safari/537.36"
186.50.36.59 - - [22/Jan/2018:13:29:23 +0000] "GET /i/logos/100/g-rex.png HTTP/1.1" 404 12428 "http://www.bet-esport.com/" "Mozilla/5.0 (Macintosh; Intel Mac OS X 10_13_2) AppleWebKit/537.36 (KHTML, like Gecko) Chrome/63.0.3239.132 Safari/537.36"
186.50.36.59 - - [22/Jan/2018:13:29:23 +0000] "GET /i/logos/100/mad-team.png HTTP/1.1" 404 12431 "http://www.bet-esport.com/" "Mozilla/5.0 (Macintosh; Intel Mac OS X 10_13_2) AppleWebKit/537.36 (KHTML, like Gecko) Chrome/63.0.3239.132 Safari/537.36"
186.50.36.59 - - [22/Jan/2018:13:29:23 +0000] "GET /i/logos/100/team-afro.png HTTP/1.1" 404 12432 "http://www.bet-esport.com/" "Mozilla/5.0 (Macintosh; Intel Mac OS X 10_13_2) AppleWebKit/537.36 (KHTML, like Gecko) Chrome/63.0.3239.132 Safari/537.36"
186.50.36.59 - - [22/Jan/2018:13:29:23 +0000] "GET /i/logos/100/byun.png HTTP/1.1" 404 12427 "http://www.bet-esport.com/" "Mozilla/5.0 (Macintosh; Intel Mac OS X 10_13_2) AppleWebKit/537.36 (KHTML, like Gecko) Chrome/63.0.3239.132 Safari/537.36"
186.50.36.59 - - [22/Jan/2018:13:29:23 +0000] "GET /i/logos/100/trap.png HTTP/1.1" 404 12427 "http://www.bet-esport.com/" "Mozilla/5.0 (Macintosh; Intel Mac OS X 10_13_2) AppleWebKit/537.36 (KHTML, like Gecko) Chrome/63.0.3239.132 Safari/537.36"
186.50.36.59 - - [22/Jan/2018:13:29:23 +0000] "GET /i/logos/100/dark.png HTTP/1.1" 404 12427 "http://www.bet-esport.com/" "Mozilla/5.0 (Macintosh; Intel Mac OS X 10_13_2) AppleWebKit/537.36 (KHTML, like Gecko) Chrome/63.0.3239.132 Safari/537.36"
186.50.36.59 - - [22/Jan/2018:13:29:23 +0000] "GET /i/logos/100/trust.png HTTP/1.1" 404 12428 "http://www.bet-esport.com/" "Mozilla/5.0 (Macintosh; Intel Mac OS X 10_13_2) AppleWebKit/537.36 (KHTML, like Gecko) Chrome/63.0.3239.132 Safari/537.36"
186.50.36.59 - - [22/Jan/2018:13:29:23 +0000] "GET /i/logos/100/maru.png HTTP/1.1" 404 12427 "http://www.bet-esport.com/" "Mozilla/5.0 (Macintosh; Intel Mac OS X 10_13_2) AppleWebKit/537.36 (KHTML, like Gecko) Chrome/63.0.3239.132 Safari/537.36"
186.50.36.59 - - [22/Jan/2018:13:29:24 +0000] "GET /i/logos/100/ptitdrogo.png HTTP/1.1" 404 12432 "http://www.bet-esport.com/" "Mozilla/5.0 (Macintosh; Intel Mac OS X 10_13_2) AppleWebKit/537.36 (KHTML, like Gecko) Chrome/63.0.3239.132 Safari/537.36"
186.50.36.59 - - [22/Jan/2018:13:29:24 +0000] "GET /i/logos/100/nerchio.png HTTP/1.1" 404 12430 "http://www.bet-esport.com/" "Mozilla/5.0 (Macintosh; Intel Mac OS X 10_13_2) AppleWebKit/537.36 (KHTML, like Gecko) Chrome/63.0.3239.132 Safari/537.36"
186.50.36.59 - - [22/Jan/2018:13:29:24 +0000] "GET /i/logos/100/harstem.png HTTP/1.1" 404 12430 "http://www.bet-esport.com/" "Mozilla/5.0 (Macintosh; Intel Mac OS X 10_13_2) AppleWebKit/537.36 (KHTML, like Gecko) Chrome/63.0.3239.132 Safari/537.36"
186.50.36.59 - - [22/Jan/2018:13:29:24 +0000] "GET /i/logos/100/serral.png HTTP/1.1" 404 12429 "http://www.bet-esport.com/" "Mozilla/5.0 (Macintosh; Intel Mac OS X 10_13_2) AppleWebKit/537.36 (KHTML, like Gecko) Chrome/63.0.3239.132 Safari/537.36"
186.50.36.59 - - [22/Jan/2018:13:29:24 +0000] "GET /i/logos/100/los-angeles-gladiators.png HTTP/1.1" 404 12445 "http://www.bet-esport.com/" "Mozilla/5.0 (Macintosh; Intel Mac OS X 10_13_2) AppleWebKit/537.36 (KHTML, like Gecko) Chrome/63.0.3239.132 Safari/537.36"
186.50.36.59 - - [22/Jan/2018:13:29:24 +0000] "GET /i/logos/100/shanghai-dragons.png HTTP/1.1" 404 12439 "http://www.bet-esport.com/" "Mozilla/5.0 (Macintosh; Intel Mac OS X 10_13_2) AppleWebKit/537.36 (KHTML, like Gecko) Chrome/63.0.3239.132 Safari/537.36"
186.50.36.59 - - [22/Jan/2018:13:29:24 +0000] "GET /i/logos/100/true.png HTTP/1.1" 404 12427 "http://www.bet-esport.com/" "Mozilla/5.0 (Macintosh; Intel Mac OS X 10_13_2) AppleWebKit/537.36 (KHTML, like Gecko) Chrome/63.0.3239.132 Safari/537.36"
186.50.36.59 - - [22/Jan/2018:13:29:24 +0000] "GET /i/logos/100/namshar.png HTTP/1.1" 404 12430 "http://www.bet-esport.com/" "Mozilla/5.0 (Macintosh; Intel Mac OS X 10_13_2) AppleWebKit/537.36 (KHTML, like Gecko) Chrome/63.0.3239.132 Safari/537.36"
186.50.36.59 - - [22/Jan/2018:13:29:24 +0000] "GET /i/logos/100/creator.png HTTP/1.1" 404 12430 "http://www.bet-esport.com/" "Mozilla/5.0 (Macintosh; Intel Mac OS X 10_13_2) AppleWebKit/537.36 (KHTML, like Gecko) Chrome/63.0.3239.132 Safari/537.36"
186.50.36.59 - - [22/Jan/2018:13:29:29 +0000] "GET /dota-2-matches HTTP/1.1" 301 287 "http://www.bet-esport.com/" "Mozilla/5.0 (Macintosh; Intel Mac OS X 10_13_2) AppleWebKit/537.36 (KHTML, like Gecko) Chrome/63.0.3239.132 Safari/537.36"
186.50.36.59 - - [22/Jan/2018:13:29:29 +0000] "GET /dota-2-matches/ HTTP/1.1" 200 6302 "http://www.bet-esport.com/" "Mozilla/5.0 (Macintosh; Intel Mac OS X 10_13_2) AppleWebKit/537.36 (KHTML, like Gecko) Chrome/63.0.3239.132 Safari/537.36"
186.50.36.59 - - [22/Jan/2018:13:29:30 +0000] "GET /i/logos/100/team-rejects.png HTTP/1.0" 404 12406 "http://www.bet-esport.com/dota-2-matches/" "Mozilla/5.0 (Macintosh; Intel Mac OS X 10_13_2) AppleWebKit/537.36 (KHTML, like Gecko) Chrome/63.0.3239.132 Safari/537.36"
186.50.36.59 - - [22/Jan/2018:13:29:30 +0000] "GET /i/logos/100/cats123.png HTTP/1.0" 404 12401 "http://www.bet-esport.com/dota-2-matches/" "Mozilla/5.0 (Macintosh; Intel Mac OS X 10_13_2) AppleWebKit/537.36 (KHTML, like Gecko) Chrome/63.0.3239.132 Safari/537.36"
186.50.36.59 - - [22/Jan/2018:13:29:30 +0000] "GET /i/logos/100/planet-dog.png HTTP/1.0" 404 12404 "http://www.bet-esport.com/dota-2-matches/" "Mozilla/5.0 (Macintosh; Intel Mac OS X 10_13_2) AppleWebKit/537.36 (KHTML, like Gecko) Chrome/63.0.3239.132 Safari/537.36"
186.50.36.59 - - [22/Jan/2018:13:29:30 +0000] "GET /i/logos/100/sg-e-sports.png HTTP/1.0" 404 12405 "http://www.bet-esport.com/dota-2-matches/" "Mozilla/5.0 (Macintosh; Intel Mac OS X 10_13_2) AppleWebKit/537.36 (KHTML, like Gecko) Chrome/63.0.3239.132 Safari/537.36"
186.50.36.59 - - [22/Jan/2018:13:29:30 +0000] "GET /i/logos/100/komanda.png HTTP/1.1" 404 12430 "http://www.bet-esport.com/dota-2-matches/" "Mozilla/5.0 (Macintosh; Intel Mac OS X 10_13_2) AppleWebKit/537.36 (KHTML, like Gecko) Chrome/63.0.3239.132 Safari/537.36"
186.50.36.59 - - [22/Jan/2018:13:29:31 +0000] "GET /i/logos/100/radiant.png HTTP/1.0" 404 12401 "http://www.bet-esport.com/dota-2-matches/" "Mozilla/5.0 (Macintosh; Intel Mac OS X 10_13_2) AppleWebKit/537.36 (KHTML, like Gecko) Chrome/63.0.3239.132 Safari/537.36"
186.50.36.59 - - [22/Jan/2018:13:29:33 +0000] "GET /cs-go-matches HTTP/1.1" 301 286 "http://www.bet-esport.com/" "Mozilla/5.0 (Macintosh; Intel Mac OS X 10_13_2) AppleWebKit/537.36 (KHTML, like Gecko) Chrome/63.0.3239.132 Safari/537.36"
186.50.36.59 - - [22/Jan/2018:13:29:33 +0000] "GET /cs-go-matches/ HTTP/1.1" 200 6099 "http://www.bet-esport.com/" "Mozilla/5.0 (Macintosh; Intel Mac OS X 10_13_2) AppleWebKit/537.36 (KHTML, like Gecko) Chrome/63.0.3239.132 Safari/537.36"
45.77.4.48 - - [22/Jan/2018:13:30:01 +0000] "GET /autopost-tournament/ HTTP/1.1" 200 2714 "-" "curl/7.38.0"
186.50.36.59 - - [22/Jan/2018:13:30:07 +0000] "GET /cs-go-matches/ HTTP/1.0" 200 6190 "http://www.bet-esport.com/" "Mozilla/5.0 (Macintosh; Intel Mac OS X 10_13_2) AppleWebKit/537.36 (KHTML, like Gecko) Chrome/63.0.3239.132 Safari/537.36"
66.249.79.5 - - [22/Jan/2018:13:30:07 +0000] "GET /sitemap.xml HTTP/1.1" 200 906 "-" "Mozilla/5.0 (compatible; Googlebot/2.1; +http://www.google.com/bot.html)"
45.77.4.48 - - [22/Jan/2018:13:30:07 +0000] "POST /wp-cron.php?doing_wp_cron=1516627807.1622929573059082031250 HTTP/1.0" 200 238 "http://www.bet-esport.com/wp-cron.php?doing_wp_cron=1516627807.1622929573059082031250" "WordPress/4.9.2; http://www.bet-esport.com"
186.50.36.59 - - [22/Jan/2018:13:30:07 +0000] "GET /overwatch-matches HTTP/1.1" 301 290 "http://www.bet-esport.com/" "Mozilla/5.0 (Macintosh; Intel Mac OS X 10_13_2) AppleWebKit/537.36 (KHTML, like Gecko) Chrome/63.0.3239.132 Safari/537.36"
186.50.36.59 - - [22/Jan/2018:13:30:07 +0000] "GET /league-of-legends-matches HTTP/1.1" 301 298 "http://www.bet-esport.com/" "Mozilla/5.0 (Macintosh; Intel Mac OS X 10_13_2) AppleWebKit/537.36 (KHTML, like Gecko) Chrome/63.0.3239.132 Safari/537.36"
186.50.36.59 - - [22/Jan/2018:13:30:08 +0000] "GET /overwatch-matches/ HTTP/1.1" 200 5249 "http://www.bet-esport.com/" "Mozilla/5.0 (Macintosh; Intel Mac OS X 10_13_2) AppleWebKit/537.36 (KHTML, like Gecko) Chrome/63.0.3239.132 Safari/537.36"
186.50.36.59 - - [22/Jan/2018:13:30:08 +0000] "GET /league-of-legends-matches/ HTTP/1.1" 200 8933 "http://www.bet-esport.com/" "Mozilla/5.0 (Macintosh; Intel Mac OS X 10_13_2) AppleWebKit/537.36 (KHTML, like Gecko) Chrome/63.0.3239.132 Safari/537.36"
186.50.36.59 - - [22/Jan/2018:13:30:08 +0000] "GET /i/logos/100/stifmeister.png HTTP/1.1" 404 12434 "http://www.bet-esport.com/cs-go-matches/" "Mozilla/5.0 (Macintosh; Intel Mac OS X 10_13_2) AppleWebKit/537.36 (KHTML, like Gecko) Chrome/63.0.3239.132 Safari/537.36"
66.249.79.5 - - [22/Jan/2018:13:30:08 +0000] "GET /sitemap-pt-match-2018-01.xml HTTP/1.1" 200 689 "-" "Mozilla/5.0 (compatible; Googlebot/2.1; +http://www.google.com/bot.html)"
186.50.36.59 - - [22/Jan/2018:13:30:08 +0000] "GET /i/logos/100/spirit.png HTTP/1.0" 404 12400 "http://www.bet-esport.com/cs-go-matches/" "Mozilla/5.0 (Macintosh; Intel Mac OS X 10_13_2) AppleWebKit/537.36 (KHTML, like Gecko) Chrome/63.0.3239.132 Safari/537.36"
186.50.36.59 - - [22/Jan/2018:13:30:08 +0000] "GET /i/logos/100/asterion.png HTTP/1.0" 404 12402 "http://www.bet-esport.com/cs-go-matches/" "Mozilla/5.0 (Macintosh; Intel Mac OS X 10_13_2) AppleWebKit/537.36 (KHTML, like Gecko) Chrome/63.0.3239.132 Safari/537.36"
186.50.36.59 - - [22/Jan/2018:13:30:08 +0000] "GET /i/logos/100/order.png HTTP/1.0" 404 12399 "http://www.bet-esport.com/cs-go-matches/" "Mozilla/5.0 (Macintosh; Intel Mac OS X 10_13_2) AppleWebKit/537.36 (KHTML, like Gecko) Chrome/63.0.3239.132 Safari/537.36"
186.50.36.59 - - [22/Jan/2018:13:30:08 +0000] "GET /i/logos/100/shanghai-dragons.png HTTP/1.0" 404 12410 "http://www.bet-esport.com/overwatch-matches/" "Mozilla/5.0 (Macintosh; Intel Mac OS X 10_13_2) AppleWebKit/537.36 (KHTML, like Gecko) Chrome/63.0.3239.132 Safari/537.36"
186.50.36.59 - - [22/Jan/2018:13:30:08 +0000] "GET /i/logos/100/los-angeles-gladiators.png HTTP/1.0" 404 12416 "http://www.bet-esport.com/overwatch-matches/" "Mozilla/5.0 (Macintosh; Intel Mac OS X 10_13_2) AppleWebKit/537.36 (KHTML, like Gecko) Chrome/63.0.3239.132 Safari/537.36"
186.50.36.59 - - [22/Jan/2018:13:30:08 +0000] "GET /i/logos/100/team-aurora.png HTTP/1.0" 404 12405 "http://www.bet-esport.com/league-of-legends-matches/" "Mozilla/5.0 (Macintosh; Intel Mac OS X 10_13_2) AppleWebKit/537.36 (KHTML, like Gecko) Chrome/63.0.3239.132 Safari/537.36"
186.50.36.59 - - [22/Jan/2018:13:30:08 +0000] "GET /i/logos/100/hwa-gaming.png HTTP/1.0" 404 12404 "http://www.bet-esport.com/league-of-legends-matches/" "Mozilla/5.0 (Macintosh; Intel Mac OS X 10_13_2) AppleWebKit/537.36 (KHTML, like Gecko) Chrome/63.0.3239.132 Safari/537.36"
186.50.36.59 - - [22/Jan/2018:13:30:08 +0000] "GET /i/logos/100/bausupermassive.png HTTP/1.0" 404 12409 "http://www.bet-esport.com/league-of-legends-matches/" "Mozilla/5.0 (Macintosh; Intel Mac OS X 10_13_2) AppleWebKit/537.36 (KHTML, like Gecko) Chrome/63.0.3239.132 Safari/537.36"
186.50.36.59 - - [22/Jan/2018:13:30:09 +0000] "GET /i/logos/100/galakticos.png HTTP/1.0" 404 12404 "http://www.bet-esport.com/league-of-legends-matches/" "Mozilla/5.0 (Macintosh; Intel Mac OS X 10_13_2) AppleWebKit/537.36 (KHTML, like Gecko) Chrome/63.0.3239.132 Safari/537.36"
186.50.36.59 - - [22/Jan/2018:13:30:09 +0000] "GET /i/logos/100/youthcrew.png HTTP/1.0" 404 12403 "http://www.bet-esport.com/league-of-legends-matches/" "Mozilla/5.0 (Macintosh; Intel Mac OS X 10_13_2) AppleWebKit/537.36 (KHTML, like Gecko) Chrome/63.0.3239.132 Safari/537.36"
186.50.36.59 - - [22/Jan/2018:13:30:09 +0000] "GET /i/logos/100/royal-bandits.png HTTP/1.0" 404 12407 "http://www.bet-esport.com/league-of-legends-matches/" "Mozilla/5.0 (Macintosh; Intel Mac OS X 10_13_2) AppleWebKit/537.36 (KHTML, like Gecko) Chrome/63.0.3239.132 Safari/537.36"
186.50.36.59 - - [22/Jan/2018:13:30:09 +0000] "GET /i/logos/100/1907-fenerbahce.png HTTP/1.0" 404 12409 "http://www.bet-esport.com/league-of-legends-matches/" "Mozilla/5.0 (Macintosh; Intel Mac OS X 10_13_2) AppleWebKit/537.36 (KHTML, like Gecko) Chrome/63.0.3239.132 Safari/537.36"
186.50.36.59 - - [22/Jan/2018:13:30:09 +0000] "GET /i/logos/100/dark-passage.png HTTP/1.0" 404 12406 "http://www.bet-esport.com/league-of-legends-matches/" "Mozilla/5.0 (Macintosh; Intel Mac OS X 10_13_2) AppleWebKit/537.36 (KHTML, like Gecko) Chrome/63.0.3239.132 Safari/537.36"
186.50.36.59 - - [22/Jan/2018:13:30:09 +0000] "GET /i/logos/100/team-mvp.png HTTP/1.1" 404 12431 "http://www.bet-esport.com/league-of-legends-matches/" "Mozilla/5.0 (Macintosh; Intel Mac OS X 10_13_2) AppleWebKit/537.36 (KHTML, like Gecko) Chrome/63.0.3239.132 Safari/537.36"
186.50.36.59 - - [22/Jan/2018:13:30:09 +0000] "GET /i/logos/100/kingzone-dragonx.png HTTP/1.1" 404 12439 "http://www.bet-esport.com/league-of-legends-matches/" "Mozilla/5.0 (Macintosh; Intel Mac OS X 10_13_2) AppleWebKit/537.36 (KHTML, like Gecko) Chrome/63.0.3239.132 Safari/537.36"
186.50.36.59 - - [22/Jan/2018:13:30:09 +0000] "GET /i/logos/100/ksv-esports.png HTTP/1.1" 404 12434 "http://www.bet-esport.com/league-of-legends-matches/" "Mozilla/5.0 (Macintosh; Intel Mac OS X 10_13_2) AppleWebKit/537.36 (KHTML, like Gecko) Chrome/63.0.3239.132 Safari/537.36"
186.50.36.59 - - [22/Jan/2018:13:30:10 +0000] "GET /i/logos/100/world-elite.png HTTP/1.1" 404 12434 "http://www.bet-esport.com/league-of-legends-matches/" "Mozilla/5.0 (Macintosh; Intel Mac OS X 10_13_2) AppleWebKit/537.36 (KHTML, like Gecko) Chrome/63.0.3239.132 Safari/537.36"
186.50.36.59 - - [22/Jan/2018:13:30:10 +0000] "GET /i/logos/100/bilibili-gaming.png HTTP/1.1" 404 12438 "http://www.bet-esport.com/league-of-legends-matches/" "Mozilla/5.0 (Macintosh; Intel Mac OS X 10_13_2) AppleWebKit/537.36 (KHTML, like Gecko) Chrome/63.0.3239.132 Safari/537.36"
186.50.36.59 - - [22/Jan/2018:13:30:10 +0000] "GET /i/logos/100/omg.png HTTP/1.1" 404 12426 "http://www.bet-esport.com/league-of-legends-matches/" "Mozilla/5.0 (Macintosh; Intel Mac OS X 10_13_2) AppleWebKit/537.36 (KHTML, like Gecko) Chrome/63.0.3239.132 Safari/537.36"
186.50.36.59 - - [22/Jan/2018:13:30:10 +0000] "GET /i/logos/100/hk-attitude.png HTTP/1.1" 404 12434 "http://www.bet-esport.com/league-of-legends-matches/" "Mozilla/5.0 (Macintosh; Intel Mac OS X 10_13_2) AppleWebKit/537.36 (KHTML, like Gecko) Chrome/63.0.3239.132 Safari/537.36"
186.50.36.59 - - [22/Jan/2018:13:30:10 +0000] "GET /i/logos/100/team-afro.png HTTP/1.0" 404 12403 "http://www.bet-esport.com/league-of-legends-matches/" "Mozilla/5.0 (Macintosh; Intel Mac OS X 10_13_2) AppleWebKit/537.36 (KHTML, like Gecko) Chrome/63.0.3239.132 Safari/537.36"
186.50.36.59 - - [22/Jan/2018:13:30:10 +0000] "GET /i/logos/100/g-rex.png HTTP/1.0" 404 12399 "http://www.bet-esport.com/league-of-legends-matches/" "Mozilla/5.0 (Macintosh; Intel Mac OS X 10_13_2) AppleWebKit/537.36 (KHTML, like Gecko) Chrome/63.0.3239.132 Safari/537.36"
186.50.36.59 - - [22/Jan/2018:13:30:10 +0000] "GET /i/logos/100/mad-team.png HTTP/1.0" 404 12402 "http://www.bet-esport.com/league-of-legends-matches/" "Mozilla/5.0 (Macintosh; Intel Mac OS X 10_13_2) AppleWebKit/537.36 (KHTML, like Gecko) Chrome/63.0.3239.132 Safari/537.36"
186.50.36.59 - - [22/Jan/2018:13:30:10 +0000] "GET /i/logos/100/ahq.png HTTP/1.1" 404 12426 "http://www.bet-esport.com/league-of-legends-matches/" "Mozilla/5.0 (Macintosh; Intel Mac OS X 10_13_2) AppleWebKit/537.36 (KHTML, like Gecko) Chrome/63.0.3239.132 Safari/537.36"
186.50.36.59 - - [22/Jan/2018:13:30:10 +0000] "GET /i/logos/100/vitality.png HTTP/1.1" 404 12431 "http://www.bet-esport.com/league-of-legends-matches/" "Mozilla/5.0 (Macintosh; Intel Mac OS X 10_13_2) AppleWebKit/537.36 (KHTML, like Gecko) Chrome/63.0.3239.132 Safari/537.36"
186.50.36.59 - - [22/Jan/2018:13:30:11 +0000] "GET /i/logos/100/schalke.png HTTP/1.1" 404 12430 "http://www.bet-esport.com/league-of-legends-matches/" "Mozilla/5.0 (Macintosh; Intel Mac OS X 10_13_2) AppleWebKit/537.36 (KHTML, like Gecko) Chrome/63.0.3239.132 Safari/537.36"
186.50.36.59 - - [22/Jan/2018:13:30:11 +0000] "GET /i/logos/100/the-chiefs-esports-club.png HTTP/1.1" 404 12446 "http://www.bet-esport.com/league-of-legends-matches/" "Mozilla/5.0 (Macintosh; Intel Mac OS X 10_13_2) AppleWebKit/537.36 (KHTML, like Gecko) Chrome/63.0.3239.132 Safari/537.36"
186.50.36.59 - - [22/Jan/2018:13:30:11 +0000] "GET /i/logos/100/6sense.png HTTP/1.1" 404 12429 "http://www.bet-esport.com/league-of-legends-matches/" "Mozilla/5.0 (Macintosh; Intel Mac OS X 10_13_2) AppleWebKit/537.36 (KHTML, like Gecko) Chrome/63.0.3239.132 Safari/537.36"
186.50.36.59 - - [22/Jan/2018:13:30:11 +0000] "GET /i/logos/100/rainbow7.png HTTP/1.1" 404 12431 "http://www.bet-esport.com/league-of-legends-matches/" "Mozilla/5.0 (Macintosh; Intel Mac OS X 10_13_2) AppleWebKit/537.36 (KHTML, like Gecko) Chrome/63.0.3239.132 Safari/537.36"
186.50.36.59 - - [22/Jan/2018:13:30:11 +0000] "GET /i/logos/100/dash9-gaming.png HTTP/1.1" 404 12435 "http://www.bet-esport.com/league-of-legends-matches/" "Mozilla/5.0 (Macintosh; Intel Mac OS X 10_13_2) AppleWebKit/537.36 (KHTML, like Gecko) Chrome/63.0.3239.132 Safari/537.36"
186.50.36.59 - - [22/Jan/2018:13:30:11 +0000] "GET /i/logos/100/zaga-talent.png HTTP/1.1" 404 12434 "http://www.bet-esport.com/league-of-legends-matches/" "Mozilla/5.0 (Macintosh; Intel Mac OS X 10_13_2) AppleWebKit/537.36 (KHTML, like Gecko) Chrome/63.0.3239.132 Safari/537.36"
186.50.36.59 - - [22/Jan/2018:13:30:11 +0000] "GET /i/logos/100/gaming-gaming.png HTTP/1.1" 404 12436 "http://www.bet-esport.com/league-of-legends-matches/" "Mozilla/5.0 (Macintosh; Intel Mac OS X 10_13_2) AppleWebKit/537.36 (KHTML, like Gecko) Chrome/63.0.3239.132 Safari/537.36"
186.50.36.59 - - [22/Jan/2018:13:30:11 +0000] "GET /i/logos/100/infinity-esports.png HTTP/1.1" 404 12439 "http://www.bet-esport.com/league-of-legends-matches/" "Mozilla/5.0 (Macintosh; Intel Mac OS X 10_13_2) AppleWebKit/537.36 (KHTML, like Gecko) Chrome/63.0.3239.132 Safari/537.36"
186.50.36.59 - - [22/Jan/2018:13:30:11 +0000] "GET /i/logos/100/predators.png HTTP/1.1" 404 12432 "http://www.bet-esport.com/league-of-legends-matches/" "Mozilla/5.0 (Macintosh; Intel Mac OS X 10_13_2) AppleWebKit/537.36 (KHTML, like Gecko) Chrome/63.0.3239.132 Safari/537.36"
186.50.36.59 - - [22/Jan/2018:13:30:11 +0000] "GET /i/logos/100/bombers.png HTTP/1.1" 404 12430 "http://www.bet-esport.com/league-of-legends-matches/" "Mozilla/5.0 (Macintosh; Intel Mac OS X 10_13_2) AppleWebKit/537.36 (KHTML, like Gecko) Chrome/63.0.3239.132 Safari/537.36"
186.50.36.59 - - [22/Jan/2018:13:30:12 +0000] "GET /i/logos/100/order.png HTTP/1.0" 404 12399 "http://www.bet-esport.com/league-of-legends-matches/" "Mozilla/5.0 (Macintosh; Intel Mac OS X 10_13_2) AppleWebKit/537.36 (KHTML, like Gecko) Chrome/63.0.3239.132 Safari/537.36"
186.50.36.59 - - [22/Jan/2018:13:30:12 +0000] "GET /i/logos/100/avant-garde.png HTTP/1.1" 404 12434 "http://www.bet-esport.com/league-of-legends-matches/" "Mozilla/5.0 (Macintosh; Intel Mac OS X 10_13_2) AppleWebKit/537.36 (KHTML, like Gecko) Chrome/63.0.3239.132 Safari/537.36"
186.50.36.59 - - [22/Jan/2018:13:30:12 +0000] "GET /i/logos/100/tectonic.png HTTP/1.1" 404 12431 "http://www.bet-esport.com/league-of-legends-matches/" "Mozilla/5.0 (Macintosh; Intel Mac OS X 10_13_2) AppleWebKit/537.36 (KHTML, like Gecko) Chrome/63.0.3239.132 Safari/537.36"
45.77.4.48 - - [22/Jan/2018:13:31:23 +0000] "POST /wp-cron.php?doing_wp_cron=1516627883.0814399719238281250000 HTTP/1.0" 200 238 "http://www.bet-esport.com/wp-cron.php?doing_wp_cron=1516627883.0814399719238281250000" "WordPress/4.9.2; http://www.bet-esport.com"
192.0.102.40 - - [22/Jan/2018:13:31:23 +0000] "GET / HTTP/1.1" 200 7823 "-" "jetmon/1.0 (Jetpack Site Uptime Monitor by WordPress.com)"
66.249.79.5 - - [22/Jan/2018:13:35:00 +0000] "GET /sitemap-pt-match-2017-09.xml HTTP/1.1" 200 687 "-" "Mozilla/5.0 (compatible; Googlebot/2.1; +http://www.google.com/bot.html)"
45.77.4.48 - - [22/Jan/2018:13:35:01 +0000] "GET /autopost-tournament/ HTTP/1.1" 200 2723 "-" "curl/7.38.0"
192.0.102.40 - - [22/Jan/2018:13:35:15 +0000] "GET / HTTP/1.1" 200 7823 "-" "jetmon/1.0 (Jetpack Site Uptime Monitor by WordPress.com)"
45.77.4.48 - - [22/Jan/2018:13:38:00 +0000] "POST /wp-cron.php?doing_wp_cron=1516628280.5065140724182128906250 HTTP/1.0" 200 238 "http://www.bet-esport.com/wp-cron.php?doing_wp_cron=1516628280.5065140724182128906250" "WordPress/4.9.2; http://www.bet-esport.com"
5.45.207.12 - - [22/Jan/2018:13:38:00 +0000] "GET /match/bet-fnatic-vs-virtus-pro-esports-championship-series-11-21-2017/ HTTP/1.1" 404 12477 "-" "Mozilla/5.0 (compatible; YandexBot/3.0; +http://yandex.com/bots)"
87.250.224.113 - - [22/Jan/2018:13:38:27 +0000] "GET /tag/district-7/ HTTP/1.1" 200 4226 "-" "Mozilla/5.0 (compatible; YandexBot/3.0; +http://yandex.com/bots)"
45.77.4.48 - - [22/Jan/2018:13:40:01 +0000] "GET /autopost-tournament/ HTTP/1.1" 200 2728 "-" "curl/7.38.0"
192.0.102.40 - - [22/Jan/2018:13:40:13 +0000] "GET / HTTP/1.1" 200 7823 "-" "jetmon/1.0 (Jetpack Site Uptime Monitor by WordPress.com)"
45.77.4.48 - - [22/Jan/2018:13:44:49 +0000] "POST /wp-cron.php?doing_wp_cron=1516628689.0450680255889892578125 HTTP/1.0" 200 238 "http://www.bet-esport.com/wp-cron.php?doing_wp_cron=1516628689.0450680255889892578125" "WordPress/4.9.2; http://www.bet-esport.com"
178.154.171.39 - - [22/Jan/2018:13:44:48 +0000] "GET /tag/100-thieves-academy/ HTTP/1.1" 200 4232 "-" "Mozilla/5.0 (compatible; YandexBot/3.0; +http://yandex.com/bots)"
45.77.4.48 - - [22/Jan/2018:13:45:01 +0000] "GET /autopost-tournament/ HTTP/1.1" 200 2698 "-" "curl/7.38.0"
5.45.207.12 - - [22/Jan/2018:13:45:05 +0000] "GET /tag/golden-guardians-academy/ HTTP/1.1" 200 4236 "-" "Mozilla/5.0 (compatible; YandexBot/3.0; +http://yandex.com/bots)"
192.0.102.40 - - [22/Jan/2018:13:46:13 +0000] "GET / HTTP/1.1" 200 7823 "-" "jetmon/1.0 (Jetpack Site Uptime Monitor by WordPress.com)"
45.77.4.48 - - [22/Jan/2018:13:46:44 +0000] "POST /wp-cron.php?doing_wp_cron=1516628804.8153409957885742187500 HTTP/1.0" 200 238 "http://www.bet-esport.com/wp-cron.php?doing_wp_cron=1516628804.8153409957885742187500" "WordPress/4.9.2; http://www.bet-esport.com"
157.55.39.88 - - [22/Jan/2018:13:46:44 +0000] "GET /sitemap-pt-page-2015-06.xml HTTP/1.1" 200 687 "-" "Mozilla/5.0 (compatible; bingbot/2.0; +http://www.bing.com/bingbot.htm)"
45.77.4.48 - - [22/Jan/2018:13:50:01 +0000] "GET /autopost-tournament/ HTTP/1.1" 200 2726 "-" "curl/7.38.0"
192.0.102.40 - - [22/Jan/2018:13:50:08 +0000] "GET / HTTP/1.1" 200 7823 "-" "jetmon/1.0 (Jetpack Site Uptime Monitor by WordPress.com)"
186.50.36.59 - - [22/Jan/2018:13:50:41 +0000] "GET /favicon.ico HTTP/1.1" 200 219 "http://www.bet-esport.com/test.html" "Mozilla/5.0 (Macintosh; Intel Mac OS X 10_13_2) AppleWebKit/537.36 (KHTML, like Gecko) Chrome/63.0.3239.132 Safari/537.36"
66.249.88.59 - - [22/Jan/2018:13:51:20 +0000] "GET / HTTP/1.0" 200 7842 "-" "Mozilla/5.0 (X11; Linux x86_64) AppleWebKit/537.36 (KHTML, like Gecko) Chrome/49.0.2623.75 Safari/537.36 Google Favicon"
