45.77.4.48 - - [21/Jan/2018:14:05:02 +0000] "POST /wp-cron.php?doing_wp_cron=1516543502.0228660106658935546875 HTTP/1.0" 200 238 "http://www.bet-esport.com/wp-cron.php?doing_wp_cron=1516543502.0228660106658935546875" "WordPress/4.9.2; http://www.bet-esport.com"
45.77.4.48 - - [21/Jan/2018:14:05:01 +0000] "GET /autopost-tournament/ HTTP/1.1" 200 2581 "-" "curl/7.38.0"
192.0.102.40 - - [21/Jan/2018:14:05:37 +0000] "GET / HTTP/1.1" 200 9062 "-" "jetmon/1.0 (Jetpack Site Uptime Monitor by WordPress.com)"
45.77.4.48 - - [21/Jan/2018:14:10:01 +0000] "POST /wp-cron.php?doing_wp_cron=1516543801.5607581138610839843750 HTTP/1.0" 200 238 "http://www.bet-esport.com/wp-cron.php?doing_wp_cron=1516543801.5607581138610839843750" "WordPress/4.9.2; http://www.bet-esport.com"
45.77.4.48 - - [21/Jan/2018:14:10:01 +0000] "GET /autopost-tournament/ HTTP/1.1" 200 2548 "-" "curl/7.38.0"
192.0.102.40 - - [21/Jan/2018:14:10:03 +0000] "GET / HTTP/1.1" 200 9062 "-" "jetmon/1.0 (Jetpack Site Uptime Monitor by WordPress.com)"
45.77.4.48 - - [21/Jan/2018:14:15:01 +0000] "POST /wp-cron.php?doing_wp_cron=1516544101.5776669979095458984375 HTTP/1.0" 200 238 "http://www.bet-esport.com/wp-cron.php?doing_wp_cron=1516544101.5776669979095458984375" "WordPress/4.9.2; http://www.bet-esport.com"
45.77.4.48 - - [21/Jan/2018:14:15:01 +0000] "GET /autopost-tournament/ HTTP/1.1" 200 2565 "-" "curl/7.38.0"
192.0.102.40 - - [21/Jan/2018:14:15:07 +0000] "GET / HTTP/1.1" 200 9062 "-" "jetmon/1.0 (Jetpack Site Uptime Monitor by WordPress.com)"
45.77.4.48 - - [21/Jan/2018:14:20:01 +0000] "POST /wp-cron.php?doing_wp_cron=1516544401.6363151073455810546875 HTTP/1.0" 200 238 "http://www.bet-esport.com/wp-cron.php?doing_wp_cron=1516544401.6363151073455810546875" "WordPress/4.9.2; http://www.bet-esport.com"
45.77.4.48 - - [21/Jan/2018:14:20:01 +0000] "GET /autopost-tournament/ HTTP/1.1" 200 2553 "-" "curl/7.38.0"
192.0.102.40 - - [21/Jan/2018:14:20:08 +0000] "GET / HTTP/1.1" 200 9062 "-" "jetmon/1.0 (Jetpack Site Uptime Monitor by WordPress.com)"
45.77.4.48 - - [21/Jan/2018:14:24:17 +0000] "POST /wp-cron.php?doing_wp_cron=1516544657.1092050075531005859375 HTTP/1.0" 200 238 "http://www.bet-esport.com/wp-cron.php?doing_wp_cron=1516544657.1092050075531005859375" "WordPress/4.9.2; http://www.bet-esport.com"
180.76.15.14 - - [21/Jan/2018:14:24:17 +0000] "GET /match/bet-kinguin-vs-extatus-x-bet-co-invitational-01-21-2018/ HTTP/1.1" 200 6577 "-" "Mozilla/5.0 (compatible; Baiduspider/2.0; +http://www.baidu.com/search/spider.html)"
45.77.4.48 - - [21/Jan/2018:14:25:01 +0000] "GET /autopost-tournament/ HTTP/1.1" 200 2537 "-" "curl/7.38.0"
192.0.102.40 - - [21/Jan/2018:14:25:09 +0000] "GET / HTTP/1.1" 200 9062 "-" "jetmon/1.0 (Jetpack Site Uptime Monitor by WordPress.com)"
45.77.4.48 - - [21/Jan/2018:14:30:01 +0000] "POST /wp-cron.php?doing_wp_cron=1516545001.6054430007934570312500 HTTP/1.0" 200 238 "http://www.bet-esport.com/wp-cron.php?doing_wp_cron=1516545001.6054430007934570312500" "WordPress/4.9.2; http://www.bet-esport.com"
45.77.4.48 - - [21/Jan/2018:14:30:01 +0000] "GET /autopost-tournament/ HTTP/1.1" 200 2541 "-" "curl/7.38.0"
192.0.102.40 - - [21/Jan/2018:14:30:09 +0000] "GET / HTTP/1.1" 200 9066 "-" "jetmon/1.0 (Jetpack Site Uptime Monitor by WordPress.com)"
45.77.4.48 - - [21/Jan/2018:14:31:41 +0000] "POST /wp-cron.php?doing_wp_cron=1516545101.8322379589080810546875 HTTP/1.0" 200 238 "http://www.bet-esport.com/wp-cron.php?doing_wp_cron=1516545101.8322379589080810546875" "WordPress/4.9.2; http://www.bet-esport.com"
5.45.207.12 - - [21/Jan/2018:14:31:41 +0000] "GET /match/bet-snute-vs-lambo-warditv-12-20-2017/ HTTP/1.1" 404 12450 "-" "Mozilla/5.0 (compatible; YandexBot/3.0; +http://yandex.com/bots)"
5.45.207.12 - - [21/Jan/2018:14:31:45 +0000] "GET /match/bet-animal-planet-vs-vgj-storm-sl-i-league-invitational-01-10-2018/ HTTP/1.1" 404 12480 "-" "Mozilla/5.0 (compatible; YandexBot/3.0; +http://yandex.com/bots)"
45.77.4.48 - - [21/Jan/2018:14:35:01 +0000] "GET /autopost-tournament/ HTTP/1.1" 200 2470 "-" "curl/7.38.0"
192.0.102.40 - - [21/Jan/2018:14:35:06 +0000] "GET / HTTP/1.1" 200 9066 "-" "jetmon/1.0 (Jetpack Site Uptime Monitor by WordPress.com)"
45.77.4.48 - - [21/Jan/2018:14:40:01 +0000] "POST /wp-cron.php?doing_wp_cron=1516545601.9819049835205078125000 HTTP/1.0" 200 238 "http://www.bet-esport.com/wp-cron.php?doing_wp_cron=1516545601.9819049835205078125000" "WordPress/4.9.2; http://www.bet-esport.com"
45.77.4.48 - - [21/Jan/2018:14:40:01 +0000] "GET /autopost-tournament/ HTTP/1.1" 200 2456 "-" "curl/7.38.0"
192.0.102.40 - - [21/Jan/2018:14:40:06 +0000] "GET / HTTP/1.1" 200 9066 "-" "jetmon/1.0 (Jetpack Site Uptime Monitor by WordPress.com)"
45.77.4.48 - - [21/Jan/2018:14:45:02 +0000] "POST /wp-cron.php?doing_wp_cron=1516545902.0439798831939697265625 HTTP/1.0" 200 238 "http://www.bet-esport.com/wp-cron.php?doing_wp_cron=1516545902.0439798831939697265625" "WordPress/4.9.2; http://www.bet-esport.com"
45.77.4.48 - - [21/Jan/2018:14:45:02 +0000] "GET /autopost-tournament/ HTTP/1.1" 200 2474 "-" "curl/7.38.0"
45.77.4.48 - - [21/Jan/2018:14:45:10 +0000] "POST /wp-cron.php?doing_wp_cron=1516545910.6714460849761962890625 HTTP/1.0" 200 238 "http://www.bet-esport.com/wp-cron.php?doing_wp_cron=1516545910.6714460849761962890625" "WordPress/4.9.2; http://www.bet-esport.com"
66.249.79.52 - - [21/Jan/2018:14:45:11 +0000] "GET /robots.txt HTTP/1.1" 200 450 "-" "Mozilla/5.0 (compatible; Googlebot/2.1; +http://www.google.com/bot.html)"
66.249.79.49 - - [21/Jan/2018:14:45:11 +0000] "GET /sitemap.xml HTTP/1.1" 200 906 "-" "Mozilla/5.0 (compatible; Googlebot/2.1; +http://www.google.com/bot.html)"
192.0.102.40 - - [21/Jan/2018:14:45:10 +0000] "GET / HTTP/1.1" 200 9066 "-" "jetmon/1.0 (Jetpack Site Uptime Monitor by WordPress.com)"
66.249.79.55 - - [21/Jan/2018:14:45:12 +0000] "GET /sitemap-pt-match-2018-01.xml HTTP/1.1" 200 688 "-" "Mozilla/5.0 (compatible; Googlebot/2.1; +http://www.google.com/bot.html)"
45.77.4.48 - - [21/Jan/2018:14:49:46 +0000] "POST /wp-cron.php?doing_wp_cron=1516546186.5386610031127929687500 HTTP/1.0" 200 238 "http://www.bet-esport.com/wp-cron.php?doing_wp_cron=1516546186.5386610031127929687500" "WordPress/4.9.2; http://www.bet-esport.com"
87.250.224.113 - - [21/Jan/2018:14:49:46 +0000] "GET /tag/minds-eye/ HTTP/1.1" 200 4225 "-" "Mozilla/5.0 (compatible; YandexBot/3.0; +http://yandex.com/bots)"
45.77.4.48 - - [21/Jan/2018:14:50:01 +0000] "GET /autopost-tournament/ HTTP/1.1" 200 2521 "-" "curl/7.38.0"
192.0.102.40 - - [21/Jan/2018:14:50:15 +0000] "GET / HTTP/1.1" 200 9066 "-" "jetmon/1.0 (Jetpack Site Uptime Monitor by WordPress.com)"
45.77.4.48 - - [21/Jan/2018:14:55:01 +0000] "POST /wp-cron.php?doing_wp_cron=1516546501.9659841060638427734375 HTTP/1.0" 200 238 "http://www.bet-esport.com/wp-cron.php?doing_wp_cron=1516546501.9659841060638427734375" "WordPress/4.9.2; http://www.bet-esport.com"
45.77.4.48 - - [21/Jan/2018:14:55:01 +0000] "GET /autopost-tournament/ HTTP/1.1" 200 2458 "-" "curl/7.38.0"
192.0.102.40 - - [21/Jan/2018:14:55:03 +0000] "GET / HTTP/1.1" 200 9066 "-" "jetmon/1.0 (Jetpack Site Uptime Monitor by WordPress.com)"
45.77.4.48 - - [21/Jan/2018:14:57:37 +0000] "POST /wp-cron.php?doing_wp_cron=1516546657.1468129158020019531250 HTTP/1.0" 200 238 "http://www.bet-esport.com/wp-cron.php?doing_wp_cron=1516546657.1468129158020019531250" "WordPress/4.9.2; http://www.bet-esport.com"
180.76.15.159 - - [21/Jan/2018:14:57:37 +0000] "GET /match/bet-vega-squadron-vs-suicide-team99-pgl-bucharest-qualifier-01-21-2018/ HTTP/1.1" 200 6533 "-" "Mozilla/5.0 (compatible; Baiduspider/2.0; +http://www.baidu.com/search/spider.html)"
157.55.39.52 - - [21/Jan/2018:14:58:40 +0000] "GET /robots.txt HTTP/1.1" 200 454 "-" "Mozilla/5.0 (compatible; bingbot/2.0; +http://www.bing.com/bingbot.htm)"
157.55.39.52 - - [21/Jan/2018:14:58:40 +0000] "GET /robots.txt HTTP/1.0" 200 473 "-" "Mozilla/5.0 (compatible; bingbot/2.0; +http://www.bing.com/bingbot.htm)"
40.77.167.97 - - [21/Jan/2018:14:58:46 +0000] "GET /tag/golden-guardians-academy/ HTTP/1.1" 200 4250 "-" "Mozilla/5.0 (compatible; bingbot/2.0; +http://www.bing.com/bingbot.htm)"
192.0.102.40 - - [21/Jan/2018:15:00:02 +0000] "GET / HTTP/1.1" 200 9066 "-" "jetmon/1.0 (Jetpack Site Uptime Monitor by WordPress.com)"
45.77.4.48 - - [21/Jan/2018:15:00:02 +0000] "GET /autopost-tournament/ HTTP/1.1" 200 2475 "-" "curl/7.38.0"
45.77.4.48 - - [21/Jan/2018:15:05:01 +0000] "POST /wp-cron.php?doing_wp_cron=1516547101.0981829166412353515625 HTTP/1.0" 200 238 "http://www.bet-esport.com/wp-cron.php?doing_wp_cron=1516547101.0981829166412353515625" "WordPress/4.9.2; http://www.bet-esport.com"
45.77.4.48 - - [21/Jan/2018:15:05:01 +0000] "GET /autopost-tournament/ HTTP/1.1" 200 2458 "-" "curl/7.38.0"
192.0.102.40 - - [21/Jan/2018:15:05:58 +0000] "GET / HTTP/1.1" 200 9066 "-" "jetmon/1.0 (Jetpack Site Uptime Monitor by WordPress.com)"
45.77.4.48 - - [21/Jan/2018:15:10:01 +0000] "POST /wp-cron.php?doing_wp_cron=1516547401.3390219211578369140625 HTTP/1.0" 200 238 "http://www.bet-esport.com/wp-cron.php?doing_wp_cron=1516547401.3390219211578369140625" "WordPress/4.9.2; http://www.bet-esport.com"
45.77.4.48 - - [21/Jan/2018:15:10:01 +0000] "GET /autopost-tournament/ HTTP/1.1" 200 2462 "-" "curl/7.38.0"
192.0.102.40 - - [21/Jan/2018:15:10:02 +0000] "GET / HTTP/1.1" 200 9066 "-" "jetmon/1.0 (Jetpack Site Uptime Monitor by WordPress.com)"
45.77.4.48 - - [21/Jan/2018:15:14:03 +0000] "POST /wp-cron.php?doing_wp_cron=1516547643.8970599174499511718750 HTTP/1.0" 200 238 "https://www.bet-esport.com/wp-cron.php?doing_wp_cron=1516547643.8970599174499511718750" "WordPress/4.9.2; https://www.bet-esport.com"
157.55.39.88 - - [21/Jan/2018:15:14:03 +0000] "GET /sitemap-pt-page-2016-04.xml HTTP/1.1" 200 788 "-" "Mozilla/5.0 (compatible; bingbot/2.0; +http://www.bing.com/bingbot.htm)"
192.0.102.40 - - [21/Jan/2018:15:14:58 +0000] "GET / HTTP/1.1" 200 9066 "-" "jetmon/1.0 (Jetpack Site Uptime Monitor by WordPress.com)"
45.77.4.48 - - [21/Jan/2018:15:15:01 +0000] "GET /autopost-tournament/ HTTP/1.1" 200 2476 "-" "curl/7.38.0"
45.77.4.48 - - [21/Jan/2018:15:20:01 +0000] "POST /wp-cron.php?doing_wp_cron=1516548001.4369060993194580078125 HTTP/1.0" 200 238 "http://www.bet-esport.com/wp-cron.php?doing_wp_cron=1516548001.4369060993194580078125" "WordPress/4.9.2; http://www.bet-esport.com"
45.77.4.48 - - [21/Jan/2018:15:20:01 +0000] "GET /autopost-tournament/ HTTP/1.1" 200 2468 "-" "curl/7.38.0"
192.0.102.40 - - [21/Jan/2018:15:20:10 +0000] "GET / HTTP/1.1" 200 9066 "-" "jetmon/1.0 (Jetpack Site Uptime Monitor by WordPress.com)"
45.77.4.48 - - [21/Jan/2018:15:24:30 +0000] "POST /wp-cron.php?doing_wp_cron=1516548270.7089369297027587890625 HTTP/1.0" 200 238 "http://www.bet-esport.com/wp-cron.php?doing_wp_cron=1516548270.7089369297027587890625" "WordPress/4.9.2; http://www.bet-esport.com"
52.168.91.71 - - [21/Jan/2018:15:24:30 +0000] "POST /wp-login.php HTTP/1.0" 403 3285 "-" "Mozilla/5.0 (Windows NT 6.1; Win64; x64) AppleWebKit/537.36 (KHTML, like Gecko) Chrome/53.0.2785.89 Safari/537.36"
45.77.4.48 - - [21/Jan/2018:15:25:01 +0000] "GET /autopost-tournament/ HTTP/1.1" 200 2429 "-" "curl/7.38.0"
192.0.102.40 - - [21/Jan/2018:15:25:04 +0000] "GET / HTTP/1.1" 200 9066 "-" "jetmon/1.0 (Jetpack Site Uptime Monitor by WordPress.com)"
45.77.4.48 - - [21/Jan/2018:15:30:01 +0000] "POST /wp-cron.php?doing_wp_cron=1516548601.7557029724121093750000 HTTP/1.0" 200 238 "http://www.bet-esport.com/wp-cron.php?doing_wp_cron=1516548601.7557029724121093750000" "WordPress/4.9.2; http://www.bet-esport.com"
45.77.4.48 - - [21/Jan/2018:15:30:01 +0000] "GET /autopost-tournament/ HTTP/1.1" 200 2451 "-" "curl/7.38.0"
62.210.111.11 - - [21/Jan/2018:15:30:04 +0000] "GET /contact/ HTTP/1.1" 200 5074 "http://www.bet-esport.com" "Mozilla/5.0 (Windows NT 10.0; Win64; x64) AppleWebKit/537.36 (KHTML, like Gecko) Chrome/62.0.3202.94 Safari/537.36"
62.210.111.11 - - [21/Jan/2018:15:30:06 +0000] "POST /contact/ HTTP/1.0" 200 5137 "http://www.bet-esport.com" "Mozilla/5.0 (Windows NT 10.0; Win64; x64) AppleWebKit/537.36 (KHTML, like Gecko) Chrome/62.0.3202.94 Safari/537.36"
192.0.102.40 - - [21/Jan/2018:15:30:10 +0000] "GET / HTTP/1.1" 200 8996 "-" "jetmon/1.0 (Jetpack Site Uptime Monitor by WordPress.com)"
157.55.39.88 - - [21/Jan/2018:15:30:11 +0000] "GET /sitemap-pt-sp_event-2015-03.xml HTTP/1.1" 200 684 "-" "Mozilla/5.0 (compatible; bingbot/2.0; +http://www.bing.com/bingbot.htm)"
180.76.15.26 - - [21/Jan/2018:15:30:57 +0000] "GET /match/bet-kinguin-vs-enyoy-farmskins-championship-01-21-2018/ HTTP/1.1" 200 6732 "-" "Mozilla/5.0 (compatible; Baiduspider/2.0; +http://www.baidu.com/search/spider.html)"
45.77.4.48 - - [21/Jan/2018:15:35:01 +0000] "POST /wp-cron.php?doing_wp_cron=1516548901.7978830337524414062500 HTTP/1.0" 200 238 "http://www.bet-esport.com/wp-cron.php?doing_wp_cron=1516548901.7978830337524414062500" "WordPress/4.9.2; http://www.bet-esport.com"
45.77.4.48 - - [21/Jan/2018:15:35:01 +0000] "GET /autopost-tournament/ HTTP/1.1" 200 2375 "-" "curl/7.38.0"
192.0.102.40 - - [21/Jan/2018:15:35:02 +0000] "GET / HTTP/1.1" 200 8996 "-" "jetmon/1.0 (Jetpack Site Uptime Monitor by WordPress.com)"
45.77.4.48 - - [21/Jan/2018:15:39:19 +0000] "POST /wp-cron.php?doing_wp_cron=1516549159.8283619880676269531250 HTTP/1.0" 200 238 "http://www.bet-esport.com/wp-cron.php?doing_wp_cron=1516549159.8283619880676269531250" "WordPress/4.9.2; http://www.bet-esport.com"
213.180.203.20 - - [21/Jan/2018:15:39:19 +0000] "GET /autopost-tournament/bet-big-vs-envyus-dreamhack-winter-12-01-2017 HTTP/1.1" 404 12473 "-" "Mozilla/5.0 (compatible; YandexBot/3.0; +http://yandex.com/bots)"
45.77.4.48 - - [21/Jan/2018:15:40:01 +0000] "GET /autopost-tournament/ HTTP/1.1" 200 2385 "-" "curl/7.38.0"
192.0.102.40 - - [21/Jan/2018:15:40:05 +0000] "GET / HTTP/1.1" 200 8996 "-" "jetmon/1.0 (Jetpack Site Uptime Monitor by WordPress.com)"
45.77.4.48 - - [21/Jan/2018:15:43:39 +0000] "POST /wp-cron.php?doing_wp_cron=1516549419.0675311088562011718750 HTTP/1.0" 200 238 "http://www.bet-esport.com/wp-cron.php?doing_wp_cron=1516549419.0675311088562011718750" "WordPress/4.9.2; http://www.bet-esport.com"
68.180.229.176 - - [21/Jan/2018:15:43:39 +0000] "GET /robots.txt HTTP/1.1" 200 450 "-" "Mozilla/5.0 (compatible; Yahoo! Slurp; http://help.yahoo.com/help/us/ysearch/slurp)"
68.180.229.176 - - [21/Jan/2018:15:43:39 +0000] "GET /tournaments/ HTTP/1.1" 200 5999 "-" "Mozilla/5.0 (compatible; Yahoo! Slurp; http://help.yahoo.com/help/us/ysearch/slurp)"
45.77.4.48 - - [21/Jan/2018:15:45:01 +0000] "GET /autopost-tournament/ HTTP/1.1" 200 2376 "-" "curl/7.38.0"
192.0.102.40 - - [21/Jan/2018:15:45:06 +0000] "GET / HTTP/1.1" 200 8996 "-" "jetmon/1.0 (Jetpack Site Uptime Monitor by WordPress.com)"
45.77.4.48 - - [21/Jan/2018:15:50:01 +0000] "POST /wp-cron.php?doing_wp_cron=1516549801.3209440708160400390625 HTTP/1.0" 200 238 "http://www.bet-esport.com/wp-cron.php?doing_wp_cron=1516549801.3209440708160400390625" "WordPress/4.9.2; http://www.bet-esport.com"
66.249.79.49 - - [21/Jan/2018:15:50:02 +0000] "GET /sitemap.xml HTTP/1.1" 200 906 "-" "Mozilla/5.0 (compatible; Googlebot/2.1; +http://www.google.com/bot.html)"
66.249.79.52 - - [21/Jan/2018:15:50:02 +0000] "GET /robots.txt HTTP/1.1" 200 450 "-" "Mozilla/5.0 (compatible; Googlebot/2.1; +http://www.google.com/bot.html)"
45.77.4.48 - - [21/Jan/2018:15:50:01 +0000] "GET /autopost-tournament/ HTTP/1.1" 200 2379 "-" "curl/7.38.0"
192.0.102.40 - - [21/Jan/2018:15:50:08 +0000] "GET / HTTP/1.1" 200 8996 "-" "jetmon/1.0 (Jetpack Site Uptime Monitor by WordPress.com)"
45.77.4.48 - - [21/Jan/2018:15:53:41 +0000] "POST /wp-cron.php?doing_wp_cron=1516550021.4262239933013916015625 HTTP/1.0" 200 238 "http://www.bet-esport.com/wp-cron.php?doing_wp_cron=1516550021.4262239933013916015625" "WordPress/4.9.2; http://www.bet-esport.com"
157.55.39.88 - - [21/Jan/2018:15:53:41 +0000] "GET /tag/how-to-bet-on-esports/ HTTP/1.1" 200 4230 "-" "Mozilla/5.0 (compatible; bingbot/2.0; +http://www.bing.com/bingbot.htm)"
45.77.4.48 - - [21/Jan/2018:15:55:01 +0000] "GET /autopost-tournament/ HTTP/1.1" 200 2323 "-" "curl/7.38.0"
66.249.79.52 - - [21/Jan/2018:15:55:27 +0000] "GET /sitemap.xml HTTP/1.1" 200 904 "-" "Mozilla/5.0 (compatible; Googlebot/2.1; +http://www.google.com/bot.html)"
45.77.4.48 - - [21/Jan/2018:15:55:27 +0000] "POST /wp-cron.php?doing_wp_cron=1516550127.0019268989562988281250 HTTP/1.0" 200 238 "http://www.bet-esport.com/wp-cron.php?doing_wp_cron=1516550127.0019268989562988281250" "WordPress/4.9.2; http://www.bet-esport.com"
192.0.102.40 - - [21/Jan/2018:15:55:26 +0000] "GET / HTTP/1.1" 200 8996 "-" "jetmon/1.0 (Jetpack Site Uptime Monitor by WordPress.com)"
66.249.79.55 - - [21/Jan/2018:15:55:28 +0000] "GET /sitemap-pt-match-2018-01.xml HTTP/1.1" 200 688 "-" "Mozilla/5.0 (compatible; Googlebot/2.1; +http://www.google.com/bot.html)"
176.121.10.58 - - [21/Jan/2018:15:55:49 +0000] "GET / HTTP/1.1" 301 272 "-" "Mozilla/5.0 (Windows NT 6.1; WOW64) AppleWebKit/537.36 (KHTML, like Gecko) Chrome/36.0.1985.143 Safari/537.36"
176.121.10.58 - - [21/Jan/2018:15:55:55 +0000] "GET / HTTP/1.0" 200 9015 "http://bet-esport.com" "Go-http-client/1.1"
45.77.4.48 - - [21/Jan/2018:16:00:01 +0000] "POST /wp-cron.php?doing_wp_cron=1516550401.5261299610137939453125 HTTP/1.0" 200 238 "http://www.bet-esport.com/wp-cron.php?doing_wp_cron=1516550401.5261299610137939453125" "WordPress/4.9.2; http://www.bet-esport.com"
45.77.4.48 - - [21/Jan/2018:16:00:01 +0000] "GET /autopost-tournament/ HTTP/1.1" 200 2335 "-" "curl/7.38.0"
192.0.102.40 - - [21/Jan/2018:16:00:04 +0000] "GET / HTTP/1.1" 200 9036 "-" "jetmon/1.0 (Jetpack Site Uptime Monitor by WordPress.com)"
45.77.4.48 - - [21/Jan/2018:16:04:17 +0000] "POST /wp-cron.php?doing_wp_cron=1516550657.2507379055023193359375 HTTP/1.0" 200 238 "http://www.bet-esport.com/wp-cron.php?doing_wp_cron=1516550657.2507379055023193359375" "WordPress/4.9.2; http://www.bet-esport.com"
180.76.15.12 - - [21/Jan/2018:16:04:17 +0000] "GET /match/bet-kinguin-vs-windigo-farmskins-championship-01-21-2018/ HTTP/1.1" 200 6726 "-" "Mozilla/5.0 (compatible; Baiduspider/2.0; +http://www.baidu.com/search/spider.html)"
45.77.4.48 - - [21/Jan/2018:16:05:01 +0000] "GET /autopost-tournament/ HTTP/1.1" 200 2340 "-" "curl/7.38.0"
192.0.102.40 - - [21/Jan/2018:16:05:13 +0000] "GET / HTTP/1.1" 200 9036 "-" "jetmon/1.0 (Jetpack Site Uptime Monitor by WordPress.com)"
45.77.4.48 - - [21/Jan/2018:16:10:01 +0000] "POST /wp-cron.php?doing_wp_cron=1516551001.8273649215698242187500 HTTP/1.0" 200 238 "http://www.bet-esport.com/wp-cron.php?doing_wp_cron=1516551001.8273649215698242187500" "WordPress/4.9.2; http://www.bet-esport.com"
45.77.4.48 - - [21/Jan/2018:16:10:01 +0000] "GET /autopost-tournament/ HTTP/1.1" 200 2343 "-" "curl/7.38.0"
192.0.102.40 - - [21/Jan/2018:16:10:13 +0000] "GET / HTTP/1.1" 200 9036 "-" "jetmon/1.0 (Jetpack Site Uptime Monitor by WordPress.com)"
45.77.4.48 - - [21/Jan/2018:16:15:01 +0000] "POST /wp-cron.php?doing_wp_cron=1516551301.8874371051788330078125 HTTP/1.0" 200 238 "http://www.bet-esport.com/wp-cron.php?doing_wp_cron=1516551301.8874371051788330078125" "WordPress/4.9.2; http://www.bet-esport.com"
45.77.4.48 - - [21/Jan/2018:16:15:01 +0000] "GET /autopost-tournament/ HTTP/1.1" 200 2328 "-" "curl/7.38.0"
192.0.102.40 - - [21/Jan/2018:16:15:10 +0000] "GET / HTTP/1.1" 200 9036 "-" "jetmon/1.0 (Jetpack Site Uptime Monitor by WordPress.com)"
45.77.4.48 - - [21/Jan/2018:16:20:02 +0000] "POST /wp-cron.php?doing_wp_cron=1516551602.0314700603485107421875 HTTP/1.0" 200 238 "http://www.bet-esport.com/wp-cron.php?doing_wp_cron=1516551602.0314700603485107421875" "WordPress/4.9.2; http://www.bet-esport.com"
45.77.4.48 - - [21/Jan/2018:16:20:01 +0000] "GET /autopost-tournament/ HTTP/1.1" 200 2273 "-" "curl/7.38.0"
192.0.102.40 - - [21/Jan/2018:16:20:07 +0000] "GET / HTTP/1.1" 200 9036 "-" "jetmon/1.0 (Jetpack Site Uptime Monitor by WordPress.com)"
45.77.4.48 - - [21/Jan/2018:16:25:01 +0000] "POST /wp-cron.php?doing_wp_cron=1516551901.3234689235687255859375 HTTP/1.0" 200 238 "http://www.bet-esport.com/wp-cron.php?doing_wp_cron=1516551901.3234689235687255859375" "WordPress/4.9.2; http://www.bet-esport.com"
45.77.4.48 - - [21/Jan/2018:16:25:01 +0000] "GET /autopost-tournament/ HTTP/1.1" 200 2296 "-" "curl/7.38.0"
192.0.102.40 - - [21/Jan/2018:16:25:03 +0000] "GET / HTTP/1.1" 200 9036 "-" "jetmon/1.0 (Jetpack Site Uptime Monitor by WordPress.com)"
45.77.4.48 - - [21/Jan/2018:16:30:01 +0000] "POST /wp-cron.php?doing_wp_cron=1516552201.5898261070251464843750 HTTP/1.0" 200 238 "http://www.bet-esport.com/wp-cron.php?doing_wp_cron=1516552201.5898261070251464843750" "WordPress/4.9.2; http://www.bet-esport.com"
45.77.4.48 - - [21/Jan/2018:16:30:01 +0000] "GET /autopost-tournament/ HTTP/1.1" 200 2309 "-" "curl/7.38.0"
192.0.102.40 - - [21/Jan/2018:16:30:04 +0000] "GET / HTTP/1.1" 200 9014 "-" "jetmon/1.0 (Jetpack Site Uptime Monitor by WordPress.com)"
45.77.4.48 - - [21/Jan/2018:16:33:52 +0000] "POST /wp-cron.php?doing_wp_cron=1516552432.8429739475250244140625 HTTP/1.0" 200 238 "http://www.bet-esport.com/wp-cron.php?doing_wp_cron=1516552432.8429739475250244140625" "WordPress/4.9.2; http://www.bet-esport.com"
207.46.13.91 - - [21/Jan/2018:16:33:52 +0000] "GET /tag/vac-banned/ HTTP/1.1" 200 4226 "-" "Mozilla/5.0 (compatible; bingbot/2.0; +http://www.bing.com/bingbot.htm)"
45.77.4.48 - - [21/Jan/2018:16:35:01 +0000] "GET /autopost-tournament/ HTTP/1.1" 200 2247 "-" "curl/7.38.0"
192.0.102.40 - - [21/Jan/2018:16:35:14 +0000] "GET / HTTP/1.1" 200 9014 "-" "jetmon/1.0 (Jetpack Site Uptime Monitor by WordPress.com)"
45.77.4.48 - - [21/Jan/2018:16:37:37 +0000] "POST /wp-cron.php?doing_wp_cron=1516552657.2710299491882324218750 HTTP/1.0" 200 238 "http://www.bet-esport.com/wp-cron.php?doing_wp_cron=1516552657.2710299491882324218750" "WordPress/4.9.2; http://www.bet-esport.com"
180.76.15.31 - - [21/Jan/2018:16:37:37 +0000] "GET /match/bet-evil-geniuses-vs-pg-barracx-galaxy-battles-01-21-2018/ HTTP/1.1" 200 6650 "-" "Mozilla/5.0 (compatible; Baiduspider/2.0; +http://www.baidu.com/search/spider.html)"
45.77.4.48 - - [21/Jan/2018:16:40:01 +0000] "GET /autopost-tournament/ HTTP/1.1" 200 2249 "-" "curl/7.38.0"
192.0.102.40 - - [21/Jan/2018:16:40:03 +0000] "GET / HTTP/1.1" 200 9014 "-" "jetmon/1.0 (Jetpack Site Uptime Monitor by WordPress.com)"
157.55.39.88 - - [21/Jan/2018:16:40:20 +0000] "GET /sitemap-tax-category.xml HTTP/1.1" 200 826 "-" "Mozilla/5.0 (compatible; bingbot/2.0; +http://www.bing.com/bingbot.htm)"
45.77.4.48 - - [21/Jan/2018:16:41:28 +0000] "POST /wp-cron.php?doing_wp_cron=1516552888.8565869331359863281250 HTTP/1.0" 200 238 "http://www.bet-esport.com/wp-cron.php?doing_wp_cron=1516552888.8565869331359863281250" "WordPress/4.9.2; http://www.bet-esport.com"
207.46.13.91 - - [21/Jan/2018:16:41:28 +0000] "GET /sitemap-pt-match-2017-06.xml HTTP/1.1" 200 687 "-" "Mozilla/5.0 (compatible; bingbot/2.0; +http://www.bing.com/bingbot.htm)"
45.77.4.48 - - [21/Jan/2018:16:45:01 +0000] "GET /autopost-tournament/ HTTP/1.1" 200 2236 "-" "curl/7.38.0"
192.0.102.40 - - [21/Jan/2018:16:45:08 +0000] "GET / HTTP/1.1" 200 9014 "-" "jetmon/1.0 (Jetpack Site Uptime Monitor by WordPress.com)"
45.77.4.48 - - [21/Jan/2018:16:50:01 +0000] "POST /wp-cron.php?doing_wp_cron=1516553401.8017880916595458984375 HTTP/1.0" 200 238 "http://www.bet-esport.com/wp-cron.php?doing_wp_cron=1516553401.8017880916595458984375" "WordPress/4.9.2; http://www.bet-esport.com"
45.77.4.48 - - [21/Jan/2018:16:50:01 +0000] "GET /autopost-tournament/ HTTP/1.1" 200 2223 "-" "curl/7.38.0"
192.0.102.40 - - [21/Jan/2018:16:50:06 +0000] "GET / HTTP/1.1" 200 9014 "-" "jetmon/1.0 (Jetpack Site Uptime Monitor by WordPress.com)"
45.77.4.48 - - [21/Jan/2018:16:52:53 +0000] "POST /wp-cron.php?doing_wp_cron=1516553573.7512989044189453125000 HTTP/1.0" 200 238 "http://www.bet-esport.com/wp-cron.php?doing_wp_cron=1516553573.7512989044189453125000" "WordPress/4.9.2; http://www.bet-esport.com"
66.249.79.49 - - [21/Jan/2018:16:52:53 +0000] "GET /robots.txt HTTP/1.1" 200 450 "-" "Mozilla/5.0 (compatible; Googlebot/2.1; +http://www.google.com/bot.html)"
45.77.4.48 - - [21/Jan/2018:16:55:01 +0000] "GET /autopost-tournament/ HTTP/1.1" 200 2223 "-" "curl/7.38.0"
192.0.102.40 - - [21/Jan/2018:16:55:11 +0000] "GET / HTTP/1.1" 200 9014 "-" "jetmon/1.0 (Jetpack Site Uptime Monitor by WordPress.com)"
45.77.4.48 - - [21/Jan/2018:17:00:01 +0000] "POST /wp-cron.php?doing_wp_cron=1516554001.8475410938262939453125 HTTP/1.0" 200 238 "http://www.bet-esport.com/wp-cron.php?doing_wp_cron=1516554001.8475410938262939453125" "WordPress/4.9.2; http://www.bet-esport.com"
45.77.4.48 - - [21/Jan/2018:17:00:01 +0000] "GET /autopost-tournament/ HTTP/1.1" 200 2228 "-" "curl/7.38.0"
192.0.102.40 - - [21/Jan/2018:17:00:03 +0000] "GET / HTTP/1.1" 200 8391 "-" "jetmon/1.0 (Jetpack Site Uptime Monitor by WordPress.com)"
45.77.4.48 - - [21/Jan/2018:17:03:59 +0000] "POST /wp-cron.php?doing_wp_cron=1516554239.3980479240417480468750 HTTP/1.0" 200 238 "http://www.bet-esport.com/wp-cron.php?doing_wp_cron=1516554239.3980479240417480468750" "WordPress/4.9.2; http://www.bet-esport.com"
104.238.116.211 - - [21/Jan/2018:17:03:59 +0000] "POST /wp-login.php HTTP/1.0" 403 3288 "-" "Mozilla/5.0 (Windows NT 6.1; Win64; x64) AppleWebKit/537.36 (KHTML, like Gecko) Chrome/53.0.2785.89 Safari/537.36"
66.249.79.55 - - [21/Jan/2018:17:05:08 +0000] "GET /sitemap.xml HTTP/1.1" 200 906 "-" "Mozilla/5.0 (compatible; Googlebot/2.1; +http://www.google.com/bot.html)"
45.77.4.48 - - [21/Jan/2018:17:05:08 +0000] "POST /wp-cron.php?doing_wp_cron=1516554308.3605289459228515625000 HTTP/1.0" 200 238 "http://www.bet-esport.com/wp-cron.php?doing_wp_cron=1516554308.3605289459228515625000" "WordPress/4.9.2; http://www.bet-esport.com"
192.0.102.40 - - [21/Jan/2018:17:05:08 +0000] "GET / HTTP/1.1" 200 8337 "-" "jetmon/1.0 (Jetpack Site Uptime Monitor by WordPress.com)"
66.249.79.55 - - [21/Jan/2018:17:05:09 +0000] "GET /sitemap-pt-match-2018-01.xml HTTP/1.1" 200 688 "-" "Mozilla/5.0 (compatible; Googlebot/2.1; +http://www.google.com/bot.html)"
45.77.4.48 - - [21/Jan/2018:17:05:01 +0000] "GET /autopost-tournament/ HTTP/1.1" 200 2437 "-" "curl/7.38.0"
188.163.108.217 - - [21/Jan/2018:17:07:21 +0000] "GET /?author=%7Bnum:1%7D HTTP/1.1" 301 291 "http://bet-esport.com/?author=%7Bnum:1%7D" "Mozilla/4.0 (compatible; MSIE 6.0; Windows NT 5.1; SV1)"
188.163.108.217 - - [21/Jan/2018:17:07:23 +0000] "GET /?author=%7Bnum:1%7D HTTP/1.1" 200 8212 "http://www.bet-esport.com/?author=%7Bnum:1%7D" "Mozilla/4.0 (compatible; MSIE 6.0; Windows NT 5.1; SV1)"
45.77.4.48 - - [21/Jan/2018:17:07:22 +0000] "POST /wp-cron.php?doing_wp_cron=1516554442.0233221054077148437500 HTTP/1.0" 200 238 "http://www.bet-esport.com/wp-cron.php?doing_wp_cron=1516554442.0233221054077148437500" "WordPress/4.9.2; http://www.bet-esport.com"
45.77.4.48 - - [21/Jan/2018:17:10:01 +0000] "GET /autopost-tournament/ HTTP/1.1" 200 2404 "-" "curl/7.38.0"
66.249.79.49 - - [21/Jan/2018:17:10:07 +0000] "GET /sitemap.xml HTTP/1.1" 200 906 "-" "Mozilla/5.0 (compatible; Googlebot/2.1; +http://www.google.com/bot.html)"
45.77.4.48 - - [21/Jan/2018:17:10:07 +0000] "POST /wp-cron.php?doing_wp_cron=1516554607.5331509113311767578125 HTTP/1.0" 200 238 "http://www.bet-esport.com/wp-cron.php?doing_wp_cron=1516554607.5331509113311767578125" "WordPress/4.9.2; http://www.bet-esport.com"
192.0.102.40 - - [21/Jan/2018:17:10:07 +0000] "GET / HTTP/1.1" 200 8337 "-" "jetmon/1.0 (Jetpack Site Uptime Monitor by WordPress.com)"
66.249.79.55 - - [21/Jan/2018:17:10:08 +0000] "GET /sitemap-pt-match-2018-01.xml HTTP/1.1" 200 688 "-" "Mozilla/5.0 (compatible; Googlebot/2.1; +http://www.google.com/bot.html)"
180.76.15.152 - - [21/Jan/2018:17:10:57 +0000] "GET /match/bet-og-vs-pain-gaming-galaxy-battles-01-21-2018/ HTTP/1.1" 200 6394 "-" "Mozilla/5.0 (compatible; Baiduspider/2.0; +http://www.baidu.com/search/spider.html)"
45.77.4.48 - - [21/Jan/2018:17:15:01 +0000] "POST /wp-cron.php?doing_wp_cron=1516554901.5763080120086669921875 HTTP/1.0" 200 238 "http://www.bet-esport.com/wp-cron.php?doing_wp_cron=1516554901.5763080120086669921875" "WordPress/4.9.2; http://www.bet-esport.com"
45.77.4.48 - - [21/Jan/2018:17:15:01 +0000] "GET /autopost-tournament/ HTTP/1.1" 200 2379 "-" "curl/7.38.0"
192.0.102.40 - - [21/Jan/2018:17:15:15 +0000] "GET / HTTP/1.1" 200 8337 "-" "jetmon/1.0 (Jetpack Site Uptime Monitor by WordPress.com)"
45.77.4.48 - - [21/Jan/2018:17:15:15 +0000] "POST /wp-cron.php?doing_wp_cron=1516554915.2852311134338378906250 HTTP/1.0" 200 238 "http://www.bet-esport.com/wp-cron.php?doing_wp_cron=1516554915.2852311134338378906250" "WordPress/4.9.2; http://www.bet-esport.com"
66.249.79.49 - - [21/Jan/2018:17:15:20 +0000] "GET /sitemap.xml HTTP/1.1" 200 906 "-" "Mozilla/5.0 (compatible; Googlebot/2.1; +http://www.google.com/bot.html)"
66.249.79.49 - - [21/Jan/2018:17:15:21 +0000] "GET /sitemap-pt-match-2018-01.xml HTTP/1.1" 200 687 "-" "Mozilla/5.0 (compatible; Googlebot/2.1; +http://www.google.com/bot.html)"
45.77.4.48 - - [21/Jan/2018:17:20:01 +0000] "POST /wp-cron.php?doing_wp_cron=1516555201.0932919979095458984375 HTTP/1.0" 200 238 "http://www.bet-esport.com/wp-cron.php?doing_wp_cron=1516555201.0932919979095458984375" "WordPress/4.9.2; http://www.bet-esport.com"
45.77.4.48 - - [21/Jan/2018:17:20:01 +0000] "GET /autopost-tournament/ HTTP/1.1" 200 2354 "-" "curl/7.38.0"
45.77.4.48 - - [21/Jan/2018:17:20:06 +0000] "POST /wp-cron.php?doing_wp_cron=1516555206.7419009208679199218750 HTTP/1.0" 200 238 "http://www.bet-esport.com/wp-cron.php?doing_wp_cron=1516555206.7419009208679199218750" "WordPress/4.9.2; http://www.bet-esport.com"
192.0.102.40 - - [21/Jan/2018:17:20:06 +0000] "GET / HTTP/1.1" 200 8310 "-" "jetmon/1.0 (Jetpack Site Uptime Monitor by WordPress.com)"
45.77.4.48 - - [21/Jan/2018:17:25:01 +0000] "POST /wp-cron.php?doing_wp_cron=1516555501.9210219383239746093750 HTTP/1.0" 200 238 "http://www.bet-esport.com/wp-cron.php?doing_wp_cron=1516555501.9210219383239746093750" "WordPress/4.9.2; http://www.bet-esport.com"
66.249.79.49 - - [21/Jan/2018:17:25:02 +0000] "GET /sitemap.xml HTTP/1.1" 200 905 "-" "Mozilla/5.0 (compatible; Googlebot/2.1; +http://www.google.com/bot.html)"
45.77.4.48 - - [21/Jan/2018:17:25:01 +0000] "GET /autopost-tournament/ HTTP/1.1" 200 2401 "-" "curl/7.38.0"
192.0.102.40 - - [21/Jan/2018:17:25:24 +0000] "GET / HTTP/1.1" 200 8240 "-" "jetmon/1.0 (Jetpack Site Uptime Monitor by WordPress.com)"
45.77.4.48 - - [21/Jan/2018:17:30:01 +0000] "POST /wp-cron.php?doing_wp_cron=1516555801.9314610958099365234375 HTTP/1.0" 200 238 "http://www.bet-esport.com/wp-cron.php?doing_wp_cron=1516555801.9314610958099365234375" "WordPress/4.9.2; http://www.bet-esport.com"
45.77.4.48 - - [21/Jan/2018:17:30:03 +0000] "POST /wp-cron.php?doing_wp_cron=1516555803.7449450492858886718750 HTTP/1.0" 200 238 "http://www.bet-esport.com/wp-cron.php?doing_wp_cron=1516555803.7449450492858886718750" "WordPress/4.9.2; http://www.bet-esport.com"
192.0.102.40 - - [21/Jan/2018:17:30:03 +0000] "GET / HTTP/1.1" 200 8359 "-" "jetmon/1.0 (Jetpack Site Uptime Monitor by WordPress.com)"
45.77.4.48 - - [21/Jan/2018:17:30:01 +0000] "GET /autopost-tournament/ HTTP/1.1" 200 2381 "-" "curl/7.38.0"
45.77.4.48 - - [21/Jan/2018:17:35:01 +0000] "POST /wp-cron.php?doing_wp_cron=1516556101.7772080898284912109375 HTTP/1.0" 200 238 "http://www.bet-esport.com/wp-cron.php?doing_wp_cron=1516556101.7772080898284912109375" "WordPress/4.9.2; http://www.bet-esport.com"
66.249.79.49 - - [21/Jan/2018:17:35:02 +0000] "GET /sitemap.xml HTTP/1.1" 200 907 "-" "Mozilla/5.0 (compatible; Googlebot/2.1; +http://www.google.com/bot.html)"
45.77.4.48 - - [21/Jan/2018:17:35:01 +0000] "GET /autopost-tournament/ HTTP/1.1" 200 2301 "-" "curl/7.38.0"
192.0.102.40 - - [21/Jan/2018:17:35:25 +0000] "GET / HTTP/1.1" 200 8359 "-" "jetmon/1.0 (Jetpack Site Uptime Monitor by WordPress.com)"
45.77.4.48 - - [21/Jan/2018:17:37:50 +0000] "POST /wp-cron.php?doing_wp_cron=1516556270.7609870433807373046875 HTTP/1.0" 200 238 "http://www.bet-esport.com/wp-cron.php?doing_wp_cron=1516556270.7609870433807373046875" "WordPress/4.9.2; http://www.bet-esport.com"
72.14.199.184 - - [21/Jan/2018:17:37:50 +0000] "GET /xmlleague/ HTTP/1.1" 404 12416 "-" "Mozilla/5.0 (compatible; GoogleDocs; apps-spreadsheets; +http://docs.google.com)"
72.14.199.178 - - [21/Jan/2018:17:37:51 +0000] "GET /xmlfeed/ HTTP/1.1" 404 12414 "-" "Mozilla/5.0 (compatible; GoogleDocs; apps-spreadsheets; +http://docs.google.com)"
72.14.199.184 - - [21/Jan/2018:17:37:52 +0000] "GET /xmlleague/ HTTP/1.0" 404 12387 "-" "Mozilla/5.0 (compatible; GoogleDocs; apps-spreadsheets; +http://docs.google.com)"
72.14.199.184 - - [21/Jan/2018:17:39:40 +0000] "GET /xmlfeed/ HTTP/1.0" 404 12385 "-" "Mozilla/5.0 (compatible; GoogleDocs; apps-spreadsheets; +http://docs.google.com)"
72.14.199.181 - - [21/Jan/2018:17:39:40 +0000] "GET /xmlfeed/ HTTP/1.0" 404 12385 "-" "Mozilla/5.0 (compatible; GoogleDocs; apps-spreadsheets; +http://docs.google.com)"
72.14.199.178 - - [21/Jan/2018:17:39:41 +0000] "GET /xmlfeed/ HTTP/1.0" 404 12385 "-" "Mozilla/5.0 (compatible; GoogleDocs; apps-spreadsheets; +http://docs.google.com)"
45.77.4.48 - - [21/Jan/2018:17:40:01 +0000] "GET /autopost-tournament/ HTTP/1.1" 200 2313 "-" "curl/7.38.0"
192.0.102.40 - - [21/Jan/2018:17:40:06 +0000] "GET / HTTP/1.1" 200 8359 "-" "jetmon/1.0 (Jetpack Site Uptime Monitor by WordPress.com)"
72.14.199.178 - - [21/Jan/2018:17:40:59 +0000] "GET /xmlfeed/ HTTP/1.1" 404 12414 "-" "Mozilla/5.0 (compatible; GoogleDocs; apps-spreadsheets; +http://docs.google.com)"
45.77.4.48 - - [21/Jan/2018:17:41:49 +0000] "POST /wp-cron.php?doing_wp_cron=1516556509.9454910755157470703125 HTTP/1.0" 200 238 "http://www.bet-esport.com/wp-cron.php?doing_wp_cron=1516556509.9454910755157470703125" "WordPress/4.9.2; http://www.bet-esport.com"
72.14.199.178 - - [21/Jan/2018:17:41:49 +0000] "GET /xmlfeed/ HTTP/1.0" 404 12385 "-" "Mozilla/5.0 (compatible; GoogleDocs; apps-spreadsheets; +http://docs.google.com)"
72.14.199.181 - - [21/Jan/2018:17:41:55 +0000] "GET /xmlfeed/ HTTP/1.0" 404 12385 "-" "Mozilla/5.0 (compatible; GoogleDocs; apps-spreadsheets; +http://docs.google.com)"
157.55.39.50 - - [21/Jan/2018:17:43:53 +0000] "GET /robots.txt HTTP/1.1" 200 450 "-" "Mozilla/5.0 (compatible; bingbot/2.0; +http://www.bing.com/bingbot.htm)"
207.46.13.91 - - [21/Jan/2018:17:43:57 +0000] "GET /sitemap-tax-post_tag.xml HTTP/1.1" 200 12855 "-" "Mozilla/5.0 (compatible; bingbot/2.0; +http://www.bing.com/bingbot.htm)"
180.76.15.12 - - [21/Jan/2018:17:44:17 +0000] "GET /match/bet-spirit-vs-pain-gaming-galaxy-battles-01-21-2018/ HTTP/1.1" 200 6586 "-" "Mozilla/5.0 (compatible; Baiduspider/2.0; +http://www.baidu.com/search/spider.html)"
45.77.4.48 - - [21/Jan/2018:17:45:01 +0000] "GET /autopost-tournament/ HTTP/1.1" 200 2290 "-" "curl/7.38.0"
192.0.102.40 - - [21/Jan/2018:17:45:06 +0000] "GET / HTTP/1.1" 200 8440 "-" "jetmon/1.0 (Jetpack Site Uptime Monitor by WordPress.com)"
45.77.4.48 - - [21/Jan/2018:17:50:01 +0000] "POST /wp-cron.php?doing_wp_cron=1516557001.2295041084289550781250 HTTP/1.0" 200 238 "http://www.bet-esport.com/wp-cron.php?doing_wp_cron=1516557001.2295041084289550781250" "WordPress/4.9.2; http://www.bet-esport.com"
45.77.4.48 - - [21/Jan/2018:17:50:01 +0000] "GET /autopost-tournament/ HTTP/1.1" 200 2282 "-" "curl/7.38.0"
192.0.102.40 - - [21/Jan/2018:17:50:02 +0000] "GET / HTTP/1.1" 200 8440 "-" "jetmon/1.0 (Jetpack Site Uptime Monitor by WordPress.com)"
45.77.4.48 - - [21/Jan/2018:17:55:01 +0000] "POST /wp-cron.php?doing_wp_cron=1516557301.4210410118103027343750 HTTP/1.0" 200 238 "http://www.bet-esport.com/wp-cron.php?doing_wp_cron=1516557301.4210410118103027343750" "WordPress/4.9.2; http://www.bet-esport.com"
45.77.4.48 - - [21/Jan/2018:17:55:01 +0000] "GET /autopost-tournament/ HTTP/1.1" 200 2307 "-" "curl/7.38.0"
192.0.102.40 - - [21/Jan/2018:17:55:11 +0000] "GET / HTTP/1.1" 200 8440 "-" "jetmon/1.0 (Jetpack Site Uptime Monitor by WordPress.com)"
157.55.39.88 - - [21/Jan/2018:17:55:14 +0000] "GET /sitemap-pt-post-2015-08.xml HTTP/1.1" 200 684 "-" "Mozilla/5.0 (compatible; bingbot/2.0; +http://www.bing.com/bingbot.htm)"
45.77.4.48 - - [21/Jan/2018:18:00:01 +0000] "POST /wp-cron.php?doing_wp_cron=1516557601.0605049133300781250000 HTTP/1.0" 200 238 "http://www.bet-esport.com/wp-cron.php?doing_wp_cron=1516557601.0605049133300781250000" "WordPress/4.9.2; http://www.bet-esport.com"
192.0.102.40 - - [21/Jan/2018:18:00:01 +0000] "GET / HTTP/1.1" 200 8440 "-" "jetmon/1.0 (Jetpack Site Uptime Monitor by WordPress.com)"
45.77.4.48 - - [21/Jan/2018:18:00:01 +0000] "GET /autopost-tournament/ HTTP/1.1" 200 2287 "-" "curl/7.38.0"
45.77.4.48 - - [21/Jan/2018:18:05:01 +0000] "POST /wp-cron.php?doing_wp_cron=1516557901.5051000118255615234375 HTTP/1.0" 200 238 "http://www.bet-esport.com/wp-cron.php?doing_wp_cron=1516557901.5051000118255615234375" "WordPress/4.9.2; http://www.bet-esport.com"
45.77.4.48 - - [21/Jan/2018:18:05:01 +0000] "GET /autopost-tournament/ HTTP/1.1" 200 2280 "-" "curl/7.38.0"
45.77.4.48 - - [21/Jan/2018:18:05:10 +0000] "POST /wp-cron.php?doing_wp_cron=1516557910.2537798881530761718750 HTTP/1.0" 200 238 "http://www.bet-esport.com/wp-cron.php?doing_wp_cron=1516557910.2537798881530761718750" "WordPress/4.9.2; http://www.bet-esport.com"
66.249.79.55 - - [21/Jan/2018:18:05:10 +0000] "GET /robots.txt HTTP/1.1" 200 450 "-" "Mozilla/5.0 (compatible; Googlebot/2.1; +http://www.google.com/bot.html)"
66.249.79.55 - - [21/Jan/2018:18:05:11 +0000] "GET /sitemap.xml HTTP/1.1" 200 906 "-" "Mozilla/5.0 (compatible; Googlebot/2.1; +http://www.google.com/bot.html)"
192.0.102.40 - - [21/Jan/2018:18:05:10 +0000] "GET / HTTP/1.1" 200 8387 "-" "jetmon/1.0 (Jetpack Site Uptime Monitor by WordPress.com)"
66.249.79.52 - - [21/Jan/2018:18:05:12 +0000] "GET /sitemap-pt-match-2018-01.xml HTTP/1.1" 200 687 "-" "Mozilla/5.0 (compatible; Googlebot/2.1; +http://www.google.com/bot.html)"
45.77.4.48 - - [21/Jan/2018:18:10:01 +0000] "POST /wp-cron.php?doing_wp_cron=1516558201.4490139484405517578125 HTTP/1.0" 200 238 "http://www.bet-esport.com/wp-cron.php?doing_wp_cron=1516558201.4490139484405517578125" "WordPress/4.9.2; http://www.bet-esport.com"
45.77.4.48 - - [21/Jan/2018:18:10:01 +0000] "GET /autopost-tournament/ HTTP/1.1" 200 2284 "-" "curl/7.38.0"
192.0.102.40 - - [21/Jan/2018:18:10:08 +0000] "GET / HTTP/1.1" 200 8387 "-" "jetmon/1.0 (Jetpack Site Uptime Monitor by WordPress.com)"
5.45.207.12 - - [21/Jan/2018:18:10:39 +0000] "GET /robots.txt HTTP/1.1" 200 450 "-" "Mozilla/5.0 (compatible; YandexBot/3.0; +http://yandex.com/bots)"
5.45.207.12 - - [21/Jan/2018:18:10:43 +0000] "GET /match/bet-lgd-gaming-vs-newbee-perfect-world-masters-11-21-2017/ HTTP/1.1" 404 12471 "-" "Mozilla/5.0 (compatible; YandexBot/3.0; +http://yandex.com/bots)"
45.77.4.48 - - [21/Jan/2018:18:12:37 +0000] "POST /wp-cron.php?doing_wp_cron=1516558357.5097799301147460937500 HTTP/1.0" 200 238 "http://www.bet-esport.com/wp-cron.php?doing_wp_cron=1516558357.5097799301147460937500" "WordPress/4.9.2; http://www.bet-esport.com"
157.55.39.88 - - [21/Jan/2018:18:12:37 +0000] "GET /sitemap-pt-post-2015-04.xml HTTP/1.1" 200 687 "-" "Mozilla/5.0 (compatible; bingbot/2.0; +http://www.bing.com/bingbot.htm)"
45.77.4.48 - - [21/Jan/2018:18:15:01 +0000] "GET /autopost-tournament/ HTTP/1.1" 200 2253 "-" "curl/7.38.0"
45.77.4.48 - - [21/Jan/2018:18:15:29 +0000] "POST /wp-cron.php?doing_wp_cron=1516558529.9172480106353759765625 HTTP/1.0" 200 238 "http://www.bet-esport.com/wp-cron.php?doing_wp_cron=1516558529.9172480106353759765625" "WordPress/4.9.2; http://www.bet-esport.com"
66.249.79.1 - - [21/Jan/2018:18:15:30 +0000] "GET /sitemap.xml HTTP/1.1" 200 905 "-" "Mozilla/5.0 (compatible; Googlebot/2.1; +http://www.google.com/bot.html)"
192.0.102.40 - - [21/Jan/2018:18:15:29 +0000] "GET / HTTP/1.1" 200 8387 "-" "jetmon/1.0 (Jetpack Site Uptime Monitor by WordPress.com)"
66.249.79.1 - - [21/Jan/2018:18:15:31 +0000] "GET /sitemap-pt-match-2018-01.xml HTTP/1.1" 200 688 "-" "Mozilla/5.0 (compatible; Googlebot/2.1; +http://www.google.com/bot.html)"
45.77.4.48 - - [21/Jan/2018:18:17:37 +0000] "POST /wp-cron.php?doing_wp_cron=1516558657.3191170692443847656250 HTTP/1.0" 200 238 "http://www.bet-esport.com/wp-cron.php?doing_wp_cron=1516558657.3191170692443847656250" "WordPress/4.9.2; http://www.bet-esport.com"
180.76.15.26 - - [21/Jan/2018:18:17:37 +0000] "GET /match/bet-infamous-vs-vgj-thunder-galaxy-battles-01-21-2018/ HTTP/1.1" 200 6578 "-" "Mozilla/5.0 (compatible; Baiduspider/2.0; +http://www.baidu.com/search/spider.html)"
37.59.20.77 - - [21/Jan/2018:18:18:21 +0000] "POST /wp-login.php HTTP/1.0" 403 3284 "-" "Mozilla/5.0 (Windows NT 6.1; Win64; x64) AppleWebKit/537.36 (KHTML, like Gecko) Chrome/53.0.2785.89 Safari/537.36"
207.46.13.91 - - [21/Jan/2018:18:19:44 +0000] "GET /tag/clutch/ HTTP/1.1" 200 4222 "-" "Mozilla/5.0 (compatible; bingbot/2.0; +http://www.bing.com/bingbot.htm)"
45.77.4.48 - - [21/Jan/2018:18:20:01 +0000] "GET /autopost-tournament/ HTTP/1.1" 200 2231 "-" "curl/7.38.0"
192.0.102.40 - - [21/Jan/2018:18:20:07 +0000] "GET / HTTP/1.1" 200 8387 "-" "jetmon/1.0 (Jetpack Site Uptime Monitor by WordPress.com)"
192.0.102.40 - - [21/Jan/2018:18:25:01 +0000] "GET / HTTP/1.1" 200 8387 "-" "jetmon/1.0 (Jetpack Site Uptime Monitor by WordPress.com)"
192.0.116.176 - - [21/Jan/2018:18:25:03 +0000] "POST /xmlrpc.php?for=jetpack&token=yDiHD4%25Ha0%5E%5ER0ts%21TKnELmV%2A%29Gzk4gC%3A1%3A0&timestamp=1516559097&nonce=OmuZbrBn3h&body-hash=rI7uIwfEtedeNno9emF%2BIxE3984%3D&signature=Y5NnX%2FhIQx4G91pZsAesVlR6Yvw%3D HTTP/1.0" 200 897 "http://www.bet-esport.com/xmlrpc.php?for=jetpack&token=yDiHD4%25Ha0%5E%5ER0ts%21TKnELmV%2A%29Gzk4gC%3A1%3A0&timestamp=1516559097&nonce=OmuZbrBn3h&body-hash=rI7uIwfEtedeNno9emF%2BIxE3984%3D&signature=Y5NnX%2FhIQx4G91pZsAesVlR6Yvw%3D" "Jetpack by WordPress.com"
45.77.4.48 - - [21/Jan/2018:18:25:01 +0000] "GET /autopost-tournament/ HTTP/1.1" 200 2243 "-" "curl/7.38.0"
45.77.4.48 - - [21/Jan/2018:18:25:01 +0000] "POST /wp-cron.php?doing_wp_cron=1516559101.7723169326782226562500 HTTP/1.0" 200 238 "http://www.bet-esport.com/wp-cron.php?doing_wp_cron=1516559101.7723169326782226562500" "WordPress/4.9.2; http://www.bet-esport.com"
45.77.4.48 - - [21/Jan/2018:18:30:01 +0000] "POST /wp-cron.php?doing_wp_cron=1516559401.1268589496612548828125 HTTP/1.0" 200 238 "http://www.bet-esport.com/wp-cron.php?doing_wp_cron=1516559401.1268589496612548828125" "WordPress/4.9.2; http://www.bet-esport.com"
45.77.4.48 - - [21/Jan/2018:18:30:01 +0000] "GET /autopost-tournament/ HTTP/1.1" 200 2252 "-" "curl/7.38.0"
192.0.102.40 - - [21/Jan/2018:18:30:04 +0000] "GET / HTTP/1.1" 200 8440 "-" "jetmon/1.0 (Jetpack Site Uptime Monitor by WordPress.com)"
45.77.4.48 - - [21/Jan/2018:18:35:01 +0000] "POST /wp-cron.php?doing_wp_cron=1516559701.3321170806884765625000 HTTP/1.0" 200 238 "http://www.bet-esport.com/wp-cron.php?doing_wp_cron=1516559701.3321170806884765625000" "WordPress/4.9.2; http://www.bet-esport.com"
45.77.4.48 - - [21/Jan/2018:18:35:01 +0000] "GET /autopost-tournament/ HTTP/1.1" 200 2253 "-" "curl/7.38.0"
192.0.102.40 - - [21/Jan/2018:18:35:03 +0000] "GET / HTTP/1.1" 200 8440 "-" "jetmon/1.0 (Jetpack Site Uptime Monitor by WordPress.com)"
45.77.4.48 - - [21/Jan/2018:18:40:01 +0000] "POST /wp-cron.php?doing_wp_cron=1516560001.6089289188385009765625 HTTP/1.0" 200 238 "http://www.bet-esport.com/wp-cron.php?doing_wp_cron=1516560001.6089289188385009765625" "WordPress/4.9.2; http://www.bet-esport.com"
45.77.4.48 - - [21/Jan/2018:18:40:01 +0000] "GET /autopost-tournament/ HTTP/1.1" 200 2256 "-" "curl/7.38.0"
192.0.102.40 - - [21/Jan/2018:18:40:03 +0000] "GET / HTTP/1.1" 200 8440 "-" "jetmon/1.0 (Jetpack Site Uptime Monitor by WordPress.com)"
189.60.141.69 - - [21/Jan/2018:18:40:17 +0000] "POST / HTTP/1.0" 200 8462 "http://bet-esport.com/" "Mozilla/4.0 (compatible; MSIE 6.0; Windows NT 5.1; SV1)"
45.77.4.48 - - [21/Jan/2018:18:45:01 +0000] "POST /wp-cron.php?doing_wp_cron=1516560301.7717099189758300781250 HTTP/1.0" 200 238 "http://www.bet-esport.com/wp-cron.php?doing_wp_cron=1516560301.7717099189758300781250" "WordPress/4.9.2; http://www.bet-esport.com"
45.77.4.48 - - [21/Jan/2018:18:45:01 +0000] "GET /autopost-tournament/ HTTP/1.1" 200 2237 "-" "curl/7.38.0"
192.0.102.40 - - [21/Jan/2018:18:45:07 +0000] "GET / HTTP/1.1" 200 8440 "-" "jetmon/1.0 (Jetpack Site Uptime Monitor by WordPress.com)"
45.77.4.48 - - [21/Jan/2018:18:49:57 +0000] "POST /wp-cron.php?doing_wp_cron=1516560597.6592810153961181640625 HTTP/1.0" 200 238 "http://www.bet-esport.com/wp-cron.php?doing_wp_cron=1516560597.6592810153961181640625" "WordPress/4.9.2; http://www.bet-esport.com"
40.77.167.133 - - [21/Jan/2018:18:49:57 +0000] "GET /sitemap-misc.xml HTTP/1.1" 200 796 "-" "Mozilla/5.0 (compatible; bingbot/2.0; +http://www.bing.com/bingbot.htm)"
45.77.4.48 - - [21/Jan/2018:18:50:01 +0000] "GET /autopost-tournament/ HTTP/1.1" 200 2255 "-" "curl/7.38.0"
192.0.102.40 - - [21/Jan/2018:18:50:03 +0000] "GET / HTTP/1.1" 200 8440 "-" "jetmon/1.0 (Jetpack Site Uptime Monitor by WordPress.com)"
180.76.15.28 - - [21/Jan/2018:18:50:57 +0000] "GET /match/bet-tnc-pro-team-vs-spirit-galaxy-battles-01-21-2018/ HTTP/1.1" 200 6654 "-" "Mozilla/5.0 (compatible; Baiduspider/2.0; +http://www.baidu.com/search/spider.html)"
45.77.4.48 - - [21/Jan/2018:18:55:01 +0000] "POST /wp-cron.php?doing_wp_cron=1516560901.7396988868713378906250 HTTP/1.0" 200 238 "http://www.bet-esport.com/wp-cron.php?doing_wp_cron=1516560901.7396988868713378906250" "WordPress/4.9.2; http://www.bet-esport.com"
45.77.4.48 - - [21/Jan/2018:18:55:01 +0000] "GET /autopost-tournament/ HTTP/1.1" 200 2260 "-" "curl/7.38.0"
207.46.13.10 - - [21/Jan/2018:18:55:37 +0000] "GET /sitemap-pt-post-2015-12.xml HTTP/1.1" 200 684 "-" "Mozilla/5.0 (compatible; bingbot/2.0; +http://www.bing.com/bingbot.htm)"
45.77.4.48 - - [21/Jan/2018:18:56:22 +0000] "POST /wp-cron.php?doing_wp_cron=1516560982.5934789180755615234375 HTTP/1.0" 200 238 "http://www.bet-esport.com/wp-cron.php?doing_wp_cron=1516560982.5934789180755615234375" "WordPress/4.9.2; http://www.bet-esport.com"
192.0.102.40 - - [21/Jan/2018:18:56:22 +0000] "GET / HTTP/1.1" 200 8440 "-" "jetmon/1.0 (Jetpack Site Uptime Monitor by WordPress.com)"
45.77.4.48 - - [21/Jan/2018:19:00:01 +0000] "GET /autopost-tournament/ HTTP/1.1" 200 2232 "-" "curl/7.38.0"
192.0.102.40 - - [21/Jan/2018:19:00:20 +0000] "GET / HTTP/1.1" 200 7655 "-" "jetmon/1.0 (Jetpack Site Uptime Monitor by WordPress.com)"
45.77.4.48 - - [21/Jan/2018:19:04:23 +0000] "POST /wp-cron.php?doing_wp_cron=1516561463.6463170051574707031250 HTTP/1.0" 200 238 "http://www.bet-esport.com/wp-cron.php?doing_wp_cron=1516561463.6463170051574707031250" "WordPress/4.9.2; http://www.bet-esport.com"
91.200.12.91 - - [21/Jan/2018:19:04:23 +0000] "POST /xmlrpc.php HTTP/1.0" 200 534 "http://bet-esport.com/xmlrpc.php" "Mozilla/5.0 (Windows NT 6.2; Win64) AppleWebKit/530.65.12 (KHTML, like Gecko) Chrome/55.0.5370.0007 Safari/532.95 OPR/41.9.4657.9385"
91.200.12.91 - - [21/Jan/2018:19:04:23 +0000] "POST /xmlrpc.php HTTP/1.0" 200 534 "http://bet-esport.com/xmlrpc.php" "Mozilla/5.0 (Windows NT 6.0; rv:52.57.04) Gecko/20145975 Firefox/52.57.04"
91.200.12.91 - - [21/Jan/2018:19:04:24 +0000] "POST /xmlrpc.php HTTP/1.0" 200 534 "http://bet-esport.com/xmlrpc.php" "Mozilla/5.0 (Windows NT 6.2; Win64) AppleWebKit/530.65.12 (KHTML, like Gecko) Chrome/55.0.5370.0007 Safari/532.95 OPR/41.9.4657.9385"
45.77.4.48 - - [21/Jan/2018:19:05:01 +0000] "GET /autopost-tournament/ HTTP/1.1" 200 2249 "-" "curl/7.38.0"
192.0.102.40 - - [21/Jan/2018:19:05:06 +0000] "GET / HTTP/1.1" 200 7655 "-" "jetmon/1.0 (Jetpack Site Uptime Monitor by WordPress.com)"
176.121.10.58 - - [21/Jan/2018:19:05:48 +0000] "GET / HTTP/1.1" 301 272 "-" "Mozilla/5.0 (Windows NT 6.1; WOW64) AppleWebKit/537.36 (KHTML, like Gecko) Chrome/36.0.1985.143 Safari/537.36"
176.121.10.58 - - [21/Jan/2018:19:05:53 +0000] "GET / HTTP/1.0" 200 7674 "http://bet-esport.com" "Go-http-client/1.1"
45.77.4.48 - - [21/Jan/2018:19:10:01 +0000] "POST /wp-cron.php?doing_wp_cron=1516561801.9868481159210205078125 HTTP/1.0" 200 238 "http://www.bet-esport.com/wp-cron.php?doing_wp_cron=1516561801.9868481159210205078125" "WordPress/4.9.2; http://www.bet-esport.com"
45.77.4.48 - - [21/Jan/2018:19:10:01 +0000] "GET /autopost-tournament/ HTTP/1.1" 200 2234 "-" "curl/7.38.0"
192.0.102.40 - - [21/Jan/2018:19:10:10 +0000] "GET / HTTP/1.1" 200 7655 "-" "jetmon/1.0 (Jetpack Site Uptime Monitor by WordPress.com)"
45.77.4.48 - - [21/Jan/2018:19:15:02 +0000] "POST /wp-cron.php?doing_wp_cron=1516562102.0351610183715820312500 HTTP/1.0" 200 238 "http://www.bet-esport.com/wp-cron.php?doing_wp_cron=1516562102.0351610183715820312500" "WordPress/4.9.2; http://www.bet-esport.com"
45.77.4.48 - - [21/Jan/2018:19:15:01 +0000] "GET /autopost-tournament/ HTTP/1.1" 200 2238 "-" "curl/7.38.0"
192.0.102.40 - - [21/Jan/2018:19:15:05 +0000] "GET / HTTP/1.1" 200 7655 "-" "jetmon/1.0 (Jetpack Site Uptime Monitor by WordPress.com)"
45.77.4.48 - - [21/Jan/2018:19:20:01 +0000] "POST /wp-cron.php?doing_wp_cron=1516562401.0718860626220703125000 HTTP/1.0" 200 238 "http://www.bet-esport.com/wp-cron.php?doing_wp_cron=1516562401.0718860626220703125000" "WordPress/4.9.2; http://www.bet-esport.com"
45.77.4.48 - - [21/Jan/2018:19:20:01 +0000] "GET /autopost-tournament/ HTTP/1.1" 200 2251 "-" "curl/7.38.0"
192.0.102.40 - - [21/Jan/2018:19:20:02 +0000] "GET / HTTP/1.1" 200 7655 "-" "jetmon/1.0 (Jetpack Site Uptime Monitor by WordPress.com)"
45.77.4.48 - - [21/Jan/2018:19:22:53 +0000] "POST /wp-cron.php?doing_wp_cron=1516562573.2226428985595703125000 HTTP/1.0" 200 238 "http://www.bet-esport.com/wp-cron.php?doing_wp_cron=1516562573.2226428985595703125000" "WordPress/4.9.2; http://www.bet-esport.com"
40.77.167.133 - - [21/Jan/2018:19:22:53 +0000] "GET /robots.txt HTTP/1.1" 200 450 "-" "Mozilla/5.0 (compatible; bingbot/2.0; +http://www.bing.com/bingbot.htm)"
