45.77.4.48 - - [22/Jan/2018:09:56:34 +0000] "POST /wp-cron.php?doing_wp_cron=1516614994.1618900299072265625000 HTTP/1.0" 200 238 "http://www.bet-esport.com/wp-cron.php?doing_wp_cron=1516614994.1618900299072265625000" "WordPress/4.9.2; http://www.bet-esport.com"
207.46.13.135 - - [22/Jan/2018:09:56:34 +0000] "GET /tag/iner/ HTTP/1.1" 200 4221 "-" "Mozilla/5.0 (compatible; bingbot/2.0; +http://www.bing.com/bingbot.htm)"
5.45.207.12 - - [22/Jan/2018:09:57:15 +0000] "GET /robots.txt HTTP/1.1" 200 450 "-" "Mozilla/5.0 (compatible; YandexBot/3.0; +http://yandex.com/bots)"
5.45.207.12 - - [22/Jan/2018:09:57:19 +0000] "GET /tag/thijsnl/ HTTP/1.1" 200 4223 "-" "Mozilla/5.0 (compatible; YandexBot/3.0; +http://yandex.com/bots)"
5.45.207.12 - - [22/Jan/2018:09:59:29 +0000] "GET /match/bet-innovation-vs-creator-gsl-01-04-2018/ HTTP/1.1" 404 12453 "-" "Mozilla/5.0 (compatible; YandexBot/3.0; +http://yandex.com/bots)"
45.77.4.48 - - [22/Jan/2018:10:00:01 +0000] "GET /autopost-tournament/ HTTP/1.1" 200 2317 "-" "curl/7.38.0"
192.0.102.40 - - [22/Jan/2018:10:00:10 +0000] "HEAD / HTTP/1.0" 200 289 "-" "jetmon/1.0 (Jetpack Site Uptime Monitor by WordPress.com)"
45.77.4.48 - - [22/Jan/2018:10:02:00 +0000] "POST /wp-cron.php?doing_wp_cron=1516615320.8974471092224121093750 HTTP/1.0" 200 238 "http://www.bet-esport.com/wp-cron.php?doing_wp_cron=1516615320.8974471092224121093750" "WordPress/4.9.2; http://www.bet-esport.com"
87.250.224.113 - - [22/Jan/2018:10:02:00 +0000] "GET /tag/simplicity/ HTTP/1.1" 200 4227 "-" "Mozilla/5.0 (compatible; YandexBot/3.0; +http://yandex.com/bots)"
87.250.224.113 - - [22/Jan/2018:10:02:31 +0000] "GET /match/bet-fragsters-vs-lpsp-dust2dk-01-21-2018/ HTTP/1.1" 200 6259 "-" "Mozilla/5.0 (compatible; YandexBot/3.0; +http://yandex.com/bots)"
45.77.4.48 - - [22/Jan/2018:10:05:01 +0000] "GET /autopost-tournament/ HTTP/1.1" 200 2309 "-" "curl/7.38.0"
192.0.102.40 - - [22/Jan/2018:10:05:12 +0000] "HEAD / HTTP/1.0" 200 289 "-" "jetmon/1.0 (Jetpack Site Uptime Monitor by WordPress.com)"
45.77.4.48 - - [22/Jan/2018:10:10:01 +0000] "POST /wp-cron.php?doing_wp_cron=1516615801.4966990947723388671875 HTTP/1.0" 200 238 "http://www.bet-esport.com/wp-cron.php?doing_wp_cron=1516615801.4966990947723388671875" "WordPress/4.9.2; http://www.bet-esport.com"
45.77.4.48 - - [22/Jan/2018:10:10:01 +0000] "GET /autopost-tournament/ HTTP/1.1" 200 2312 "-" "curl/7.38.0"
192.0.102.40 - - [22/Jan/2018:10:10:08 +0000] "HEAD / HTTP/1.0" 200 289 "-" "jetmon/1.0 (Jetpack Site Uptime Monitor by WordPress.com)"
45.77.4.48 - - [22/Jan/2018:10:13:48 +0000] "POST /wp-cron.php?doing_wp_cron=1516616028.3555080890655517578125 HTTP/1.0" 200 238 "http://www.bet-esport.com/wp-cron.php?doing_wp_cron=1516616028.3555080890655517578125" "WordPress/4.9.2; http://www.bet-esport.com"
5.45.207.12 - - [22/Jan/2018:10:13:48 +0000] "GET /match/bet-extatus-vs-envyus-academy-mother-russia-12-19-2017/ HTTP/1.1" 404 12467 "-" "Mozilla/5.0 (compatible; YandexBot/3.0; +http://yandex.com/bots)"
45.77.4.48 - - [22/Jan/2018:10:15:01 +0000] "GET /autopost-tournament/ HTTP/1.1" 200 2317 "-" "curl/7.38.0"
192.0.102.40 - - [22/Jan/2018:10:15:11 +0000] "HEAD / HTTP/1.0" 200 289 "-" "jetmon/1.0 (Jetpack Site Uptime Monitor by WordPress.com)"
45.77.4.48 - - [22/Jan/2018:10:20:01 +0000] "POST /wp-cron.php?doing_wp_cron=1516616401.4760000705718994140625 HTTP/1.0" 200 238 "http://www.bet-esport.com/wp-cron.php?doing_wp_cron=1516616401.4760000705718994140625" "WordPress/4.9.2; http://www.bet-esport.com"
45.77.4.48 - - [22/Jan/2018:10:20:01 +0000] "GET /autopost-tournament/ HTTP/1.1" 200 2322 "-" "curl/7.38.0"
192.0.102.40 - - [22/Jan/2018:10:20:14 +0000] "HEAD / HTTP/1.0" 200 289 "-" "jetmon/1.0 (Jetpack Site Uptime Monitor by WordPress.com)"
45.77.4.48 - - [22/Jan/2018:10:24:38 +0000] "POST /wp-cron.php?doing_wp_cron=1516616678.8134510517120361328125 HTTP/1.0" 200 238 "http://www.bet-esport.com/wp-cron.php?doing_wp_cron=1516616678.8134510517120361328125" "WordPress/4.9.2; http://www.bet-esport.com"
66.249.79.7 - - [22/Jan/2018:10:24:38 +0000] "GET /robots.txt HTTP/1.1" 200 450 "-" "Mozilla/5.0 (compatible; Googlebot/2.1; +http://www.google.com/bot.html)"
66.249.79.1 - - [22/Jan/2018:10:24:38 +0000] "GET /match/bet-royal-never-give-up-vs-g2-world-championship-10-08-2017/ HTTP/1.1" 404 12473 "-" "Mozilla/5.0 (compatible; Googlebot/2.1; +http://www.google.com/bot.html)"
5.45.207.12 - - [22/Jan/2018:10:24:53 +0000] "GET /match/bet-mans-not-hot-vs-espada-csesports-cup-12-21-2017/ HTTP/1.1" 404 12464 "-" "Mozilla/5.0 (compatible; YandexBot/3.0; +http://yandex.com/bots)"
45.77.4.48 - - [22/Jan/2018:10:25:01 +0000] "GET /autopost-tournament/ HTTP/1.1" 200 2299 "-" "curl/7.38.0"
45.77.4.48 - - [22/Jan/2018:10:26:30 +0000] "POST /wp-cron.php?doing_wp_cron=1516616790.2775080204010009765625 HTTP/1.0" 200 238 "http://www.bet-esport.com/wp-cron.php?doing_wp_cron=1516616790.2775080204010009765625" "WordPress/4.9.2; http://www.bet-esport.com"
192.0.102.40 - - [22/Jan/2018:10:26:30 +0000] "HEAD / HTTP/1.0" 200 289 "-" "jetmon/1.0 (Jetpack Site Uptime Monitor by WordPress.com)"
45.77.4.48 - - [22/Jan/2018:10:30:01 +0000] "GET /autopost-tournament/ HTTP/1.1" 200 2317 "-" "curl/7.38.0"
192.0.102.40 - - [22/Jan/2018:10:30:03 +0000] "HEAD / HTTP/1.0" 200 289 "-" "jetmon/1.0 (Jetpack Site Uptime Monitor by WordPress.com)"
66.249.79.7 - - [22/Jan/2018:10:30:04 +0000] "GET /so-youre-looking-to-bet-money-on-esports/ HTTP/1.1" 200 6286 "-" "Mozilla/5.0 (compatible; Googlebot/2.1; +http://www.google.com/bot.html)"
5.45.207.12 - - [22/Jan/2018:10:30:20 +0000] "GET /match/bet-ground-zero-vs-masterminds-cybergamer-11-17-2017/ HTTP/1.1" 404 12465 "-" "Mozilla/5.0 (compatible; YandexBot/3.0; +http://yandex.com/bots)"
45.77.4.48 - - [22/Jan/2018:10:33:21 +0000] "POST /wp-cron.php?doing_wp_cron=1516617201.8672499656677246093750 HTTP/1.0" 200 238 "http://www.bet-esport.com/wp-cron.php?doing_wp_cron=1516617201.8672499656677246093750" "WordPress/4.9.2; http://www.bet-esport.com"
5.45.207.12 - - [22/Jan/2018:10:33:21 +0000] "GET /match/bet-natus-vincere-vs-evil-geniuses-esl-one-genting-01-23-2018/ HTTP/1.1" 200 6902 "-" "Mozilla/5.0 (compatible; YandexBot/3.0; +http://yandex.com/bots)"
5.45.207.12 - - [22/Jan/2018:10:33:25 +0000] "GET /match/bet-kinguin-vs-extatus-x-bet-co-invitational-01-21-2018/ HTTP/1.1" 200 6248 "-" "Mozilla/5.0 (compatible; YandexBot/3.0; +http://yandex.com/bots)"
45.77.4.48 - - [22/Jan/2018:10:35:01 +0000] "GET /autopost-tournament/ HTTP/1.1" 200 2307 "-" "curl/7.38.0"
192.0.102.40 - - [22/Jan/2018:10:35:14 +0000] "HEAD / HTTP/1.0" 200 289 "-" "jetmon/1.0 (Jetpack Site Uptime Monitor by WordPress.com)"
45.77.4.48 - - [22/Jan/2018:10:40:01 +0000] "POST /wp-cron.php?doing_wp_cron=1516617601.6355121135711669921875 HTTP/1.0" 200 238 "http://www.bet-esport.com/wp-cron.php?doing_wp_cron=1516617601.6355121135711669921875" "WordPress/4.9.2; http://www.bet-esport.com"
45.77.4.48 - - [22/Jan/2018:10:40:01 +0000] "GET /autopost-tournament/ HTTP/1.1" 200 2306 "-" "curl/7.38.0"
192.0.102.40 - - [22/Jan/2018:10:40:08 +0000] "HEAD / HTTP/1.0" 200 289 "-" "jetmon/1.0 (Jetpack Site Uptime Monitor by WordPress.com)"
207.46.13.91 - - [22/Jan/2018:10:40:16 +0000] "GET /sitemap-tax-post_tag.xml HTTP/1.1" 200 12932 "-" "Mozilla/5.0 (compatible; bingbot/2.0; +http://www.bing.com/bingbot.htm)"
207.46.13.135 - - [22/Jan/2018:10:40:18 +0000] "GET /sitemap-misc.xml HTTP/1.1" 200 791 "-" "Mozilla/5.0 (compatible; bingbot/2.0; +http://www.bing.com/bingbot.htm)"
45.77.4.48 - - [22/Jan/2018:10:41:53 +0000] "POST /wp-cron.php?doing_wp_cron=1516617713.7612249851226806640625 HTTP/1.0" 200 238 "http://www.bet-esport.com/wp-cron.php?doing_wp_cron=1516617713.7612249851226806640625" "WordPress/4.9.2; http://www.bet-esport.com"
18.216.228.198 - - [22/Jan/2018:10:41:53 +0000] "GET /wp-login.php HTTP/1.1" 200 1809 "https://www.google.com" "Mozilla/5.0 (Windows NT 6.2; rv:36.0) Gecko/20100101 Firefox/36.0"
5.45.207.12 - - [22/Jan/2018:10:42:13 +0000] "GET /tag/avant-garde/ HTTP/1.1" 200 4227 "-" "Mozilla/5.0 (compatible; YandexBot/3.0; +http://yandex.com/bots)"
5.45.207.12 - - [22/Jan/2018:10:43:05 +0000] "GET /tag/uya/ HTTP/1.1" 200 4221 "-" "Mozilla/5.0 (compatible; YandexBot/3.0; +http://yandex.com/bots)"
45.77.4.48 - - [22/Jan/2018:10:45:01 +0000] "GET /autopost-tournament/ HTTP/1.1" 200 2303 "-" "curl/7.38.0"
192.0.102.40 - - [22/Jan/2018:10:45:16 +0000] "HEAD / HTTP/1.0" 200 289 "-" "jetmon/1.0 (Jetpack Site Uptime Monitor by WordPress.com)"
45.77.4.48 - - [22/Jan/2018:10:50:01 +0000] "POST /wp-cron.php?doing_wp_cron=1516618201.6849770545959472656250 HTTP/1.0" 200 238 "http://www.bet-esport.com/wp-cron.php?doing_wp_cron=1516618201.6849770545959472656250" "WordPress/4.9.2; http://www.bet-esport.com"
45.77.4.48 - - [22/Jan/2018:10:50:01 +0000] "GET /autopost-tournament/ HTTP/1.1" 200 2270 "-" "curl/7.38.0"
192.0.102.40 - - [22/Jan/2018:10:50:12 +0000] "HEAD / HTTP/1.0" 200 289 "-" "jetmon/1.0 (Jetpack Site Uptime Monitor by WordPress.com)"
5.45.207.12 - - [22/Jan/2018:10:50:37 +0000] "GET /match/bet-sg-e-sports-vs-virtus-pro-esl-one-genting-01-23-2018/ HTTP/1.1" 200 6786 "-" "Mozilla/5.0 (compatible; YandexBot/3.0; +http://yandex.com/bots)"
45.77.4.48 - - [22/Jan/2018:10:55:01 +0000] "POST /wp-cron.php?doing_wp_cron=1516618501.7251749038696289062500 HTTP/1.0" 200 238 "http://www.bet-esport.com/wp-cron.php?doing_wp_cron=1516618501.7251749038696289062500" "WordPress/4.9.2; http://www.bet-esport.com"
45.77.4.48 - - [22/Jan/2018:10:55:01 +0000] "GET /autopost-tournament/ HTTP/1.1" 200 2283 "-" "curl/7.38.0"
66.249.79.5 - - [22/Jan/2018:10:55:36 +0000] "GET /sitemap.xml HTTP/1.1" 200 906 "-" "Mozilla/5.0 (compatible; Googlebot/2.1; +http://www.google.com/bot.html)"
45.77.4.48 - - [22/Jan/2018:10:55:36 +0000] "POST /wp-cron.php?doing_wp_cron=1516618536.5104889869689941406250 HTTP/1.0" 200 238 "http://www.bet-esport.com/wp-cron.php?doing_wp_cron=1516618536.5104889869689941406250" "WordPress/4.9.2; http://www.bet-esport.com"
192.0.102.40 - - [22/Jan/2018:10:55:36 +0000] "HEAD / HTTP/1.0" 200 289 "-" "jetmon/1.0 (Jetpack Site Uptime Monitor by WordPress.com)"
66.249.79.5 - - [22/Jan/2018:10:55:37 +0000] "GET /sitemap-pt-match-2018-01.xml HTTP/1.1" 200 688 "-" "Mozilla/5.0 (compatible; Googlebot/2.1; +http://www.google.com/bot.html)"
45.77.4.48 - - [22/Jan/2018:11:00:02 +0000] "POST /wp-cron.php?doing_wp_cron=1516618801.9944889545440673828125 HTTP/1.0" 200 238 "http://www.bet-esport.com/wp-cron.php?doing_wp_cron=1516618801.9944889545440673828125" "WordPress/4.9.2; http://www.bet-esport.com"
45.77.4.48 - - [22/Jan/2018:11:00:01 +0000] "GET /autopost-tournament/ HTTP/1.1" 200 2259 "-" "curl/7.38.0"
192.0.102.40 - - [22/Jan/2018:11:00:15 +0000] "HEAD / HTTP/1.0" 200 289 "-" "jetmon/1.0 (Jetpack Site Uptime Monitor by WordPress.com)"
45.77.4.48 - - [22/Jan/2018:11:05:01 +0000] "POST /wp-cron.php?doing_wp_cron=1516619101.1307799816131591796875 HTTP/1.0" 200 238 "http://www.bet-esport.com/wp-cron.php?doing_wp_cron=1516619101.1307799816131591796875" "WordPress/4.9.2; http://www.bet-esport.com"
45.77.4.48 - - [22/Jan/2018:11:05:01 +0000] "GET /autopost-tournament/ HTTP/1.1" 200 2261 "-" "curl/7.38.0"
66.249.79.7 - - [22/Jan/2018:11:05:18 +0000] "GET / HTTP/1.0" 200 8101 "-" "Mozilla/5.0 (compatible; Googlebot/2.1; +http://www.google.com/bot.html)"
192.0.102.40 - - [22/Jan/2018:11:05:39 +0000] "HEAD / HTTP/1.0" 200 289 "-" "jetmon/1.0 (Jetpack Site Uptime Monitor by WordPress.com)"
45.77.4.48 - - [22/Jan/2018:11:10:01 +0000] "POST /wp-cron.php?doing_wp_cron=1516619401.3601269721984863281250 HTTP/1.0" 200 238 "http://www.bet-esport.com/wp-cron.php?doing_wp_cron=1516619401.3601269721984863281250" "WordPress/4.9.2; http://www.bet-esport.com"
45.77.4.48 - - [22/Jan/2018:11:10:01 +0000] "GET /autopost-tournament/ HTTP/1.1" 200 2292 "-" "curl/7.38.0"
192.0.102.40 - - [22/Jan/2018:11:10:42 +0000] "HEAD / HTTP/1.0" 200 289 "-" "jetmon/1.0 (Jetpack Site Uptime Monitor by WordPress.com)"
45.77.4.48 - - [22/Jan/2018:11:13:06 +0000] "POST /wp-cron.php?doing_wp_cron=1516619586.8507499694824218750000 HTTP/1.0" 200 238 "http://www.bet-esport.com/wp-cron.php?doing_wp_cron=1516619586.8507499694824218750000" "WordPress/4.9.2; http://www.bet-esport.com"
5.45.207.12 - - [22/Jan/2018:11:13:06 +0000] "GET /tag/anti-eco/ HTTP/1.1" 200 4224 "-" "Mozilla/5.0 (compatible; YandexBot/3.0; +http://yandex.com/bots)"
45.77.4.48 - - [22/Jan/2018:11:15:01 +0000] "GET /autopost-tournament/ HTTP/1.1" 200 2270 "-" "curl/7.38.0"
192.0.102.40 - - [22/Jan/2018:11:15:11 +0000] "HEAD / HTTP/1.0" 200 289 "-" "jetmon/1.0 (Jetpack Site Uptime Monitor by WordPress.com)"
45.77.4.48 - - [22/Jan/2018:11:17:23 +0000] "POST /wp-cron.php?doing_wp_cron=1516619843.1040060520172119140625 HTTP/1.0" 200 238 "http://www.bet-esport.com/wp-cron.php?doing_wp_cron=1516619843.1040060520172119140625" "WordPress/4.9.2; http://www.bet-esport.com"
5.45.207.12 - - [22/Jan/2018:11:17:23 +0000] "GET /tag/five/ HTTP/1.1" 200 4221 "-" "Mozilla/5.0 (compatible; YandexBot/3.0; +http://yandex.com/bots)"
45.77.4.48 - - [22/Jan/2018:11:20:01 +0000] "GET /autopost-tournament/ HTTP/1.1" 200 2279 "-" "curl/7.38.0"
192.0.102.40 - - [22/Jan/2018:11:20:07 +0000] "HEAD / HTTP/1.0" 200 289 "-" "jetmon/1.0 (Jetpack Site Uptime Monitor by WordPress.com)"
45.77.4.48 - - [22/Jan/2018:11:24:44 +0000] "POST /wp-cron.php?doing_wp_cron=1516620284.3202340602874755859375 HTTP/1.0" 200 238 "https://www.bet-esport.com/wp-cron.php?doing_wp_cron=1516620284.3202340602874755859375" "WordPress/4.9.2; https://www.bet-esport.com"
207.46.13.201 - - [22/Jan/2018:11:24:44 +0000] "GET /robots.txt HTTP/1.1" 200 454 "-" "Mozilla/5.0 (compatible; bingbot/2.0; +http://www.bing.com/bingbot.htm)"
207.46.13.201 - - [22/Jan/2018:11:24:44 +0000] "GET /robots.txt HTTP/1.0" 200 473 "-" "Mozilla/5.0 (compatible; bingbot/2.0; +http://www.bing.com/bingbot.htm)"
207.46.13.135 - - [22/Jan/2018:11:24:46 +0000] "GET / HTTP/1.1" 301 273 "-" "Mozilla/5.0 (compatible; bingbot/2.0; +http://www.bing.com/bingbot.htm)"
45.77.4.48 - - [22/Jan/2018:11:25:01 +0000] "GET /autopost-tournament/ HTTP/1.1" 200 2262 "-" "curl/7.38.0"
192.0.102.40 - - [22/Jan/2018:11:25:10 +0000] "HEAD / HTTP/1.0" 200 289 "-" "jetmon/1.0 (Jetpack Site Uptime Monitor by WordPress.com)"
45.77.4.48 - - [22/Jan/2018:11:27:16 +0000] "POST /wp-cron.php?doing_wp_cron=1516620436.4623050689697265625000 HTTP/1.0" 200 238 "http://www.bet-esport.com/wp-cron.php?doing_wp_cron=1516620436.4623050689697265625000" "WordPress/4.9.2; http://www.bet-esport.com"
5.45.207.12 - - [22/Jan/2018:11:27:16 +0000] "GET /match/bet-goldengitte-vs-serenic-dust2dk-01-17-2018/ HTTP/1.1" 200 6240 "-" "Mozilla/5.0 (compatible; YandexBot/3.0; +http://yandex.com/bots)"
5.45.207.12 - - [22/Jan/2018:11:28:35 +0000] "GET /tag/team-elysium/ HTTP/1.1" 200 4227 "-" "Mozilla/5.0 (compatible; YandexBot/3.0; +http://yandex.com/bots)"
5.45.207.12 - - [22/Jan/2018:11:29:30 +0000] "GET /match/bet-spirit-academy-vs-goodjob-stream-me-gauntlet-11-21-2017/ HTTP/1.1" 404 12473 "-" "Mozilla/5.0 (compatible; YandexBot/3.0; +http://yandex.com/bots)"
45.77.4.48 - - [22/Jan/2018:11:30:01 +0000] "GET /autopost-tournament/ HTTP/1.1" 200 2260 "-" "curl/7.38.0"
192.0.102.40 - - [22/Jan/2018:11:30:16 +0000] "HEAD / HTTP/1.0" 200 289 "-" "jetmon/1.0 (Jetpack Site Uptime Monitor by WordPress.com)"
5.45.207.12 - - [22/Jan/2018:11:30:55 +0000] "GET /match/bet-focus-vs-check-seer-cup-01-04-2018/ HTTP/1.1" 404 12451 "-" "Mozilla/5.0 (compatible; YandexBot/3.0; +http://yandex.com/bots)"
45.77.4.48 - - [22/Jan/2018:11:35:01 +0000] "POST /wp-cron.php?doing_wp_cron=1516620901.2768139839172363281250 HTTP/1.0" 200 238 "http://www.bet-esport.com/wp-cron.php?doing_wp_cron=1516620901.2768139839172363281250" "WordPress/4.9.2; http://www.bet-esport.com"
45.77.4.48 - - [22/Jan/2018:11:35:01 +0000] "GET /autopost-tournament/ HTTP/1.1" 200 2254 "-" "curl/7.38.0"
176.121.10.58 - - [22/Jan/2018:11:35:05 +0000] "GET / HTTP/1.1" 301 272 "-" "Mozilla/5.0 (Windows NT 6.1; WOW64) AppleWebKit/537.36 (KHTML, like Gecko) Chrome/36.0.1985.143 Safari/537.36"
176.121.10.58 - - [22/Jan/2018:11:35:11 +0000] "GET / HTTP/1.0" 200 8084 "http://bet-esport.com" "Go-http-client/1.1"
192.0.102.40 - - [22/Jan/2018:11:36:17 +0000] "HEAD / HTTP/1.0" 200 289 "-" "jetmon/1.0 (Jetpack Site Uptime Monitor by WordPress.com)"
45.77.4.48 - - [22/Jan/2018:11:40:01 +0000] "POST /wp-cron.php?doing_wp_cron=1516621201.5680079460144042968750 HTTP/1.0" 200 238 "http://www.bet-esport.com/wp-cron.php?doing_wp_cron=1516621201.5680079460144042968750" "WordPress/4.9.2; http://www.bet-esport.com"
45.77.4.48 - - [22/Jan/2018:11:40:01 +0000] "GET /autopost-tournament/ HTTP/1.1" 200 2243 "-" "curl/7.38.0"
192.0.102.40 - - [22/Jan/2018:11:40:10 +0000] "HEAD / HTTP/1.0" 200 289 "-" "jetmon/1.0 (Jetpack Site Uptime Monitor by WordPress.com)"
66.249.79.5 - - [22/Jan/2018:11:41:21 +0000] "GET /robots.txt HTTP/1.1" 200 450 "-" "Mozilla/5.0 (compatible; Googlebot/2.1; +http://www.google.com/bot.html)"
66.249.79.5 - - [22/Jan/2018:11:41:21 +0000] "GET /i/logos/200/keyd-stars.png HTTP/1.1" 404 12433 "-" "Googlebot-Image/1.0"
45.77.4.48 - - [22/Jan/2018:11:43:09 +0000] "POST /wp-cron.php?doing_wp_cron=1516621389.6541650295257568359375 HTTP/1.0" 200 238 "http://www.bet-esport.com/wp-cron.php?doing_wp_cron=1516621389.6541650295257568359375" "WordPress/4.9.2; http://www.bet-esport.com"
5.45.207.12 - - [22/Jan/2018:11:43:09 +0000] "GET /tag/yato-gaming/ HTTP/1.1" 200 4227 "-" "Mozilla/5.0 (compatible; YandexBot/3.0; +http://yandex.com/bots)"
45.77.4.48 - - [22/Jan/2018:11:45:01 +0000] "GET /autopost-tournament/ HTTP/1.1" 200 2256 "-" "curl/7.38.0"
45.77.4.48 - - [22/Jan/2018:11:45:39 +0000] "POST /wp-cron.php?doing_wp_cron=1516621539.5586349964141845703125 HTTP/1.0" 200 238 "http://www.bet-esport.com/wp-cron.php?doing_wp_cron=1516621539.5586349964141845703125" "WordPress/4.9.2; http://www.bet-esport.com"
192.0.102.40 - - [22/Jan/2018:11:45:39 +0000] "HEAD / HTTP/1.0" 200 289 "-" "jetmon/1.0 (Jetpack Site Uptime Monitor by WordPress.com)"
66.249.79.7 - - [22/Jan/2018:11:45:40 +0000] "GET /sitemap.xml HTTP/1.1" 200 906 "-" "Mozilla/5.0 (compatible; Googlebot/2.1; +http://www.google.com/bot.html)"
66.249.79.5 - - [22/Jan/2018:11:45:41 +0000] "GET /sitemap-pt-match-2018-01.xml HTTP/1.1" 200 686 "-" "Mozilla/5.0 (compatible; Googlebot/2.1; +http://www.google.com/bot.html)"
45.77.4.48 - - [22/Jan/2018:11:46:33 +0000] "POST /wp-cron.php?doing_wp_cron=1516621593.8517351150512695312500 HTTP/1.0" 200 238 "http://www.bet-esport.com/wp-cron.php?doing_wp_cron=1516621593.8517351150512695312500" "WordPress/4.9.2; http://www.bet-esport.com"
66.249.79.1 - - [22/Jan/2018:11:46:33 +0000] "GET /i/logos/100/creator.png HTTP/1.1" 404 12430 "-" "Googlebot-Image/1.0"
158.69.116.77 - - [22/Jan/2018:11:47:36 +0000] "GET / HTTP/1.0" 200 52346 "-" "Mozilla/5.0 (compatible; Dataprovider.com;)"
158.69.116.77 - - [22/Jan/2018:11:47:40 +0000] "GET /robots.txt HTTP/1.1" 200 450 "-" "Mozilla/5.0 (compatible; Dataprovider.com;)"
158.69.116.77 - - [22/Jan/2018:11:47:40 +0000] "GET /sitemap.xml HTTP/1.0" 200 2471 "-" "Mozilla/5.0 (compatible; Dataprovider.com;)"
158.69.116.77 - - [22/Jan/2018:11:47:40 +0000] "GET / HTTP/1.0" 200 52346 "-" "Mozilla/5.0 (compatible; Dataprovider.com;)"
158.69.116.77 - - [22/Jan/2018:11:47:42 +0000] "GET /contact/ HTTP/1.1" 200 5074 "-" "Mozilla/5.0 (compatible; Dataprovider.com;)"
158.69.116.77 - - [22/Jan/2018:11:47:44 +0000] "GET /match/bet-team-secret-vs-planet-dog-esl-one-genting-01-22-2018/ HTTP/1.1" 200 6738 "-" "Mozilla/5.0 (compatible; Dataprovider.com;)"
158.69.116.77 - - [22/Jan/2018:11:47:45 +0000] "GET /match/bet-g-rex-vs-mad-team-lms-spring-split-01-28-2018/ HTTP/1.1" 200 6681 "-" "Mozilla/5.0 (compatible; Dataprovider.com;)"
158.69.116.77 - - [22/Jan/2018:11:47:46 +0000] "GET /match/bet-kongdoo-panthera-vs-team-laffey-team-story-01-22-2018/ HTTP/1.1" 200 6405 "-" "Mozilla/5.0 (compatible; Dataprovider.com;)"
158.69.116.77 - - [22/Jan/2018:11:47:47 +0000] "GET /match/bet-mineski-vs-tnc-pro-team-esl-one-genting-01-23-2018/ HTTP/1.1" 200 6753 "-" "Mozilla/5.0 (compatible; Dataprovider.com;)"
158.69.116.77 - - [22/Jan/2018:11:47:48 +0000] "GET /match/bet-lgd-vs-team-laffey-team-story-01-22-2018/ HTTP/1.1" 200 6476 "-" "Mozilla/5.0 (compatible; Dataprovider.com;)"
158.69.116.77 - - [22/Jan/2018:11:47:49 +0000] "GET /match/bet-team-secret-vs-planet-dog-esl-one-genting-01-23-2018/ HTTP/1.1" 200 6836 "-" "Mozilla/5.0 (compatible; Dataprovider.com;)"
158.69.116.77 - - [22/Jan/2018:11:47:51 +0000] "GET /match/bet-hwa-gaming-vs-team-aurora-tcl-winter-01-22-2018/ HTTP/1.1" 200 6540 "-" "Mozilla/5.0 (compatible; Dataprovider.com;)"
158.69.116.77 - - [22/Jan/2018:11:47:53 +0000] "GET /match/bet-flash-wolves-vs-team-afro-lms-spring-split-01-25-2018/ HTTP/1.1" 200 6675 "-" "Mozilla/5.0 (compatible; Dataprovider.com;)"
158.69.116.77 - - [22/Jan/2018:11:47:54 +0000] "GET /ads.txt HTTP/1.1" 404 12414 "-" "Mozilla/5.0 (compatible; Dataprovider.com;)"
158.69.116.77 - - [22/Jan/2018:11:47:57 +0000] "GET / HTTP/1.0" 200 52346 "-" "Mozilla/5.0 (Linux; Android 5.1.1; SM-G925F Build/LMY47X) AppleWebKit/537.36 (KHTML, like Gecko) Chrome/45.0.2454.94 Mobile Safari/537.36"
88.132.15.90 - - [22/Jan/2018:11:49:54 +0000] "POST /wp-login.php HTTP/1.0" 403 3285 "-" "Mozilla/5.0 (Windows NT 6.1; Win64; x64) AppleWebKit/537.36 (KHTML, like Gecko) Chrome/53.0.2785.89 Safari/537.36"
45.77.4.48 - - [22/Jan/2018:11:50:01 +0000] "GET /autopost-tournament/ HTTP/1.1" 200 2224 "-" "curl/7.38.0"
192.0.102.40 - - [22/Jan/2018:11:50:04 +0000] "HEAD / HTTP/1.0" 200 289 "-" "jetmon/1.0 (Jetpack Site Uptime Monitor by WordPress.com)"
45.77.4.48 - - [22/Jan/2018:11:55:02 +0000] "POST /wp-cron.php?doing_wp_cron=1516622101.9940879344940185546875 HTTP/1.0" 200 238 "http://www.bet-esport.com/wp-cron.php?doing_wp_cron=1516622101.9940879344940185546875" "WordPress/4.9.2; http://www.bet-esport.com"
66.249.79.7 - - [22/Jan/2018:11:55:02 +0000] "GET /sitemap.xml HTTP/1.1" 200 905 "-" "Mozilla/5.0 (compatible; Googlebot/2.1; +http://www.google.com/bot.html)"
45.77.4.48 - - [22/Jan/2018:11:55:01 +0000] "GET /autopost-tournament/ HTTP/1.1" 200 2192 "-" "curl/7.38.0"
192.0.102.40 - - [22/Jan/2018:11:56:11 +0000] "HEAD / HTTP/1.0" 200 289 "-" "jetmon/1.0 (Jetpack Site Uptime Monitor by WordPress.com)"
45.77.4.48 - - [22/Jan/2018:11:57:01 +0000] "POST /wp-cron.php?doing_wp_cron=1516622221.6134619712829589843750 HTTP/1.0" 200 238 "http://www.bet-esport.com/wp-cron.php?doing_wp_cron=1516622221.6134619712829589843750" "WordPress/4.9.2; http://www.bet-esport.com"
180.76.15.139 - - [22/Jan/2018:11:57:01 +0000] "GET /match/bet-goldengitte-vs-serenic-dust2dk-01-17-2018/ HTTP/1.1" 200 6240 "-" "Mozilla/5.0 (compatible; Baiduspider/2.0; +http://www.baidu.com/search/spider.html)"
207.46.13.135 - - [22/Jan/2018:11:59:06 +0000] "GET /sitemap-misc.xml HTTP/1.1" 200 797 "-" "Mozilla/5.0 (compatible; bingbot/2.0; +http://www.bing.com/bingbot.htm)"
157.55.39.88 - - [22/Jan/2018:11:59:15 +0000] "GET /sitemap-tax-category.xml HTTP/1.1" 200 827 "-" "Mozilla/5.0 (compatible; bingbot/2.0; +http://www.bing.com/bingbot.htm)"
5.45.207.12 - - [22/Jan/2018:11:59:25 +0000] "GET /tag/dreamhack-valencia/ HTTP/1.1" 200 4229 "-" "Mozilla/5.0 (compatible; YandexBot/3.0; +http://yandex.com/bots)"
45.77.4.48 - - [22/Jan/2018:12:00:07 +0000] "POST /wp-cron.php?doing_wp_cron=1516622407.7368030548095703125000 HTTP/1.0" 200 238 "http://www.bet-esport.com/wp-cron.php?doing_wp_cron=1516622407.7368030548095703125000" "WordPress/4.9.2; http://www.bet-esport.com"
192.0.102.40 - - [22/Jan/2018:12:00:07 +0000] "HEAD / HTTP/1.0" 200 289 "-" "jetmon/1.0 (Jetpack Site Uptime Monitor by WordPress.com)"
66.249.79.1 - - [22/Jan/2018:12:00:08 +0000] "GET /sitemap.xml HTTP/1.1" 200 905 "-" "Mozilla/5.0 (compatible; Googlebot/2.1; +http://www.google.com/bot.html)"
66.249.79.7 - - [22/Jan/2018:12:00:09 +0000] "GET /sitemap-pt-match-2018-01.xml HTTP/1.1" 200 686 "-" "Mozilla/5.0 (compatible; Googlebot/2.1; +http://www.google.com/bot.html)"
45.77.4.48 - - [22/Jan/2018:12:00:01 +0000] "GET /autopost-tournament/ HTTP/1.1" 200 2451 "-" "curl/7.38.0"
5.45.207.12 - - [22/Jan/2018:12:03:11 +0000] "GET /tag/cyberzen/ HTTP/1.1" 200 4225 "-" "Mozilla/5.0 (compatible; YandexBot/3.0; +http://yandex.com/bots)"
45.77.4.48 - - [22/Jan/2018:12:03:11 +0000] "POST /wp-cron.php?doing_wp_cron=1516622591.6818869113922119140625 HTTP/1.0" 200 238 "http://www.bet-esport.com/wp-cron.php?doing_wp_cron=1516622591.6818869113922119140625" "WordPress/4.9.2; http://www.bet-esport.com"
45.77.4.48 - - [22/Jan/2018:12:05:01 +0000] "GET /autopost-tournament/ HTTP/1.1" 200 2421 "-" "curl/7.38.0"
192.0.102.40 - - [22/Jan/2018:12:05:19 +0000] "HEAD / HTTP/1.0" 200 289 "-" "jetmon/1.0 (Jetpack Site Uptime Monitor by WordPress.com)"
45.77.4.48 - - [22/Jan/2018:12:09:56 +0000] "POST /wp-cron.php?doing_wp_cron=1516622996.1757199764251708984375 HTTP/1.0" 200 238 "http://www.bet-esport.com/wp-cron.php?doing_wp_cron=1516622996.1757199764251708984375" "WordPress/4.9.2; http://www.bet-esport.com"
112.90.82.196 - - [22/Jan/2018:12:09:56 +0000] "GET /wp-content/plugins/cardoza-facebook-like-box/cardoza_facebook_like_box.php HTTP/1.1" 301 439 "-" "Mozilla/5.0 (iPhone; CPU iPhone OS 9_3_4 like Mac OS X) AppleWebKit/601.1.46 (KHTML, like Gecko) Mobile/13G35 QQ/6.5.3.410 V1_IPH_SQ_6.5.3_1_APP_A Pixel/750 Core/UIWebView NetType/2G Mem/117"
112.90.82.196 - - [22/Jan/2018:12:09:57 +0000] "GET /wp-content/plugins/cardoza-facebook-like-box/cardoza_facebook_like_box.php HTTP/1.1" 404 12482 "http://bet-esport.com/wp-content/plugins/cardoza-facebook-like-box/cardoza_facebook_like_box.php" "Mozilla/5.0 (iPhone; CPU iPhone OS 9_3_4 like Mac OS X) AppleWebKit/601.1.46 (KHTML, like Gecko) Mobile/13G35 QQ/6.5.3.410 V1_IPH_SQ_6.5.3_1_APP_A Pixel/750 Core/UIWebView NetType/2G Mem/117"
45.77.4.48 - - [22/Jan/2018:12:10:01 +0000] "GET /autopost-tournament/ HTTP/1.1" 200 2438 "-" "curl/7.38.0"
192.0.102.40 - - [22/Jan/2018:12:10:18 +0000] "HEAD / HTTP/1.0" 200 289 "-" "jetmon/1.0 (Jetpack Site Uptime Monitor by WordPress.com)"
45.77.4.48 - - [22/Jan/2018:12:14:52 +0000] "POST /wp-cron.php?doing_wp_cron=1516623292.4828319549560546875000 HTTP/1.0" 200 238 "http://www.bet-esport.com/wp-cron.php?doing_wp_cron=1516623292.4828319549560546875000" "WordPress/4.9.2; http://www.bet-esport.com"
5.45.207.12 - - [22/Jan/2018:12:14:52 +0000] "GET /match/bet-muzzy-vs-jasonzhou-championship-tour-01-20-2018/ HTTP/1.1" 200 6216 "-" "Mozilla/5.0 (compatible; YandexBot/3.0; +http://yandex.com/bots)"
45.77.4.48 - - [22/Jan/2018:12:15:01 +0000] "GET /autopost-tournament/ HTTP/1.1" 200 2455 "-" "curl/7.38.0"
192.0.102.40 - - [22/Jan/2018:12:15:10 +0000] "HEAD / HTTP/1.0" 200 289 "-" "jetmon/1.0 (Jetpack Site Uptime Monitor by WordPress.com)"
78.46.227.8 - - [22/Jan/2018:12:15:11 +0000] "GET / HTTP/1.0" 200 8013 "https://www.timer4web.com/" "Mozilla/55 (Windows NT 10.0; WOW64; rv:55.0) Gecko/20100101 Firefox/55"
78.46.227.8 - - [22/Jan/2018:12:15:13 +0000] "GET /i/logos/100/radiant.png HTTP/1.1" 404 12430 "http://www.bet-esport.com/" "Mozilla/55 (Windows NT 10.0; WOW64; rv:55.0) Gecko/20100101 Firefox/55"
78.46.227.8 - - [22/Jan/2018:12:15:13 +0000] "GET /i/logos/100/planet-dog.png HTTP/1.1" 404 12433 "http://www.bet-esport.com/" "Mozilla/55 (Windows NT 10.0; WOW64; rv:55.0) Gecko/20100101 Firefox/55"
78.46.227.8 - - [22/Jan/2018:12:15:13 +0000] "GET /i/logos/100/sg-e-sports.png HTTP/1.1" 404 12434 "http://www.bet-esport.com/" "Mozilla/55 (Windows NT 10.0; WOW64; rv:55.0) Gecko/20100101 Firefox/55"
78.46.227.8 - - [22/Jan/2018:12:15:13 +0000] "GET /i/logos/100/order.png HTTP/1.1" 404 12428 "http://www.bet-esport.com/" "Mozilla/55 (Windows NT 10.0; WOW64; rv:55.0) Gecko/20100101 Firefox/55"
78.46.227.8 - - [22/Jan/2018:12:15:13 +0000] "GET /i/logos/100/spirit.png HTTP/1.1" 404 12429 "http://www.bet-esport.com/" "Mozilla/55 (Windows NT 10.0; WOW64; rv:55.0) Gecko/20100101 Firefox/55"
78.46.227.8 - - [22/Jan/2018:12:15:13 +0000] "GET /i/logos/100/asterion.png HTTP/1.1" 404 12431 "http://www.bet-esport.com/" "Mozilla/55 (Windows NT 10.0; WOW64; rv:55.0) Gecko/20100101 Firefox/55"
78.46.227.8 - - [22/Jan/2018:12:15:13 +0000] "GET /i/logos/100/royal-bandits.png HTTP/1.1" 404 12436 "http://www.bet-esport.com/" "Mozilla/55 (Windows NT 10.0; WOW64; rv:55.0) Gecko/20100101 Firefox/55"
78.46.227.8 - - [22/Jan/2018:12:15:13 +0000] "GET /i/logos/100/youthcrew.png HTTP/1.1" 404 12432 "http://www.bet-esport.com/" "Mozilla/55 (Windows NT 10.0; WOW64; rv:55.0) Gecko/20100101 Firefox/55"
78.46.227.8 - - [22/Jan/2018:12:15:13 +0000] "GET /i/logos/100/hwa-gaming.png HTTP/1.1" 404 12433 "http://www.bet-esport.com/" "Mozilla/55 (Windows NT 10.0; WOW64; rv:55.0) Gecko/20100101 Firefox/55"
78.46.227.8 - - [22/Jan/2018:12:15:13 +0000] "GET /i/logos/100/team-aurora.png HTTP/1.1" 404 12434 "http://www.bet-esport.com/" "Mozilla/55 (Windows NT 10.0; WOW64; rv:55.0) Gecko/20100101 Firefox/55"
78.46.227.8 - - [22/Jan/2018:12:15:16 +0000] "GET /i/logos/100/dark-passage.png HTTP/1.1" 404 12435 "http://www.bet-esport.com/" "Mozilla/55 (Windows NT 10.0; WOW64; rv:55.0) Gecko/20100101 Firefox/55"
78.46.227.8 - - [22/Jan/2018:12:15:16 +0000] "GET /i/logos/100/bausupermassive.png HTTP/1.1" 404 12438 "http://www.bet-esport.com/" "Mozilla/55 (Windows NT 10.0; WOW64; rv:55.0) Gecko/20100101 Firefox/55"
78.46.227.8 - - [22/Jan/2018:12:15:16 +0000] "GET /i/logos/100/g-rex.png HTTP/1.1" 404 12428 "http://www.bet-esport.com/" "Mozilla/55 (Windows NT 10.0; WOW64; rv:55.0) Gecko/20100101 Firefox/55"
78.46.227.8 - - [22/Jan/2018:12:15:16 +0000] "GET /i/logos/100/galakticos.png HTTP/1.1" 404 12433 "http://www.bet-esport.com/" "Mozilla/55 (Windows NT 10.0; WOW64; rv:55.0) Gecko/20100101 Firefox/55"
78.46.227.8 - - [22/Jan/2018:12:15:16 +0000] "GET /i/logos/100/1907-fenerbahce.png HTTP/1.1" 404 12438 "http://www.bet-esport.com/" "Mozilla/55 (Windows NT 10.0; WOW64; rv:55.0) Gecko/20100101 Firefox/55"
78.46.227.8 - - [22/Jan/2018:12:15:16 +0000] "GET /i/logos/100/mad-team.png HTTP/1.1" 404 12431 "http://www.bet-esport.com/" "Mozilla/55 (Windows NT 10.0; WOW64; rv:55.0) Gecko/20100101 Firefox/55"
78.46.227.8 - - [22/Jan/2018:12:15:16 +0000] "GET /i/logos/100/team-afro.png HTTP/1.1" 404 12432 "http://www.bet-esport.com/" "Mozilla/55 (Windows NT 10.0; WOW64; rv:55.0) Gecko/20100101 Firefox/55"
78.46.227.8 - - [22/Jan/2018:12:15:16 +0000] "GET /i/logos/100/byun.png HTTP/1.1" 404 12427 "http://www.bet-esport.com/" "Mozilla/55 (Windows NT 10.0; WOW64; rv:55.0) Gecko/20100101 Firefox/55"
78.46.227.8 - - [22/Jan/2018:12:15:16 +0000] "GET /i/logos/100/trap.png HTTP/1.1" 404 12427 "http://www.bet-esport.com/" "Mozilla/55 (Windows NT 10.0; WOW64; rv:55.0) Gecko/20100101 Firefox/55"
78.46.227.8 - - [22/Jan/2018:12:15:16 +0000] "GET /i/logos/100/dark.png HTTP/1.1" 404 12427 "http://www.bet-esport.com/" "Mozilla/55 (Windows NT 10.0; WOW64; rv:55.0) Gecko/20100101 Firefox/55"
78.46.227.8 - - [22/Jan/2018:12:15:16 +0000] "GET /i/logos/100/trust.png HTTP/1.1" 404 12428 "http://www.bet-esport.com/" "Mozilla/55 (Windows NT 10.0; WOW64; rv:55.0) Gecko/20100101 Firefox/55"
78.46.227.8 - - [22/Jan/2018:12:15:16 +0000] "GET /i/logos/100/maru.png HTTP/1.1" 404 12427 "http://www.bet-esport.com/" "Mozilla/55 (Windows NT 10.0; WOW64; rv:55.0) Gecko/20100101 Firefox/55"
78.46.227.8 - - [22/Jan/2018:12:15:16 +0000] "GET /i/logos/100/ptitdrogo.png HTTP/1.1" 404 12432 "http://www.bet-esport.com/" "Mozilla/55 (Windows NT 10.0; WOW64; rv:55.0) Gecko/20100101 Firefox/55"
78.46.227.8 - - [22/Jan/2018:12:15:16 +0000] "GET /i/logos/100/true.png HTTP/1.1" 404 12427 "http://www.bet-esport.com/" "Mozilla/55 (Windows NT 10.0; WOW64; rv:55.0) Gecko/20100101 Firefox/55"
78.46.227.8 - - [22/Jan/2018:12:15:16 +0000] "GET /i/logos/100/namshar.png HTTP/1.1" 404 12430 "http://www.bet-esport.com/" "Mozilla/55 (Windows NT 10.0; WOW64; rv:55.0) Gecko/20100101 Firefox/55"
78.46.227.8 - - [22/Jan/2018:12:15:16 +0000] "GET /i/logos/100/creator.png HTTP/1.1" 404 12430 "http://www.bet-esport.com/" "Mozilla/55 (Windows NT 10.0; WOW64; rv:55.0) Gecko/20100101 Firefox/55"
78.46.227.8 - - [22/Jan/2018:12:15:16 +0000] "GET /i/logos/100/serral.png HTTP/1.1" 404 12429 "http://www.bet-esport.com/" "Mozilla/55 (Windows NT 10.0; WOW64; rv:55.0) Gecko/20100101 Firefox/55"
78.46.227.8 - - [22/Jan/2018:12:15:16 +0000] "GET /i/logos/100/nerchio.png HTTP/1.1" 404 12430 "http://www.bet-esport.com/" "Mozilla/55 (Windows NT 10.0; WOW64; rv:55.0) Gecko/20100101 Firefox/55"
78.46.227.8 - - [22/Jan/2018:12:15:17 +0000] "GET /i/logos/100/harstem.png HTTP/1.1" 404 12430 "http://www.bet-esport.com/" "Mozilla/55 (Windows NT 10.0; WOW64; rv:55.0) Gecko/20100101 Firefox/55"
78.46.227.8 - - [22/Jan/2018:12:15:17 +0000] "GET /i/logos/100/team-laffey.png HTTP/1.1" 404 12434 "http://www.bet-esport.com/" "Mozilla/55 (Windows NT 10.0; WOW64; rv:55.0) Gecko/20100101 Firefox/55"
78.46.227.8 - - [22/Jan/2018:12:15:17 +0000] "GET /i/logos/100/shanghai-dragons.png HTTP/1.1" 404 12439 "http://www.bet-esport.com/" "Mozilla/55 (Windows NT 10.0; WOW64; rv:55.0) Gecko/20100101 Firefox/55"
78.46.227.8 - - [22/Jan/2018:12:15:17 +0000] "GET /i/logos/100/los-angeles-gladiators.png HTTP/1.1" 404 12445 "http://www.bet-esport.com/" "Mozilla/55 (Windows NT 10.0; WOW64; rv:55.0) Gecko/20100101 Firefox/55"
78.46.227.8 - - [22/Jan/2018:12:15:17 +0000] "GET /fonts/fontawesome-webfont.woff?v=4.6.1 HTTP/1.1" 200 89321 "http://www.bet-esport.com/" "Mozilla/55 (Windows NT 10.0; WOW64; rv:55.0) Gecko/20100101 Firefox/55"
78.46.227.8 - - [22/Jan/2018:12:15:29 +0000] "GET /so-youre-looking-to-bet-money-on-esports/ HTTP/1.1" 200 6286 "http://www.bet-esport.com/" "Mozilla/55 (Windows NT 10.0; WOW64; rv:55.0) Gecko/20100101 Firefox/55"
78.46.227.8 - - [22/Jan/2018:12:15:37 +0000] "GET /esports-betting-tips/ HTTP/1.1" 200 4575 "http://www.bet-esport.com/so-youre-looking-to-bet-money-on-esports/" "Mozilla/55 (Windows NT 10.0; WOW64; rv:55.0) Gecko/20100101 Firefox/55"
78.46.227.8 - - [22/Jan/2018:12:15:38 +0000] "GET /tournaments/ HTTP/1.1" 200 5403 "http://www.bet-esport.com/esports-betting-tips/" "Mozilla/55 (Windows NT 10.0; WOW64; rv:55.0) Gecko/20100101 Firefox/55"
45.77.4.48 - - [22/Jan/2018:12:20:01 +0000] "POST /wp-cron.php?doing_wp_cron=1516623601.4573180675506591796875 HTTP/1.0" 200 238 "http://www.bet-esport.com/wp-cron.php?doing_wp_cron=1516623601.4573180675506591796875" "WordPress/4.9.2; http://www.bet-esport.com"
45.77.4.48 - - [22/Jan/2018:12:20:07 +0000] "POST /wp-cron.php?doing_wp_cron=1516623607.3029429912567138671875 HTTP/1.0" 200 238 "http://www.bet-esport.com/wp-cron.php?doing_wp_cron=1516623607.3029429912567138671875" "WordPress/4.9.2; http://www.bet-esport.com"
36.72.176.33 - - [22/Jan/2018:12:20:07 +0000] "POST /index.php?abc11=123&login=cmd HTTP/1.0" 200 7875 "http://bet-esport.com/index.php?abc11=123&login=cmd" "Mozilla/4.0 (compatible; MSIE 6.0; Windows NT 5.1; SV1)"
66.249.79.1 - - [22/Jan/2018:12:20:08 +0000] "GET /sitemap-pt-match-2018-01.xml HTTP/1.1" 200 684 "-" "Mozilla/5.0 (compatible; Googlebot/2.1; +http://www.google.com/bot.html)"
66.249.79.5 - - [22/Jan/2018:12:20:09 +0000] "GET /sitemap.xml HTTP/1.1" 200 906 "-" "Mozilla/5.0 (compatible; Googlebot/2.1; +http://www.google.com/bot.html)"
45.77.4.48 - - [22/Jan/2018:12:20:01 +0000] "GET /autopost-tournament/ HTTP/1.1" 200 2560 "-" "curl/7.38.0"
192.0.102.40 - - [22/Jan/2018:12:20:12 +0000] "HEAD / HTTP/1.0" 200 289 "-" "jetmon/1.0 (Jetpack Site Uptime Monitor by WordPress.com)"
45.77.4.48 - - [22/Jan/2018:12:25:01 +0000] "GET /autopost-tournament/ HTTP/1.1" 200 2788 "-" "curl/7.38.0"
192.0.102.40 - - [22/Jan/2018:12:25:10 +0000] "GET / HTTP/1.1" 200 7853 "-" "jetmon/1.0 (Jetpack Site Uptime Monitor by WordPress.com)"
45.77.4.48 - - [22/Jan/2018:12:25:01 +0000] "POST /wp-cron.php?doing_wp_cron=1516623901.3251180648803710937500 HTTP/1.0" 200 238 "http://www.bet-esport.com/wp-cron.php?doing_wp_cron=1516623901.3251180648803710937500" "WordPress/4.9.2; http://www.bet-esport.com"
5.45.207.12 - - [22/Jan/2018:12:26:15 +0000] "GET /match/bet-og-vs-penta-sports-esl-one-genting-12-21-2017/ HTTP/1.1" 404 12462 "-" "Mozilla/5.0 (compatible; YandexBot/3.0; +http://yandex.com/bots)"
45.77.4.48 - - [22/Jan/2018:12:26:15 +0000] "POST /wp-cron.php?doing_wp_cron=1516623975.9741029739379882812500 HTTP/1.0" 200 238 "http://www.bet-esport.com/wp-cron.php?doing_wp_cron=1516623975.9741029739379882812500" "WordPress/4.9.2; http://www.bet-esport.com"
45.77.4.48 - - [22/Jan/2018:12:26:36 +0000] "POST /wp-cron.php?doing_wp_cron=1516623996.3804869651794433593750 HTTP/1.0" 200 238 "http://www.bet-esport.com/wp-cron.php?doing_wp_cron=1516623996.3804869651794433593750" "WordPress/4.9.2; http://www.bet-esport.com"
66.249.79.5 - - [22/Jan/2018:12:26:36 +0000] "GET /sitemap.xml HTTP/1.1" 200 908 "-" "Mozilla/5.0 (compatible; Googlebot/2.1; +http://www.google.com/bot.html)"
66.249.79.1 - - [22/Jan/2018:12:26:37 +0000] "GET /sitemap-pt-match-2018-01.xml HTTP/1.1" 200 687 "-" "Mozilla/5.0 (compatible; Googlebot/2.1; +http://www.google.com/bot.html)"
5.45.207.12 - - [22/Jan/2018:12:27:46 +0000] "GET /match/bet-boot-ds-vs-recca-wesg-apac-01-14-2018/ HTTP/1.1" 200 6290 "-" "Mozilla/5.0 (compatible; YandexBot/3.0; +http://yandex.com/bots)"
203.129.113.142 - - [22/Jan/2018:12:28:49 +0000] "GET /wp-content/themes/wp-update.php HTTP/1.1" 301 396 "bet-esport.com" "Mozilla/5.1 (Windows NT 6.0; WOW64) AppleWebKit/537.37 (KHTML, like Gecko) Chrome/58.0.1145.75 Safari/537.37"
203.129.113.142 - - [22/Jan/2018:12:28:50 +0000] "GET /wp-content/themes/wp-update.php HTTP/1.1" 404 12438 "bet-esport.com" "Mozilla/5.1 (Windows NT 6.0; WOW64) AppleWebKit/537.37 (KHTML, like Gecko) Chrome/58.0.1145.75 Safari/537.37"
5.45.207.12 - - [22/Jan/2018:12:29:11 +0000] "GET /robots.txt HTTP/1.1" 200 454 "-" "Mozilla/5.0 (compatible; YandexBot/3.0; +http://yandex.com/bots)"
45.77.4.48 - - [22/Jan/2018:12:30:01 +0000] "GET /autopost-tournament/ HTTP/1.1" 200 2723 "-" "curl/7.38.0"
192.0.102.40 - - [22/Jan/2018:12:30:15 +0000] "GET / HTTP/1.1" 200 7853 "-" "jetmon/1.0 (Jetpack Site Uptime Monitor by WordPress.com)"
45.77.4.48 - - [22/Jan/2018:12:33:36 +0000] "POST /wp-cron.php?doing_wp_cron=1516624416.7298400402069091796875 HTTP/1.0" 200 238 "http://www.bet-esport.com/wp-cron.php?doing_wp_cron=1516624416.7298400402069091796875" "WordPress/4.9.2; http://www.bet-esport.com"
66.249.79.1 - - [22/Jan/2018:12:33:36 +0000] "GET /match/bet-tyloo-vs-mvp-pk-3-sets-01-22-2018/ HTTP/1.1" 200 6230 "-" "Mozilla/5.0 (compatible; Googlebot/2.1; +http://www.google.com/bot.html)"
5.45.207.12 - - [22/Jan/2018:12:33:42 +0000] "GET /tag/team-moriarty/ HTTP/1.1" 200 4227 "-" "Mozilla/5.0 (compatible; YandexBot/3.0; +http://yandex.com/bots)"
66.249.79.5 - - [22/Jan/2018:12:33:46 +0000] "GET /match/bet-gambit-vs-sk-eleague-major-01-22-2018/ HTTP/1.1" 200 6656 "-" "Mozilla/5.0 (compatible; Googlebot/2.1; +http://www.google.com/bot.html)"
66.249.79.1 - - [22/Jan/2018:12:33:58 +0000] "GET /match/bet-lgd-vs-team-laffey-team-story-01-22-2018/ HTTP/1.1" 200 6400 "-" "Mozilla/5.0 (compatible; Googlebot/2.1; +http://www.google.com/bot.html)"
66.249.79.1 - - [22/Jan/2018:12:34:10 +0000] "GET /match/bet-true-vs-namshar-iem-qualifier-01-22-2018/ HTTP/1.1" 200 6695 "-" "Mozilla/5.0 (compatible; Googlebot/2.1; +http://www.google.com/bot.html)"
66.249.79.1 - - [22/Jan/2018:12:34:21 +0000] "GET /match/bet-spirit-vs-asterion-esea-europe-01-22-2018/ HTTP/1.1" 200 6365 "-" "Mozilla/5.0 (compatible; Googlebot/2.1; +http://www.google.com/bot.html)"
66.249.79.1 - - [22/Jan/2018:12:34:33 +0000] "GET /match/bet-creator-vs-serral-iem-qualifier-01-22-2018/ HTTP/1.1" 200 6684 "-" "Mozilla/5.0 (compatible; Googlebot/2.1; +http://www.google.com/bot.html)"
66.249.79.1 - - [22/Jan/2018:12:34:45 +0000] "GET /match/bet-maru-vs-ptitdrogo-iem-qualifier-01-22-2018/ HTTP/1.1" 200 6730 "-" "Mozilla/5.0 (compatible; Googlebot/2.1; +http://www.google.com/bot.html)"
66.249.79.1 - - [22/Jan/2018:12:34:56 +0000] "GET /match/bet-nerchio-vs-harstem-iem-qualifier-01-22-2018/ HTTP/1.1" 200 6690 "-" "Mozilla/5.0 (compatible; Googlebot/2.1; +http://www.google.com/bot.html)"
45.77.4.48 - - [22/Jan/2018:12:35:01 +0000] "GET /autopost-tournament/ HTTP/1.1" 200 2731 "-" "curl/7.38.0"
66.249.79.7 - - [22/Jan/2018:12:35:08 +0000] "GET /match/bet-astralis-vs-cloud9-eleague-major-01-22-2018/ HTTP/1.1" 200 6714 "-" "Mozilla/5.0 (compatible; Googlebot/2.1; +http://www.google.com/bot.html)"
192.0.102.40 - - [22/Jan/2018:12:35:17 +0000] "GET / HTTP/1.1" 200 7853 "-" "jetmon/1.0 (Jetpack Site Uptime Monitor by WordPress.com)"
66.249.79.5 - - [22/Jan/2018:12:35:20 +0000] "GET /match/bet-order-vs-tainted-minds-iem-katowice-01-23-2018/ HTTP/1.1" 200 6546 "-" "Mozilla/5.0 (compatible; Googlebot/2.1; +http://www.google.com/bot.html)"
66.249.79.1 - - [22/Jan/2018:12:35:32 +0000] "GET /match/bet-fnatic-vs-natus-vincere-eleague-major-01-22-2018/ HTTP/1.1" 200 6922 "-" "Mozilla/5.0 (compatible; Googlebot/2.1; +http://www.google.com/bot.html)"
66.249.79.1 - - [22/Jan/2018:12:35:44 +0000] "GET /match/bet-team-secret-vs-planet-dog-esl-one-genting-01-22-2018/ HTTP/1.1" 200 6741 "-" "Mozilla/5.0 (compatible; Googlebot/2.1; +http://www.google.com/bot.html)"
66.249.79.7 - - [22/Jan/2018:12:36:12 +0000] "GET /match/bet-quantum-bellator-fire-vs-mousesports-eleague-major-01-22-2018/ HTTP/1.1" 200 6656 "-" "Mozilla/5.0 (compatible; Googlebot/2.1; +http://www.google.com/bot.html)"
45.77.4.48 - - [22/Jan/2018:12:36:40 +0000] "POST /wp-cron.php?doing_wp_cron=1516624600.0751290321350097656250 HTTP/1.0" 200 238 "http://www.bet-esport.com/wp-cron.php?doing_wp_cron=1516624600.0751290321350097656250" "WordPress/4.9.2; http://www.bet-esport.com"
66.249.79.1 - - [22/Jan/2018:12:36:40 +0000] "GET /match/bet-snute-vs-bly-iem-qualifier-01-22-2018/ HTTP/1.1" 200 6657 "-" "Mozilla/5.0 (compatible; Googlebot/2.1; +http://www.google.com/bot.html)"
66.249.79.1 - - [22/Jan/2018:12:37:00 +0000] "GET /match/bet-bombers-vs-order-opl-01-27-2018/ HTTP/1.1" 200 6662 "-" "Mozilla/5.0 (compatible; Googlebot/2.1; +http://www.google.com/bot.html)"
66.249.79.7 - - [22/Jan/2018:12:37:23 +0000] "GET /match/bet-uthermal-vs-trap-iem-qualifier-01-22-2018/ HTTP/1.1" 200 6708 "-" "Mozilla/5.0 (compatible; Googlebot/2.1; +http://www.google.com/bot.html)"
66.249.79.1 - - [22/Jan/2018:12:37:45 +0000] "GET /match/bet-spirit-vs-asterion-esea-europe-01-27-2018/ HTTP/1.1" 200 6366 "-" "Mozilla/5.0 (compatible; Googlebot/2.1; +http://www.google.com/bot.html)"
66.249.79.5 - - [22/Jan/2018:12:38:06 +0000] "GET /match/bet-fnatic-vs-g2-eu-lcs-spring-split-01-27-2018/ HTTP/1.1" 200 6930 "-" "Mozilla/5.0 (compatible; Googlebot/2.1; +http://www.google.com/bot.html)"
66.249.79.1 - - [22/Jan/2018:12:38:28 +0000] "GET /match/bet-showtime-vs-stephano-iem-qualifier-01-22-2018/ HTTP/1.1" 200 6712 "-" "Mozilla/5.0 (compatible; Googlebot/2.1; +http://www.google.com/bot.html)"
66.249.79.1 - - [22/Jan/2018:12:38:51 +0000] "GET /match/bet-order-vs-tainted-minds-iem-katowice-01-26-2018/ HTTP/1.1" 200 6547 "-" "Mozilla/5.0 (compatible; Googlebot/2.1; +http://www.google.com/bot.html)"
66.249.79.7 - - [22/Jan/2018:12:39:13 +0000] "GET /match/bet-order-vs-tainted-minds-iem-katowice-01-27-2018/ HTTP/1.1" 200 6479 "-" "Mozilla/5.0 (compatible; Googlebot/2.1; +http://www.google.com/bot.html)"
66.249.79.1 - - [22/Jan/2018:12:39:35 +0000] "GET /match/bet-space-soldiers-vs-big-eleague-major-01-22-2018/ HTTP/1.1" 200 6652 "-" "Mozilla/5.0 (compatible; Googlebot/2.1; +http://www.google.com/bot.html)"
66.249.79.1 - - [22/Jan/2018:12:39:58 +0000] "GET /match/bet-liquid-vs-vega-squadron-eleague-major-01-22-2018/ HTTP/1.1" 200 6789 "-" "Mozilla/5.0 (compatible; Googlebot/2.1; +http://www.google.com/bot.html)"
45.77.4.48 - - [22/Jan/2018:12:40:01 +0000] "GET /autopost-tournament/ HTTP/1.1" 200 2719 "-" "curl/7.38.0"
192.0.102.40 - - [22/Jan/2018:12:40:07 +0000] "GET / HTTP/1.1" 200 7853 "-" "jetmon/1.0 (Jetpack Site Uptime Monitor by WordPress.com)"
66.249.79.5 - - [22/Jan/2018:12:40:21 +0000] "GET /match/bet-vitality-vs-fnatic-eu-lcs-spring-split-01-26-2018/ HTTP/1.1" 200 6869 "-" "Mozilla/5.0 (compatible; Googlebot/2.1; +http://www.google.com/bot.html)"
66.249.79.5 - - [22/Jan/2018:12:40:48 +0000] "GET /match/bet-lgd-vs-royal-never-give-up-lpl-spring-split-01-23-2018/ HTTP/1.1" 200 6719 "-" "Mozilla/5.0 (compatible; Googlebot/2.1; +http://www.google.com/bot.html)"
66.249.79.12 - - [22/Jan/2018:12:41:12 +0000] "GET /robots.txt HTTP/1.1" 200 454 "-" "Mozilla/5.0 (compatible; Googlebot/2.1; +http://www.google.com/bot.html)"
66.249.79.14 - - [22/Jan/2018:12:41:12 +0000] "GET /sitemap-tax-category.xml HTTP/1.1" 200 824 "-" "Mozilla/5.0 (compatible; Googlebot/2.1; +http://www.google.com/bot.html)"
66.249.79.1 - - [22/Jan/2018:12:41:18 +0000] "GET /match/bet-giants-vs-g2-eu-lcs-spring-split-01-26-2018/ HTTP/1.1" 200 6737 "-" "Mozilla/5.0 (compatible; Googlebot/2.1; +http://www.google.com/bot.html)"
45.77.4.48 - - [22/Jan/2018:12:41:37 +0000] "POST /wp-cron.php?doing_wp_cron=1516624897.7099399566650390625000 HTTP/1.0" 200 238 "http://www.bet-esport.com/wp-cron.php?doing_wp_cron=1516624897.7099399566650390625000" "WordPress/4.9.2; http://www.bet-esport.com"
66.249.79.1 - - [22/Jan/2018:12:41:37 +0000] "GET /robots.txt HTTP/1.1" 200 450 "-" "Mozilla/5.0 (compatible; Googlebot/2.1; +http://www.google.com/bot.html)"
66.249.79.1 - - [22/Jan/2018:12:41:37 +0000] "GET /match/bet-h2k-vs-giants-eu-lcs-spring-split-01-27-2018/ HTTP/1.1" 200 6768 "-" "Mozilla/5.0 (compatible; Googlebot/2.1; +http://www.google.com/bot.html)"
66.249.79.1 - - [22/Jan/2018:12:41:51 +0000] "GET /match/bet-sin-gaming-vs-dire-wolves-opl-01-28-2018/ HTTP/1.1" 200 6670 "-" "Mozilla/5.0 (compatible; Googlebot/2.1; +http://www.google.com/bot.html)"
66.249.79.5 - - [22/Jan/2018:12:42:13 +0000] "GET /match/bet-legacy-esports-vs-tectonic-opl-01-28-2018/ HTTP/1.1" 200 6543 "-" "Mozilla/5.0 (compatible; Googlebot/2.1; +http://www.google.com/bot.html)"
66.249.79.1 - - [22/Jan/2018:12:42:34 +0000] "GET /match/bet-misfits-vs-h2k-eu-lcs-spring-split-01-26-2018/ HTTP/1.1" 200 6787 "-" "Mozilla/5.0 (compatible; Googlebot/2.1; +http://www.google.com/bot.html)"
66.249.79.1 - - [22/Jan/2018:12:42:55 +0000] "GET /match/bet-splyce-vs-roccat-eu-lcs-spring-split-01-26-2018/ HTTP/1.1" 200 6754 "-" "Mozilla/5.0 (compatible; Googlebot/2.1; +http://www.google.com/bot.html)"
66.249.79.5 - - [22/Jan/2018:12:43:16 +0000] "GET /match/bet-snake-vs-world-elite-lpl-spring-split-01-23-2018/ HTTP/1.1" 200 6629 "-" "Mozilla/5.0 (compatible; Googlebot/2.1; +http://www.google.com/bot.html)"
66.249.79.5 - - [22/Jan/2018:12:43:38 +0000] "GET /match/bet-avant-garde-vs-chiefs-esport-club-opl-01-27-2018/ HTTP/1.1" 200 6586 "-" "Mozilla/5.0 (compatible; Googlebot/2.1; +http://www.google.com/bot.html)"
66.249.79.1 - - [22/Jan/2018:12:43:59 +0000] "GET /match/bet-vitality-vs-misfits-eu-lcs-spring-split-01-27-2018/ HTTP/1.1" 200 6709 "-" "Mozilla/5.0 (compatible; Googlebot/2.1; +http://www.google.com/bot.html)"
66.249.79.5 - - [22/Jan/2018:12:44:20 +0000] "GET /match/bet-bilibili-gaming-vs-omg-lpl-spring-split-01-27-2018/ HTTP/1.1" 200 6670 "-" "Mozilla/5.0 (compatible; Googlebot/2.1; +http://www.google.com/bot.html)"
45.77.4.48 - - [22/Jan/2018:12:44:42 +0000] "POST /wp-cron.php?doing_wp_cron=1516625082.4438619613647460937500 HTTP/1.0" 200 238 "http://www.bet-esport.com/wp-cron.php?doing_wp_cron=1516625082.4438619613647460937500" "WordPress/4.9.2; http://www.bet-esport.com"
66.249.79.1 - - [22/Jan/2018:12:44:42 +0000] "GET /match/bet-bilibili-gaming-vs-omg-lpl-spring-split-01-24-2018/ HTTP/1.1" 200 6645 "-" "Mozilla/5.0 (compatible; Googlebot/2.1; +http://www.google.com/bot.html)"
45.77.4.48 - - [22/Jan/2018:12:45:01 +0000] "GET /autopost-tournament/ HTTP/1.1" 200 2744 "-" "curl/7.38.0"
66.249.79.1 - - [22/Jan/2018:12:45:04 +0000] "GET /match/bet-jd-gaming-vs-invictus-gaming-lpl-spring-split-01-27-2018/ HTTP/1.1" 200 6617 "-" "Mozilla/5.0 (compatible; Googlebot/2.1; +http://www.google.com/bot.html)"
192.0.102.40 - - [22/Jan/2018:12:45:15 +0000] "GET / HTTP/1.1" 200 7853 "-" "jetmon/1.0 (Jetpack Site Uptime Monitor by WordPress.com)"
66.249.79.7 - - [22/Jan/2018:12:45:27 +0000] "GET /match/bet-jd-gaming-vs-invictus-gaming-lpl-spring-split-01-24-2018/ HTTP/1.1" 200 6639 "-" "Mozilla/5.0 (compatible; Googlebot/2.1; +http://www.google.com/bot.html)"
66.249.79.5 - - [22/Jan/2018:12:45:52 +0000] "GET /match/bet-unicorns-of-love-vs-roccat-eu-lcs-spring-split-01-27-2018/ HTTP/1.1" 200 6754 "-" "Mozilla/5.0 (compatible; Googlebot/2.1; +http://www.google.com/bot.html)"
45.77.4.48 - - [22/Jan/2018:12:46:22 +0000] "POST /wp-cron.php?doing_wp_cron=1516625182.0438439846038818359375 HTTP/1.0" 200 238 "http://www.bet-esport.com/wp-cron.php?doing_wp_cron=1516625182.0438439846038818359375" "WordPress/4.9.2; http://www.bet-esport.com"
66.249.79.1 - - [22/Jan/2018:12:46:21 +0000] "GET /match/bet-misfits-vs-h2k-eu-lcs-spring-split-01-27-2018/ HTTP/1.1" 200 6772 "-" "Mozilla/5.0 (compatible; Googlebot/2.1; +http://www.google.com/bot.html)"
66.249.79.5 - - [22/Jan/2018:12:46:22 +0000] "GET /match/bet-splyce-vs-schalke-eu-lcs-spring-split-01-27-2018/ HTTP/1.1" 200 6743 "-" "Mozilla/5.0 (compatible; Googlebot/2.1; +http://www.google.com/bot.html)"
66.249.79.5 - - [22/Jan/2018:12:46:41 +0000] "GET /match/bet-schalke-vs-unicorns-of-love-eu-lcs-spring-split-01-26-2018/ HTTP/1.1" 200 6777 "-" "Mozilla/5.0 (compatible; Googlebot/2.1; +http://www.google.com/bot.html)"
66.249.79.7 - - [22/Jan/2018:12:47:57 +0000] "GET /match/bet-splyce-vs-schalke-eu-lcs-spring-split-01-28-2018/ HTTP/1.1" 200 6791 "-" "Mozilla/5.0 (compatible; Googlebot/2.1; +http://www.google.com/bot.html)"
157.55.39.88 - - [22/Jan/2018:12:48:01 +0000] "GET / HTTP/1.1" 200 7853 "-" "Mozilla/5.0 (compatible; bingbot/2.0; +http://www.bing.com/bingbot.htm)"
