45.77.4.48 - - [21/Jan/2018:06:27:32 +0000] "POST /wp-cron.php?doing_wp_cron=1516516052.9375519752502441406250 HTTP/1.0" 200 238 "http://www.bet-esport.com/wp-cron.php?doing_wp_cron=1516516052.9375519752502441406250" "WordPress/4.9.2; http://www.bet-esport.com"
66.206.231.94 - - [21/Jan/2018:06:27:32 +0000] "POST /wp-login.php HTTP/1.0" 403 3286 "-" "Mozilla/5.0 (Windows NT 6.1; Win64; x64) AppleWebKit/537.36 (KHTML, like Gecko) Chrome/53.0.2785.89 Safari/537.36"
5.45.207.12 - - [21/Jan/2018:06:28:27 +0000] "GET /match/bet-sg-esports-vs-stars-3-sets-12-19-2017/ HTTP/1.1" 404 12454 "-" "Mozilla/5.0 (compatible; YandexBot/3.0; +http://yandex.com/bots)"
5.45.207.12 - - [21/Jan/2018:06:28:30 +0000] "GET /match/bet-faze-vs-nip-blast-pro-series-11-21-2017/ HTTP/1.1" 404 12456 "-" "Mozilla/5.0 (compatible; YandexBot/3.0; +http://yandex.com/bots)"
45.77.4.48 - - [21/Jan/2018:06:30:01 +0000] "GET /autopost-tournament/ HTTP/1.1" 200 2161 "-" "curl/7.38.0"
45.77.4.48 - - [21/Jan/2018:06:30:08 +0000] "POST /wp-cron.php?doing_wp_cron=1516516208.4287800788879394531250 HTTP/1.0" 200 238 "https://www.bet-esport.com/wp-cron.php?doing_wp_cron=1516516208.4287800788879394531250" "WordPress/4.9.2; https://www.bet-esport.com"
5.45.207.12 - - [21/Jan/2018:06:30:08 +0000] "GET /robots.txt HTTP/1.1" 200 454 "-" "Mozilla/5.0 (compatible; YandexBot/3.0; +http://yandex.com/bots)"
66.249.79.48 - - [21/Jan/2018:06:30:09 +0000] "GET /robots.txt HTTP/1.0" 200 473 "-" "Mozilla/5.0 (compatible; Googlebot/2.1; +http://www.google.com/bot.html)"
66.249.79.51 - - [21/Jan/2018:06:30:09 +0000] "GET /sitemap.xml HTTP/1.1" 200 908 "-" "Mozilla/5.0 (compatible; Googlebot/2.1; +http://www.google.com/bot.html)"
66.249.79.54 - - [21/Jan/2018:06:30:10 +0000] "GET /sitemap-pt-match-2018-01.xml HTTP/1.1" 200 689 "-" "Mozilla/5.0 (compatible; Googlebot/2.1; +http://www.google.com/bot.html)"
192.0.102.40 - - [21/Jan/2018:06:30:10 +0000] "GET / HTTP/1.1" 200 8993 "-" "jetmon/1.0 (Jetpack Site Uptime Monitor by WordPress.com)"
5.45.207.12 - - [21/Jan/2018:06:30:11 +0000] "GET /match/bet-rock-gaming-vs-for-the-dream-prodota-cup-11-20-2017/ HTTP/1.1" 404 12521 "-" "Mozilla/5.0 (compatible; YandexBot/3.0; +http://yandex.com/bots)"
45.77.4.48 - - [21/Jan/2018:06:35:01 +0000] "POST /wp-cron.php?doing_wp_cron=1516516501.4123480319976806640625 HTTP/1.0" 200 238 "http://www.bet-esport.com/wp-cron.php?doing_wp_cron=1516516501.4123480319976806640625" "WordPress/4.9.2; http://www.bet-esport.com"
45.77.4.48 - - [21/Jan/2018:06:35:01 +0000] "GET /autopost-tournament/ HTTP/1.1" 200 2127 "-" "curl/7.38.0"
192.0.102.40 - - [21/Jan/2018:06:35:08 +0000] "GET / HTTP/1.1" 200 8993 "-" "jetmon/1.0 (Jetpack Site Uptime Monitor by WordPress.com)"
45.77.4.48 - - [21/Jan/2018:06:37:36 +0000] "POST /wp-cron.php?doing_wp_cron=1516516656.6533670425415039062500 HTTP/1.0" 200 238 "http://www.bet-esport.com/wp-cron.php?doing_wp_cron=1516516656.6533670425415039062500" "WordPress/4.9.2; http://www.bet-esport.com"
180.76.15.162 - - [21/Jan/2018:06:37:36 +0000] "GET /match/bet-goldengitte-vs-serenic-dust2dk-01-17-2018/ HTTP/1.1" 200 6646 "-" "Mozilla/5.0 (compatible; Baiduspider/2.0; +http://www.baidu.com/search/spider.html)"
45.77.4.48 - - [21/Jan/2018:06:40:01 +0000] "GET /autopost-tournament/ HTTP/1.1" 200 2161 "-" "curl/7.38.0"
192.0.102.40 - - [21/Jan/2018:06:40:03 +0000] "GET / HTTP/1.1" 200 8993 "-" "jetmon/1.0 (Jetpack Site Uptime Monitor by WordPress.com)"
45.77.4.48 - - [21/Jan/2018:06:42:04 +0000] "POST /wp-cron.php?doing_wp_cron=1516516924.1460170745849609375000 HTTP/1.0" 200 238 "http://www.bet-esport.com/wp-cron.php?doing_wp_cron=1516516924.1460170745849609375000" "WordPress/4.9.2; http://www.bet-esport.com"
74.115.214.146 - - [21/Jan/2018:06:42:04 +0000] "GET / HTTP/1.1" 200 8993 "http://uptime-us.net/www.bet-esport.com" "Mozilla/5.0 (compatible; Uptimebot/1.0; +http://www.uptime.com/uptimebot)"
192.0.102.40 - - [21/Jan/2018:06:45:01 +0000] "GET / HTTP/1.1" 200 8993 "-" "jetmon/1.0 (Jetpack Site Uptime Monitor by WordPress.com)"
45.77.4.48 - - [21/Jan/2018:06:45:01 +0000] "GET /autopost-tournament/ HTTP/1.1" 200 2180 "-" "curl/7.38.0"
38.142.119.210 - - [21/Jan/2018:06:45:04 +0000] "GET / HTTP/1.1" 403 370 "-" "-"
45.77.4.48 - - [21/Jan/2018:06:46:24 +0000] "POST /wp-cron.php?doing_wp_cron=1516517184.3365700244903564453125 HTTP/1.0" 200 238 "http://www.bet-esport.com/wp-cron.php?doing_wp_cron=1516517184.3365700244903564453125" "WordPress/4.9.2; http://www.bet-esport.com"
5.45.207.12 - - [21/Jan/2018:06:46:24 +0000] "GET /match/bet-snute-vs-lambo-warditv-12-20-2017/ HTTP/1.1" 404 12450 "-" "Mozilla/5.0 (compatible; YandexBot/3.0; +http://yandex.com/bots)"
5.45.207.12 - - [21/Jan/2018:06:47:04 +0000] "GET /match/bet-godsent-vs-extatus-esl-pro-league-01-07-2018/ HTTP/1.1" 404 12461 "-" "Mozilla/5.0 (compatible; YandexBot/3.0; +http://yandex.com/bots)"
45.77.4.48 - - [21/Jan/2018:06:50:01 +0000] "GET /autopost-tournament/ HTTP/1.1" 200 2145 "-" "curl/7.38.0"
192.0.102.40 - - [21/Jan/2018:06:50:07 +0000] "GET / HTTP/1.1" 200 8993 "-" "jetmon/1.0 (Jetpack Site Uptime Monitor by WordPress.com)"
45.77.4.48 - - [21/Jan/2018:06:55:02 +0000] "POST /wp-cron.php?doing_wp_cron=1516517702.0207810401916503906250 HTTP/1.0" 200 238 "http://www.bet-esport.com/wp-cron.php?doing_wp_cron=1516517702.0207810401916503906250" "WordPress/4.9.2; http://www.bet-esport.com"
45.77.4.48 - - [21/Jan/2018:06:55:01 +0000] "GET /autopost-tournament/ HTTP/1.1" 200 2143 "-" "curl/7.38.0"
192.0.102.40 - - [21/Jan/2018:06:55:08 +0000] "GET / HTTP/1.1" 200 8993 "-" "jetmon/1.0 (Jetpack Site Uptime Monitor by WordPress.com)"
66.249.79.54 - - [21/Jan/2018:06:55:43 +0000] "GET /sitemap-pt-page-2017-11.xml HTTP/1.1" 200 881 "-" "Mozilla/5.0 (compatible; Googlebot/2.1; +http://www.google.com/bot.html)"
45.77.4.48 - - [21/Jan/2018:06:59:57 +0000] "POST /wp-cron.php?doing_wp_cron=1516517997.4798400402069091796875 HTTP/1.0" 200 238 "http://www.bet-esport.com/wp-cron.php?doing_wp_cron=1516517997.4798400402069091796875" "WordPress/4.9.2; http://www.bet-esport.com"
5.45.207.12 - - [21/Jan/2018:06:59:57 +0000] "GET /robots.txt HTTP/1.1" 200 450 "-" "Mozilla/5.0 (compatible; YandexBot/3.0; +http://yandex.com/bots)"
87.250.224.113 - - [21/Jan/2018:07:00:01 +0000] "GET /tag/flipsid3-academy/ HTTP/1.1" 200 4231 "-" "Mozilla/5.0 (compatible; YandexBot/3.0; +http://yandex.com/bots)"
45.77.4.48 - - [21/Jan/2018:07:00:01 +0000] "GET /autopost-tournament/ HTTP/1.1" 200 2138 "-" "curl/7.38.0"
192.0.102.40 - - [21/Jan/2018:07:00:05 +0000] "GET / HTTP/1.1" 200 8980 "-" "jetmon/1.0 (Jetpack Site Uptime Monitor by WordPress.com)"
5.45.207.12 - - [21/Jan/2018:07:00:37 +0000] "GET /match/bet-sg-esports-vs-pain-gaming-sl-i-league-invitational-12-23-2017/ HTTP/1.1" 404 12479 "-" "Mozilla/5.0 (compatible; YandexBot/3.0; +http://yandex.com/bots)"
45.77.4.48 - - [21/Jan/2018:07:05:01 +0000] "POST /wp-cron.php?doing_wp_cron=1516518301.1228818893432617187500 HTTP/1.0" 200 238 "http://www.bet-esport.com/wp-cron.php?doing_wp_cron=1516518301.1228818893432617187500" "WordPress/4.9.2; http://www.bet-esport.com"
45.77.4.48 - - [21/Jan/2018:07:05:01 +0000] "GET /autopost-tournament/ HTTP/1.1" 200 2157 "-" "curl/7.38.0"
192.0.102.40 - - [21/Jan/2018:07:05:07 +0000] "GET / HTTP/1.1" 200 8980 "-" "jetmon/1.0 (Jetpack Site Uptime Monitor by WordPress.com)"
5.45.207.12 - - [21/Jan/2018:07:05:17 +0000] "GET /i/logos/200/alpha-red.png HTTP/1.1" 404 12432 "-" "Mozilla/5.0 (compatible; YandexImages/3.0; +http://yandex.com/bots)"
45.77.4.48 - - [21/Jan/2018:07:10:01 +0000] "POST /wp-cron.php?doing_wp_cron=1516518601.4078650474548339843750 HTTP/1.0" 200 238 "http://www.bet-esport.com/wp-cron.php?doing_wp_cron=1516518601.4078650474548339843750" "WordPress/4.9.2; http://www.bet-esport.com"
45.77.4.48 - - [21/Jan/2018:07:10:01 +0000] "GET /autopost-tournament/ HTTP/1.1" 200 2073 "-" "curl/7.38.0"
192.0.102.40 - - [21/Jan/2018:07:10:10 +0000] "GET / HTTP/1.1" 200 8980 "-" "jetmon/1.0 (Jetpack Site Uptime Monitor by WordPress.com)"
180.76.15.139 - - [21/Jan/2018:07:10:56 +0000] "GET /match/bet-philadelphia-fusion-vs-los-angeles-gladiators-owl-01-20-2018/ HTTP/1.1" 200 6849 "-" "Mozilla/5.0 (compatible; Baiduspider/2.0; +http://www.baidu.com/search/spider.html)"
45.77.4.48 - - [21/Jan/2018:07:15:01 +0000] "POST /wp-cron.php?doing_wp_cron=1516518901.4334700107574462890625 HTTP/1.0" 200 238 "http://www.bet-esport.com/wp-cron.php?doing_wp_cron=1516518901.4334700107574462890625" "WordPress/4.9.2; http://www.bet-esport.com"
45.77.4.48 - - [21/Jan/2018:07:15:01 +0000] "GET /autopost-tournament/ HTTP/1.1" 200 2154 "-" "curl/7.38.0"
45.77.4.48 - - [21/Jan/2018:07:15:05 +0000] "POST /wp-cron.php?doing_wp_cron=1516518905.8359169960021972656250 HTTP/1.0" 200 238 "http://www.bet-esport.com/wp-cron.php?doing_wp_cron=1516518905.8359169960021972656250" "WordPress/4.9.2; http://www.bet-esport.com"
192.0.102.40 - - [21/Jan/2018:07:15:05 +0000] "GET / HTTP/1.1" 200 9006 "-" "jetmon/1.0 (Jetpack Site Uptime Monitor by WordPress.com)"
45.77.4.48 - - [21/Jan/2018:07:20:01 +0000] "POST /wp-cron.php?doing_wp_cron=1516519201.6414539813995361328125 HTTP/1.0" 200 238 "http://www.bet-esport.com/wp-cron.php?doing_wp_cron=1516519201.6414539813995361328125" "WordPress/4.9.2; http://www.bet-esport.com"
66.249.79.49 - - [21/Jan/2018:07:20:02 +0000] "GET /robots.txt HTTP/1.1" 200 450 "-" "Mozilla/5.0 (compatible; Googlebot/2.1; +http://www.google.com/bot.html)"
66.249.79.52 - - [21/Jan/2018:07:20:02 +0000] "GET /sitemap.xml HTTP/1.1" 200 906 "-" "Mozilla/5.0 (compatible; Googlebot/2.1; +http://www.google.com/bot.html)"
45.77.4.48 - - [21/Jan/2018:07:20:01 +0000] "GET /autopost-tournament/ HTTP/1.1" 200 2133 "-" "curl/7.38.0"
192.0.102.40 - - [21/Jan/2018:07:20:14 +0000] "GET / HTTP/1.1" 200 9006 "-" "jetmon/1.0 (Jetpack Site Uptime Monitor by WordPress.com)"
178.154.171.39 - - [21/Jan/2018:07:20:50 +0000] "GET /tag/lgd-sas/ HTTP/1.1" 200 4223 "-" "Mozilla/5.0 (compatible; YandexBot/3.0; +http://yandex.com/bots)"
45.77.4.48 - - [21/Jan/2018:07:24:58 +0000] "POST /wp-cron.php?doing_wp_cron=1516519498.3395578861236572265625 HTTP/1.0" 200 238 "http://www.bet-esport.com/wp-cron.php?doing_wp_cron=1516519498.3395578861236572265625" "WordPress/4.9.2; http://www.bet-esport.com"
192.0.102.40 - - [21/Jan/2018:07:24:58 +0000] "GET / HTTP/1.1" 200 9006 "-" "jetmon/1.0 (Jetpack Site Uptime Monitor by WordPress.com)"
45.77.4.48 - - [21/Jan/2018:07:25:02 +0000] "GET /autopost-tournament/ HTTP/1.1" 200 2122 "-" "curl/7.38.0"
45.77.4.48 - - [21/Jan/2018:07:26:40 +0000] "POST /wp-cron.php?doing_wp_cron=1516519600.8791360855102539062500 HTTP/1.0" 200 238 "http://www.bet-esport.com/wp-cron.php?doing_wp_cron=1516519600.8791360855102539062500" "WordPress/4.9.2; http://www.bet-esport.com"
5.255.253.3 - - [21/Jan/2018:07:26:40 +0000] "GET /tag/sako/ HTTP/1.1" 200 4221 "-" "Mozilla/5.0 (compatible; YandexBot/3.0; +http://yandex.com/bots)"
5.45.207.12 - - [21/Jan/2018:07:27:06 +0000] "GET /tag/nations-elite-esports-cup/ HTTP/1.1" 200 4231 "-" "Mozilla/5.0 (compatible; YandexBot/3.0; +http://yandex.com/bots)"
87.250.224.113 - - [21/Jan/2018:07:27:18 +0000] "GET /tag/doxxa/ HTTP/1.1" 200 4223 "-" "Mozilla/5.0 (compatible; YandexBot/3.0; +http://yandex.com/bots)"
5.45.207.12 - - [21/Jan/2018:07:27:22 +0000] "GET /match/bet-fnatic-vs-execration-gesc-quals-01-21-2018/ HTTP/1.1" 200 6781 "-" "Mozilla/5.0 (compatible; YandexBot/3.0; +http://yandex.com/bots)"
5.45.207.12 - - [21/Jan/2018:07:27:39 +0000] "GET /tag/space-soliders/ HTTP/1.1" 200 4228 "-" "Mozilla/5.0 (compatible; YandexBot/3.0; +http://yandex.com/bots)"
5.45.207.12 - - [21/Jan/2018:07:28:45 +0000] "GET /match/bet-surrender-vs-omegazero-championship-tour-01-21-2018/ HTTP/1.1" 200 6546 "-" "Mozilla/5.0 (compatible; YandexBot/3.0; +http://yandex.com/bots)"
45.77.4.48 - - [21/Jan/2018:07:30:02 +0000] "GET /autopost-tournament/ HTTP/1.1" 200 2126 "-" "curl/7.38.0"
192.0.102.40 - - [21/Jan/2018:07:30:55 +0000] "GET / HTTP/1.1" 200 9006 "-" "jetmon/1.0 (Jetpack Site Uptime Monitor by WordPress.com)"
45.77.4.48 - - [21/Jan/2018:07:33:55 +0000] "POST /wp-cron.php?doing_wp_cron=1516520035.8640239238739013671875 HTTP/1.0" 200 238 "http://www.bet-esport.com/wp-cron.php?doing_wp_cron=1516520035.8640239238739013671875" "WordPress/4.9.2; http://www.bet-esport.com"
5.45.207.12 - - [21/Jan/2018:07:33:55 +0000] "GET /match/bet-evil-corporation-vs-sqg-esl-one-genting-12-19-2017/ HTTP/1.1" 404 12467 "-" "Mozilla/5.0 (compatible; YandexBot/3.0; +http://yandex.com/bots)"
45.77.4.48 - - [21/Jan/2018:07:35:01 +0000] "GET /autopost-tournament/ HTTP/1.1" 200 2100 "-" "curl/7.38.0"
192.0.102.40 - - [21/Jan/2018:07:35:14 +0000] "GET / HTTP/1.1" 200 9006 "-" "jetmon/1.0 (Jetpack Site Uptime Monitor by WordPress.com)"
45.77.4.48 - - [21/Jan/2018:07:38:23 +0000] "POST /wp-cron.php?doing_wp_cron=1516520303.9328019618988037109375 HTTP/1.0" 200 238 "http://www.bet-esport.com/wp-cron.php?doing_wp_cron=1516520303.9328019618988037109375" "WordPress/4.9.2; http://www.bet-esport.com"
5.45.207.12 - - [21/Jan/2018:07:38:23 +0000] "GET /tag/ekings/ HTTP/1.1" 200 4223 "-" "Mozilla/5.0 (compatible; YandexBot/3.0; +http://yandex.com/bots)"
5.45.207.12 - - [21/Jan/2018:07:39:23 +0000] "GET /tag/zonic/ HTTP/1.1" 200 4222 "-" "Mozilla/5.0 (compatible; YandexBot/3.0; +http://yandex.com/bots)"
45.77.4.48 - - [21/Jan/2018:07:40:01 +0000] "GET /autopost-tournament/ HTTP/1.1" 200 2121 "-" "curl/7.38.0"
192.0.102.40 - - [21/Jan/2018:07:40:03 +0000] "GET / HTTP/1.1" 200 9006 "-" "jetmon/1.0 (Jetpack Site Uptime Monitor by WordPress.com)"
45.77.4.48 - - [21/Jan/2018:07:41:39 +0000] "POST /wp-cron.php?doing_wp_cron=1516520499.5308709144592285156250 HTTP/1.0" 200 238 "http://www.bet-esport.com/wp-cron.php?doing_wp_cron=1516520499.5308709144592285156250" "WordPress/4.9.2; http://www.bet-esport.com"
207.46.13.91 - - [21/Jan/2018:07:41:39 +0000] "GET /sitemap-pt-sp_team-2015-01.xml HTTP/1.1" 200 688 "-" "Mozilla/5.0 (compatible; bingbot/2.0; +http://www.bing.com/bingbot.htm)"
180.76.15.141 - - [21/Jan/2018:07:44:16 +0000] "GET /match/bet-royal-bandits-vs-hwa-gaming-tcl-winter-01-21-2018/ HTTP/1.1" 200 6860 "-" "Mozilla/5.0 (compatible; Baiduspider/2.0; +http://www.baidu.com/search/spider.html)"
45.77.4.48 - - [21/Jan/2018:07:45:01 +0000] "GET /autopost-tournament/ HTTP/1.1" 200 2139 "-" "curl/7.38.0"
192.0.102.40 - - [21/Jan/2018:07:45:04 +0000] "GET / HTTP/1.1" 200 8980 "-" "jetmon/1.0 (Jetpack Site Uptime Monitor by WordPress.com)"
157.55.39.155 - - [21/Jan/2018:07:45:27 +0000] "GET / HTTP/1.0" 301 292 "-" "Mozilla/5.0 (compatible; bingbot/2.0; +http://www.bing.com/bingbot.htm)"
45.77.4.48 - - [21/Jan/2018:07:50:01 +0000] "POST /wp-cron.php?doing_wp_cron=1516521001.1836729049682617187500 HTTP/1.0" 200 238 "http://www.bet-esport.com/wp-cron.php?doing_wp_cron=1516521001.1836729049682617187500" "WordPress/4.9.2; http://www.bet-esport.com"
45.77.4.48 - - [21/Jan/2018:07:50:01 +0000] "GET /autopost-tournament/ HTTP/1.1" 200 2119 "-" "curl/7.38.0"
192.0.102.40 - - [21/Jan/2018:07:50:07 +0000] "GET / HTTP/1.1" 200 8980 "-" "jetmon/1.0 (Jetpack Site Uptime Monitor by WordPress.com)"
45.77.4.48 - - [21/Jan/2018:07:54:57 +0000] "POST /wp-cron.php?doing_wp_cron=1516521297.3739368915557861328125 HTTP/1.0" 200 238 "http://www.bet-esport.com/wp-cron.php?doing_wp_cron=1516521297.3739368915557861328125" "WordPress/4.9.2; http://www.bet-esport.com"
192.0.102.40 - - [21/Jan/2018:07:54:57 +0000] "GET / HTTP/1.1" 200 8980 "-" "jetmon/1.0 (Jetpack Site Uptime Monitor by WordPress.com)"
45.77.4.48 - - [21/Jan/2018:07:55:01 +0000] "GET /autopost-tournament/ HTTP/1.1" 200 2116 "-" "curl/7.38.0"
61.177.25.58 - - [21/Jan/2018:07:55:23 +0000] "GET /?author=1 HTTP/1.1" 301 287 "-" "Mozilla/5.0 (Windows NT 6.1; rv:52.0) Gecko/20100101 Firefox/52.0"
61.161.109.153 - - [21/Jan/2018:07:55:57 +0000] "GET /?author=1 HTTP/1.0" 301 306 "-" "Mozilla/5.0 (Windows NT 6.1; rv:52.0) Gecko/20100101 Firefox/52.0"
45.77.4.48 - - [21/Jan/2018:07:56:50 +0000] "POST /wp-cron.php?doing_wp_cron=1516521410.8785140514373779296875 HTTP/1.0" 200 238 "http://www.bet-esport.com/wp-cron.php?doing_wp_cron=1516521410.8785140514373779296875" "WordPress/4.9.2; http://www.bet-esport.com"
218.83.246.141 - - [21/Jan/2018:07:56:50 +0000] "GET /?author=1 HTTP/1.1" 301 287 "-" "Mozilla/5.0 (Windows NT 6.1; rv:52.0) Gecko/20100101 Firefox/52.0"
192.243.53.20 - - [21/Jan/2018:07:58:30 +0000] "GET / HTTP/1.1" 200 8980 "-" "Mozilla/5.0 (Macintosh; Intel Mac OS X 10_11_6) AppleWebKit/602.3.12 (KHTML, like Gecko) Version/10.0.2 Safari/602.3.12"
45.77.4.48 - - [21/Jan/2018:08:00:01 +0000] "GET /autopost-tournament/ HTTP/1.1" 200 2125 "-" "curl/7.38.0"
192.0.102.40 - - [21/Jan/2018:08:00:05 +0000] "HEAD / HTTP/1.0" 200 289 "-" "jetmon/1.0 (Jetpack Site Uptime Monitor by WordPress.com)"
45.77.4.48 - - [21/Jan/2018:08:00:58 +0000] "POST /wp-cron.php?doing_wp_cron=1516521658.9732429981231689453125 HTTP/1.0" 200 238 "http://www.bet-esport.com/wp-cron.php?doing_wp_cron=1516521658.9732429981231689453125" "WordPress/4.9.2; http://www.bet-esport.com"
61.166.110.62 - - [21/Jan/2018:08:00:58 +0000] "GET /?author=1 HTTP/1.1" 301 287 "-" "Mozilla/5.0 (Windows NT 6.1; rv:52.0) Gecko/20100101 Firefox/52.0"
66.249.79.55 - - [21/Jan/2018:08:00:59 +0000] "GET /sitemap.xml HTTP/1.1" 200 906 "-" "Mozilla/5.0 (compatible; Googlebot/2.1; +http://www.google.com/bot.html)"
66.249.79.49 - - [21/Jan/2018:08:01:00 +0000] "GET /sitemap-pt-match-2018-01.xml HTTP/1.1" 200 688 "-" "Mozilla/5.0 (compatible; Googlebot/2.1; +http://www.google.com/bot.html)"
45.77.4.48 - - [21/Jan/2018:08:01:25 +0000] "POST /wp-cron.php?doing_wp_cron=1516521685.4665551185607910156250 HTTP/1.0" 200 238 "http://www.bet-esport.com/wp-cron.php?doing_wp_cron=1516521685.4665551185607910156250" "WordPress/4.9.2; http://www.bet-esport.com"
5.45.207.12 - - [21/Jan/2018:08:01:25 +0000] "GET /i/logos/200/team-flow.png HTTP/1.1" 404 12432 "-" "Mozilla/5.0 (compatible; YandexImages/3.0; +http://yandex.com/bots)"
58.216.199.229 - - [21/Jan/2018:08:03:26 +0000] "GET /?author=1 HTTP/1.1" 301 287 "-" "Mozilla/5.0 (Windows NT 6.1; rv:52.0) Gecko/20100101 Firefox/52.0"
58.216.199.229 - - [21/Jan/2018:08:03:28 +0000] "GET /?author=2 HTTP/1.1" 200 8879 "-" "Mozilla/5.0 (Windows NT 6.1; rv:52.0) Gecko/20100101 Firefox/52.0"
58.216.199.229 - - [21/Jan/2018:08:03:32 +0000] "GET /?author=3 HTTP/1.1" 404 12416 "-" "Mozilla/5.0 (Windows NT 6.1; rv:52.0) Gecko/20100101 Firefox/52.0"
58.216.199.229 - - [21/Jan/2018:08:03:34 +0000] "GET /?author=4 HTTP/1.1" 404 12416 "-" "Mozilla/5.0 (Windows NT 6.1; rv:52.0) Gecko/20100101 Firefox/52.0"
58.216.199.229 - - [21/Jan/2018:08:03:36 +0000] "GET /?author=5 HTTP/1.1" 404 12416 "-" "Mozilla/5.0 (Windows NT 6.1; rv:52.0) Gecko/20100101 Firefox/52.0"
58.216.199.229 - - [21/Jan/2018:08:03:38 +0000] "GET /?author=6 HTTP/1.1" 404 12416 "-" "Mozilla/5.0 (Windows NT 6.1; rv:52.0) Gecko/20100101 Firefox/52.0"
72.34.47.10 - - [21/Jan/2018:08:03:50 +0000] "POST /wp-login.php HTTP/1.0" 403 3284 "-" "Mozilla/5.0 (Windows NT 6.1; Win64; x64) AppleWebKit/537.36 (KHTML, like Gecko) Chrome/53.0.2785.89 Safari/537.36"
218.4.177.21 - - [21/Jan/2018:08:03:54 +0000] "GET /?author=7 HTTP/1.1" 404 12416 "-" "Mozilla/5.0 (Windows NT 6.1; rv:52.0) Gecko/20100101 Firefox/52.0"
60.174.164.45 - - [21/Jan/2018:08:04:29 +0000] "GET /?author=7 HTTP/1.0" 404 12387 "-" "Mozilla/5.0 (Windows NT 6.1; rv:52.0) Gecko/20100101 Firefox/52.0"
45.77.4.48 - - [21/Jan/2018:08:05:01 +0000] "GET /autopost-tournament/ HTTP/1.1" 200 2135 "-" "curl/7.38.0"
60.29.145.218 - - [21/Jan/2018:08:05:10 +0000] "GET /?author=7 HTTP/1.0" 404 12387 "-" "Mozilla/5.0 (Windows NT 6.1; rv:52.0) Gecko/20100101 Firefox/52.0"
192.0.102.40 - - [21/Jan/2018:08:05:10 +0000] "GET / HTTP/1.1" 200 8980 "-" "jetmon/1.0 (Jetpack Site Uptime Monitor by WordPress.com)"
60.29.145.218 - - [21/Jan/2018:08:05:11 +0000] "GET /?author=8 HTTP/1.1" 404 12416 "-" "Mozilla/5.0 (Windows NT 6.1; rv:52.0) Gecko/20100101 Firefox/52.0"
121.14.67.3 - - [21/Jan/2018:08:05:19 +0000] "GET /?author=9 HTTP/1.1" 404 12416 "-" "Mozilla/5.0 (Windows NT 6.1; rv:52.0) Gecko/20100101 Firefox/52.0"
121.14.67.3 - - [21/Jan/2018:08:05:21 +0000] "GET /?author=10 HTTP/1.1" 404 12417 "-" "Mozilla/5.0 (Windows NT 6.1; rv:52.0) Gecko/20100101 Firefox/52.0"
121.14.67.3 - - [21/Jan/2018:08:05:23 +0000] "GET /?author=11 HTTP/1.1" 404 12417 "-" "Mozilla/5.0 (Windows NT 6.1; rv:52.0) Gecko/20100101 Firefox/52.0"
121.14.67.3 - - [21/Jan/2018:08:05:24 +0000] "GET /?author=12 HTTP/1.1" 404 12417 "-" "Mozilla/5.0 (Windows NT 6.1; rv:52.0) Gecko/20100101 Firefox/52.0"
121.14.67.3 - - [21/Jan/2018:08:05:26 +0000] "GET /?author=13 HTTP/1.1" 404 12417 "-" "Mozilla/5.0 (Windows NT 6.1; rv:52.0) Gecko/20100101 Firefox/52.0"
45.77.4.48 - - [21/Jan/2018:08:07:14 +0000] "POST /wp-cron.php?doing_wp_cron=1516522034.6888489723205566406250 HTTP/1.0" 200 238 "http://www.bet-esport.com/wp-cron.php?doing_wp_cron=1516522034.6888489723205566406250" "WordPress/4.9.2; http://www.bet-esport.com"
220.162.158.2 - - [21/Jan/2018:08:07:14 +0000] "GET /?author=13 HTTP/1.0" 404 12388 "-" "Mozilla/5.0 (Windows NT 6.1; rv:52.0) Gecko/20100101 Firefox/52.0"
220.162.158.2 - - [21/Jan/2018:08:07:16 +0000] "GET /?author=14 HTTP/1.1" 404 12417 "-" "Mozilla/5.0 (Windows NT 6.1; rv:52.0) Gecko/20100101 Firefox/52.0"
220.162.158.2 - - [21/Jan/2018:08:07:17 +0000] "GET /?author=15 HTTP/1.1" 404 12417 "-" "Mozilla/5.0 (Windows NT 6.1; rv:52.0) Gecko/20100101 Firefox/52.0"
220.162.158.2 - - [21/Jan/2018:08:07:19 +0000] "GET /?author=16 HTTP/1.1" 404 12417 "-" "Mozilla/5.0 (Windows NT 6.1; rv:52.0) Gecko/20100101 Firefox/52.0"
220.162.158.2 - - [21/Jan/2018:08:07:20 +0000] "GET /?author=17 HTTP/1.1" 404 12417 "-" "Mozilla/5.0 (Windows NT 6.1; rv:52.0) Gecko/20100101 Firefox/52.0"
220.162.158.2 - - [21/Jan/2018:08:07:22 +0000] "GET /?author=18 HTTP/1.1" 404 12417 "-" "Mozilla/5.0 (Windows NT 6.1; rv:52.0) Gecko/20100101 Firefox/52.0"
220.162.158.2 - - [21/Jan/2018:08:07:23 +0000] "GET /?author=19 HTTP/1.1" 404 12417 "-" "Mozilla/5.0 (Windows NT 6.1; rv:52.0) Gecko/20100101 Firefox/52.0"
220.162.158.2 - - [21/Jan/2018:08:07:24 +0000] "GET /?author=20 HTTP/1.1" 404 12417 "-" "Mozilla/5.0 (Windows NT 6.1; rv:52.0) Gecko/20100101 Firefox/52.0"
220.162.158.2 - - [21/Jan/2018:08:07:26 +0000] "GET /?author=21 HTTP/1.1" 404 12417 "-" "Mozilla/5.0 (Windows NT 6.1; rv:52.0) Gecko/20100101 Firefox/52.0"
220.162.158.2 - - [21/Jan/2018:08:07:27 +0000] "GET /?author=22 HTTP/1.1" 404 12417 "-" "Mozilla/5.0 (Windows NT 6.1; rv:52.0) Gecko/20100101 Firefox/52.0"
220.162.158.2 - - [21/Jan/2018:08:07:29 +0000] "GET /?author=23 HTTP/1.1" 404 12417 "-" "Mozilla/5.0 (Windows NT 6.1; rv:52.0) Gecko/20100101 Firefox/52.0"
220.162.158.2 - - [21/Jan/2018:08:07:31 +0000] "GET /?author=24 HTTP/1.1" 404 12417 "-" "Mozilla/5.0 (Windows NT 6.1; rv:52.0) Gecko/20100101 Firefox/52.0"
220.162.158.2 - - [21/Jan/2018:08:07:33 +0000] "GET /?author=25 HTTP/1.1" 404 12417 "-" "Mozilla/5.0 (Windows NT 6.1; rv:52.0) Gecko/20100101 Firefox/52.0"
220.162.158.2 - - [21/Jan/2018:08:07:36 +0000] "GET /?author=26 HTTP/1.1" 404 12417 "-" "Mozilla/5.0 (Windows NT 6.1; rv:52.0) Gecko/20100101 Firefox/52.0"
220.162.158.2 - - [21/Jan/2018:08:07:40 +0000] "GET /?author=27 HTTP/1.1" 404 12417 "-" "Mozilla/5.0 (Windows NT 6.1; rv:52.0) Gecko/20100101 Firefox/52.0"
220.162.158.2 - - [21/Jan/2018:08:07:43 +0000] "GET /?author=28 HTTP/1.1" 404 12417 "-" "Mozilla/5.0 (Windows NT 6.1; rv:52.0) Gecko/20100101 Firefox/52.0"
66.249.79.52 - - [21/Jan/2018:08:07:45 +0000] "GET /sitemap-pt-match-2017-11.xml HTTP/1.1" 200 687 "-" "Mozilla/5.0 (compatible; Googlebot/2.1; +http://www.google.com/bot.html)"
220.162.158.2 - - [21/Jan/2018:08:07:45 +0000] "GET /?author=29 HTTP/1.1" 404 12417 "-" "Mozilla/5.0 (Windows NT 6.1; rv:52.0) Gecko/20100101 Firefox/52.0"
218.201.232.179 - - [21/Jan/2018:08:08:17 +0000] "GET /?author=30 HTTP/1.1" 404 12417 "-" "Mozilla/5.0 (Windows NT 6.1; rv:52.0) Gecko/20100101 Firefox/52.0"
45.77.4.48 - - [21/Jan/2018:08:10:01 +0000] "GET /autopost-tournament/ HTTP/1.1" 200 2117 "-" "curl/7.38.0"
192.0.102.40 - - [21/Jan/2018:08:10:06 +0000] "GET / HTTP/1.1" 200 8980 "-" "jetmon/1.0 (Jetpack Site Uptime Monitor by WordPress.com)"
222.222.71.101 - - [21/Jan/2018:08:10:09 +0000] "GET /?author=30 HTTP/1.0" 404 12388 "-" "Mozilla/5.0 (Windows NT 6.1; rv:52.0) Gecko/20100101 Firefox/52.0"
222.222.71.101 - - [21/Jan/2018:08:10:11 +0000] "GET /?author=31 HTTP/1.1" 404 12417 "-" "Mozilla/5.0 (Windows NT 6.1; rv:52.0) Gecko/20100101 Firefox/52.0"
222.222.71.101 - - [21/Jan/2018:08:10:14 +0000] "GET /?author=32 HTTP/1.1" 404 12417 "-" "Mozilla/5.0 (Windows NT 6.1; rv:52.0) Gecko/20100101 Firefox/52.0"
222.222.71.101 - - [21/Jan/2018:08:10:17 +0000] "GET /?author=33 HTTP/1.1" 404 12417 "-" "Mozilla/5.0 (Windows NT 6.1; rv:52.0) Gecko/20100101 Firefox/52.0"
45.77.4.48 - - [21/Jan/2018:08:12:50 +0000] "POST /wp-cron.php?doing_wp_cron=1516522370.6684029102325439453125 HTTP/1.0" 200 238 "http://www.bet-esport.com/wp-cron.php?doing_wp_cron=1516522370.6684029102325439453125" "WordPress/4.9.2; http://www.bet-esport.com"
112.91.108.190 - - [21/Jan/2018:08:12:50 +0000] "GET /?author=34 HTTP/1.1" 404 12417 "-" "Mozilla/5.0 (Windows NT 6.1; rv:52.0) Gecko/20100101 Firefox/52.0"
112.91.108.190 - - [21/Jan/2018:08:12:53 +0000] "GET /?author=35 HTTP/1.1" 404 12417 "-" "Mozilla/5.0 (Windows NT 6.1; rv:52.0) Gecko/20100101 Firefox/52.0"
1.255.70.123 - - [21/Jan/2018:08:13:38 +0000] "GET /?author=36 HTTP/1.1" 404 12417 "-" "Mozilla/5.0 (Windows NT 6.1; rv:52.0) Gecko/20100101 Firefox/52.0"
1.255.70.123 - - [21/Jan/2018:08:13:39 +0000] "GET /?author=37 HTTP/1.1" 404 12417 "-" "Mozilla/5.0 (Windows NT 6.1; rv:52.0) Gecko/20100101 Firefox/52.0"
1.255.70.123 - - [21/Jan/2018:08:13:41 +0000] "GET /?author=38 HTTP/1.1" 404 12417 "-" "Mozilla/5.0 (Windows NT 6.1; rv:52.0) Gecko/20100101 Firefox/52.0"
1.255.70.123 - - [21/Jan/2018:08:13:44 +0000] "GET /?author=39 HTTP/1.1" 404 12417 "-" "Mozilla/5.0 (Windows NT 6.1; rv:52.0) Gecko/20100101 Firefox/52.0"
1.255.70.123 - - [21/Jan/2018:08:13:45 +0000] "GET /?author=40 HTTP/1.1" 404 12417 "-" "Mozilla/5.0 (Windows NT 6.1; rv:52.0) Gecko/20100101 Firefox/52.0"
1.255.70.123 - - [21/Jan/2018:08:13:48 +0000] "GET /?author=41 HTTP/1.1" 404 12417 "-" "Mozilla/5.0 (Windows NT 6.1; rv:52.0) Gecko/20100101 Firefox/52.0"
1.255.70.123 - - [21/Jan/2018:08:13:49 +0000] "GET /?author=42 HTTP/1.1" 404 12417 "-" "Mozilla/5.0 (Windows NT 6.1; rv:52.0) Gecko/20100101 Firefox/52.0"
1.255.70.123 - - [21/Jan/2018:08:13:53 +0000] "GET /?author=43 HTTP/1.1" 404 12417 "-" "Mozilla/5.0 (Windows NT 6.1; rv:52.0) Gecko/20100101 Firefox/52.0"
1.255.70.123 - - [21/Jan/2018:08:13:56 +0000] "GET /?author=44 HTTP/1.1" 404 12417 "-" "Mozilla/5.0 (Windows NT 6.1; rv:52.0) Gecko/20100101 Firefox/52.0"
45.77.4.48 - - [21/Jan/2018:08:15:01 +0000] "GET /autopost-tournament/ HTTP/1.1" 200 2143 "-" "curl/7.38.0"
192.0.102.40 - - [21/Jan/2018:08:15:09 +0000] "GET / HTTP/1.1" 200 8980 "-" "jetmon/1.0 (Jetpack Site Uptime Monitor by WordPress.com)"
61.164.219.43 - - [21/Jan/2018:08:15:21 +0000] "GET /?author=45 HTTP/1.1" 404 12417 "-" "Mozilla/5.0 (Windows NT 6.1; rv:52.0) Gecko/20100101 Firefox/52.0"
5.45.207.12 - - [21/Jan/2018:08:15:38 +0000] "GET /match/bet-avant-garde-vs-bombers-oceanic-pro-league-01-21-2018/ HTTP/1.1" 200 6531 "-" "Mozilla/5.0 (compatible; YandexBot/3.0; +http://yandex.com/bots)"
189.204.6.157 - - [21/Jan/2018:08:15:55 +0000] "GET /?author=45 HTTP/1.0" 404 12388 "-" "Mozilla/5.0 (Windows NT 6.1; rv:52.0) Gecko/20100101 Firefox/52.0"
5.45.207.12 - - [21/Jan/2018:08:16:00 +0000] "GET /i/logos/200/parallax.png HTTP/1.1" 404 12431 "-" "Mozilla/5.0 (compatible; YandexImages/3.0; +http://yandex.com/bots)"
103.24.154.15 - - [21/Jan/2018:08:16:04 +0000] "GET /?author=45 HTTP/1.0" 404 12388 "-" "Mozilla/5.0 (Windows NT 6.1; rv:52.0) Gecko/20100101 Firefox/52.0"
103.24.154.15 - - [21/Jan/2018:08:16:05 +0000] "GET /?author=46 HTTP/1.1" 404 12417 "-" "Mozilla/5.0 (Windows NT 6.1; rv:52.0) Gecko/20100101 Firefox/52.0"
45.77.4.48 - - [21/Jan/2018:08:17:02 +0000] "POST /wp-cron.php?doing_wp_cron=1516522622.7469000816345214843750 HTTP/1.0" 200 238 "http://www.bet-esport.com/wp-cron.php?doing_wp_cron=1516522622.7469000816345214843750" "WordPress/4.9.2; http://www.bet-esport.com"
5.45.207.12 - - [21/Jan/2018:08:17:02 +0000] "GET /tag/ripple-esports/ HTTP/1.1" 200 4227 "-" "Mozilla/5.0 (compatible; YandexBot/3.0; +http://yandex.com/bots)"
125.77.127.97 - - [21/Jan/2018:08:17:09 +0000] "GET /?author=46 HTTP/1.0" 404 12388 "-" "Mozilla/5.0 (Windows NT 6.1; rv:52.0) Gecko/20100101 Firefox/52.0"
180.76.15.22 - - [21/Jan/2018:08:17:36 +0000] "GET /match/bet-1907-fenerbahce-vs-royal-bandits-tcl-winter-01-21-2018/ HTTP/1.1" 200 6850 "-" "Mozilla/5.0 (compatible; Baiduspider/2.0; +http://www.baidu.com/search/spider.html)"
58.214.24.53 - - [21/Jan/2018:08:19:21 +0000] "GET /?author=46 HTTP/1.1" 404 12417 "-" "Mozilla/5.0 (Windows NT 6.1; rv:52.0) Gecko/20100101 Firefox/52.0"
45.77.4.48 - - [21/Jan/2018:08:20:01 +0000] "GET /autopost-tournament/ HTTP/1.1" 200 2112 "-" "curl/7.38.0"
192.0.102.40 - - [21/Jan/2018:08:20:06 +0000] "GET / HTTP/1.1" 200 8980 "-" "jetmon/1.0 (Jetpack Site Uptime Monitor by WordPress.com)"
45.77.4.48 - - [21/Jan/2018:08:25:00 +0000] "POST /wp-cron.php?doing_wp_cron=1516523100.8642311096191406250000 HTTP/1.0" 200 238 "http://www.bet-esport.com/wp-cron.php?doing_wp_cron=1516523100.8642311096191406250000" "WordPress/4.9.2; http://www.bet-esport.com"
192.0.102.40 - - [21/Jan/2018:08:25:00 +0000] "GET / HTTP/1.1" 200 8980 "-" "jetmon/1.0 (Jetpack Site Uptime Monitor by WordPress.com)"
45.77.4.48 - - [21/Jan/2018:08:25:01 +0000] "GET /autopost-tournament/ HTTP/1.1" 200 2135 "-" "curl/7.38.0"
45.77.4.48 - - [21/Jan/2018:08:28:33 +0000] "POST /wp-cron.php?doing_wp_cron=1516523313.9016859531402587890625 HTTP/1.0" 200 238 "http://www.bet-esport.com/wp-cron.php?doing_wp_cron=1516523313.9016859531402587890625" "WordPress/4.9.2; http://www.bet-esport.com"
5.45.207.12 - - [21/Jan/2018:08:28:33 +0000] "GET /match/bet-snute-vs-lambo-warditv-12-20-2017/ HTTP/1.1" 404 12450 "-" "Mozilla/5.0 (compatible; YandexBot/3.0; +http://yandex.com/bots)"
5.45.207.12 - - [21/Jan/2018:08:28:59 +0000] "GET /match/bet-stancifka-vs-iner-starladder-12-19-2017/ HTTP/1.1" 404 12456 "-" "Mozilla/5.0 (compatible; YandexBot/3.0; +http://yandex.com/bots)"
45.77.4.48 - - [21/Jan/2018:08:30:01 +0000] "GET /autopost-tournament/ HTTP/1.1" 200 2123 "-" "curl/7.38.0"
192.0.102.40 - - [21/Jan/2018:08:30:11 +0000] "GET / HTTP/1.1" 200 8980 "-" "jetmon/1.0 (Jetpack Site Uptime Monitor by WordPress.com)"
207.46.13.10 - - [21/Jan/2018:08:30:58 +0000] "GET /i/logos/cloud9-104x104.png HTTP/1.1" 404 12433 "-" "Mozilla/5.0 (compatible; bingbot/2.0; +http://www.bing.com/bingbot.htm)"
45.77.4.48 - - [21/Jan/2018:08:35:01 +0000] "POST /wp-cron.php?doing_wp_cron=1516523701.1240930557250976562500 HTTP/1.0" 200 238 "http://www.bet-esport.com/wp-cron.php?doing_wp_cron=1516523701.1240930557250976562500" "WordPress/4.9.2; http://www.bet-esport.com"
192.0.102.40 - - [21/Jan/2018:08:35:01 +0000] "GET / HTTP/1.1" 200 8980 "-" "jetmon/1.0 (Jetpack Site Uptime Monitor by WordPress.com)"
45.77.4.48 - - [21/Jan/2018:08:35:01 +0000] "GET /autopost-tournament/ HTTP/1.1" 200 2088 "-" "curl/7.38.0"
92.251.107.167 - - [21/Jan/2018:08:35:22 +0000] "GET / HTTP/1.0" 200 8999 "-" "Mozilla/5.0 (X11; Linux x86_64) AppleWebKit/537.36 (KHTML, like Gecko) Chrome/59.0.3071.115 Safari/537.36"
92.251.107.167 - - [21/Jan/2018:08:35:23 +0000] "GET /i/logos/100/radiant.png HTTP/1.1" 404 12430 "http://www.bet-esport.com/" "Mozilla/5.0 (X11; Linux x86_64) AppleWebKit/537.36 (KHTML, like Gecko) Chrome/59.0.3071.115 Safari/537.36"
92.251.107.167 - - [21/Jan/2018:08:35:24 +0000] "GET /i/logos/100/planet-dog.png HTTP/1.1" 404 12433 "http://www.bet-esport.com/" "Mozilla/5.0 (X11; Linux x86_64) AppleWebKit/537.36 (KHTML, like Gecko) Chrome/59.0.3071.115 Safari/537.36"
92.251.107.167 - - [21/Jan/2018:08:35:24 +0000] "GET /i/logos/100/sg-e-sports.png HTTP/1.1" 404 12434 "http://www.bet-esport.com/" "Mozilla/5.0 (X11; Linux x86_64) AppleWebKit/537.36 (KHTML, like Gecko) Chrome/59.0.3071.115 Safari/537.36"
92.251.107.167 - - [21/Jan/2018:08:35:24 +0000] "GET /i/logos/100/avangar.png HTTP/1.1" 404 12430 "http://www.bet-esport.com/" "Mozilla/5.0 (X11; Linux x86_64) AppleWebKit/537.36 (KHTML, like Gecko) Chrome/59.0.3071.115 Safari/537.36"
92.251.107.167 - - [21/Jan/2018:08:35:24 +0000] "GET /i/logos/100/enyoy.png HTTP/1.1" 404 12428 "http://www.bet-esport.com/" "Mozilla/5.0 (X11; Linux x86_64) AppleWebKit/537.36 (KHTML, like Gecko) Chrome/59.0.3071.115 Safari/537.36"
92.251.107.167 - - [21/Jan/2018:08:35:24 +0000] "GET /i/logos/100/spirit.png HTTP/1.1" 404 12429 "http://www.bet-esport.com/" "Mozilla/5.0 (X11; Linux x86_64) AppleWebKit/537.36 (KHTML, like Gecko) Chrome/59.0.3071.115 Safari/537.36"
92.251.107.167 - - [21/Jan/2018:08:35:24 +0000] "GET /i/logos/100/royal-bandits.png HTTP/1.1" 404 12436 "http://www.bet-esport.com/" "Mozilla/5.0 (X11; Linux x86_64) AppleWebKit/537.36 (KHTML, like Gecko) Chrome/59.0.3071.115 Safari/537.36"
92.251.107.167 - - [21/Jan/2018:08:35:24 +0000] "GET /i/logos/100/youthcrew.png HTTP/1.1" 404 12432 "http://www.bet-esport.com/" "Mozilla/5.0 (X11; Linux x86_64) AppleWebKit/537.36 (KHTML, like Gecko) Chrome/59.0.3071.115 Safari/537.36"
92.251.107.167 - - [21/Jan/2018:08:35:24 +0000] "GET /i/logos/100/hwa-gaming.png HTTP/1.1" 404 12433 "http://www.bet-esport.com/" "Mozilla/5.0 (X11; Linux x86_64) AppleWebKit/537.36 (KHTML, like Gecko) Chrome/59.0.3071.115 Safari/537.36"
92.251.107.167 - - [21/Jan/2018:08:35:24 +0000] "GET /i/logos/100/team-aurora.png HTTP/1.1" 404 12434 "http://www.bet-esport.com/" "Mozilla/5.0 (X11; Linux x86_64) AppleWebKit/537.36 (KHTML, like Gecko) Chrome/59.0.3071.115 Safari/537.36"
92.251.107.167 - - [21/Jan/2018:08:35:24 +0000] "GET /i/logos/100/1907-fenerbahce.png HTTP/1.1" 404 12438 "http://www.bet-esport.com/" "Mozilla/5.0 (X11; Linux x86_64) AppleWebKit/537.36 (KHTML, like Gecko) Chrome/59.0.3071.115 Safari/537.36"
92.251.107.167 - - [21/Jan/2018:08:35:25 +0000] "GET /i/logos/100/dark-passage.png HTTP/1.1" 404 12435 "http://www.bet-esport.com/" "Mozilla/5.0 (X11; Linux x86_64) AppleWebKit/537.36 (KHTML, like Gecko) Chrome/59.0.3071.115 Safari/537.36"
92.251.107.167 - - [21/Jan/2018:08:35:25 +0000] "GET /i/logos/100/galakticos.png HTTP/1.1" 404 12433 "http://www.bet-esport.com/" "Mozilla/5.0 (X11; Linux x86_64) AppleWebKit/537.36 (KHTML, like Gecko) Chrome/59.0.3071.115 Safari/537.36"
92.251.107.167 - - [21/Jan/2018:08:35:25 +0000] "GET /i/logos/100/zest.png HTTP/1.1" 404 12427 "http://www.bet-esport.com/" "Mozilla/5.0 (X11; Linux x86_64) AppleWebKit/537.36 (KHTML, like Gecko) Chrome/59.0.3071.115 Safari/537.36"
92.251.107.167 - - [21/Jan/2018:08:35:25 +0000] "GET /i/logos/100/bunny.png HTTP/1.1" 404 12428 "http://www.bet-esport.com/" "Mozilla/5.0 (X11; Linux x86_64) AppleWebKit/537.36 (KHTML, like Gecko) Chrome/59.0.3071.115 Safari/537.36"
92.251.107.167 - - [21/Jan/2018:08:35:25 +0000] "GET /i/logos/100/soo.png HTTP/1.1" 404 12426 "http://www.bet-esport.com/" "Mozilla/5.0 (X11; Linux x86_64) AppleWebKit/537.36 (KHTML, like Gecko) Chrome/59.0.3071.115 Safari/537.36"
92.251.107.167 - - [21/Jan/2018:08:35:25 +0000] "GET /i/logos/100/noregret.png HTTP/1.1" 404 12431 "http://www.bet-esport.com/" "Mozilla/5.0 (X11; Linux x86_64) AppleWebKit/537.36 (KHTML, like Gecko) Chrome/59.0.3071.115 Safari/537.36"
92.251.107.167 - - [21/Jan/2018:08:35:25 +0000] "GET /i/logos/100/byun.png HTTP/1.1" 404 12427 "http://www.bet-esport.com/" "Mozilla/5.0 (X11; Linux x86_64) AppleWebKit/537.36 (KHTML, like Gecko) Chrome/59.0.3071.115 Safari/537.36"
92.251.107.167 - - [21/Jan/2018:08:35:25 +0000] "GET /i/logos/100/trap.png HTTP/1.1" 404 12427 "http://www.bet-esport.com/" "Mozilla/5.0 (X11; Linux x86_64) AppleWebKit/537.36 (KHTML, like Gecko) Chrome/59.0.3071.115 Safari/537.36"
92.251.107.167 - - [21/Jan/2018:08:35:25 +0000] "GET /i/logos/100/dark.png HTTP/1.1" 404 12427 "http://www.bet-esport.com/" "Mozilla/5.0 (X11; Linux x86_64) AppleWebKit/537.36 (KHTML, like Gecko) Chrome/59.0.3071.115 Safari/537.36"
92.251.107.167 - - [21/Jan/2018:08:35:25 +0000] "GET /i/logos/100/trust.png HTTP/1.1" 404 12428 "http://www.bet-esport.com/" "Mozilla/5.0 (X11; Linux x86_64) AppleWebKit/537.36 (KHTML, like Gecko) Chrome/59.0.3071.115 Safari/537.36"
92.251.107.167 - - [21/Jan/2018:08:35:25 +0000] "GET /i/logos/100/gumiho.png HTTP/1.1" 404 12429 "http://www.bet-esport.com/" "Mozilla/5.0 (X11; Linux x86_64) AppleWebKit/537.36 (KHTML, like Gecko) Chrome/59.0.3071.115 Safari/537.36"
92.251.107.167 - - [21/Jan/2018:08:35:25 +0000] "GET /i/logos/100/hurricane.png HTTP/1.1" 404 12432 "http://www.bet-esport.com/" "Mozilla/5.0 (X11; Linux x86_64) AppleWebKit/537.36 (KHTML, like Gecko) Chrome/59.0.3071.115 Safari/537.36"
92.251.107.167 - - [21/Jan/2018:08:35:25 +0000] "GET /i/logos/100/creator.png HTTP/1.1" 404 12430 "http://www.bet-esport.com/" "Mozilla/5.0 (X11; Linux x86_64) AppleWebKit/537.36 (KHTML, like Gecko) Chrome/59.0.3071.115 Safari/537.36"
92.251.107.167 - - [21/Jan/2018:08:35:25 +0000] "GET /i/logos/100/ty.png HTTP/1.1" 404 12425 "http://www.bet-esport.com/" "Mozilla/5.0 (X11; Linux x86_64) AppleWebKit/537.36 (KHTML, like Gecko) Chrome/59.0.3071.115 Safari/537.36"
92.251.107.167 - - [21/Jan/2018:08:35:25 +0000] "GET /i/logos/100/infi.png HTTP/1.1" 404 12427 "http://www.bet-esport.com/" "Mozilla/5.0 (X11; Linux x86_64) AppleWebKit/537.36 (KHTML, like Gecko) Chrome/59.0.3071.115 Safari/537.36"
92.251.107.167 - - [21/Jan/2018:08:35:25 +0000] "GET /i/logos/100/chaemiko.png HTTP/1.1" 404 12431 "http://www.bet-esport.com/" "Mozilla/5.0 (X11; Linux x86_64) AppleWebKit/537.36 (KHTML, like Gecko) Chrome/59.0.3071.115 Safari/537.36"
92.251.107.167 - - [21/Jan/2018:08:35:25 +0000] "GET /i/logos/100/lyn.png HTTP/1.1" 404 12426 "http://www.bet-esport.com/" "Mozilla/5.0 (X11; Linux x86_64) AppleWebKit/537.36 (KHTML, like Gecko) Chrome/59.0.3071.115 Safari/537.36"
92.251.107.167 - - [21/Jan/2018:08:35:25 +0000] "GET /i/logos/100/lucifer.png HTTP/1.1" 404 12430 "http://www.bet-esport.com/" "Mozilla/5.0 (X11; Linux x86_64) AppleWebKit/537.36 (KHTML, like Gecko) Chrome/59.0.3071.115 Safari/537.36"
92.251.107.167 - - [21/Jan/2018:08:35:25 +0000] "GET /i/logos/100/life.png HTTP/1.1" 404 12427 "http://www.bet-esport.com/" "Mozilla/5.0 (X11; Linux x86_64) AppleWebKit/537.36 (KHTML, like Gecko) Chrome/59.0.3071.115 Safari/537.36"
92.251.107.167 - - [21/Jan/2018:08:35:25 +0000] "GET /i/logos/100/foggy.png HTTP/1.1" 404 12428 "http://www.bet-esport.com/" "Mozilla/5.0 (X11; Linux x86_64) AppleWebKit/537.36 (KHTML, like Gecko) Chrome/59.0.3071.115 Safari/537.36"
92.251.107.167 - - [21/Jan/2018:08:35:25 +0000] "GET /i/logos/100/focus.png HTTP/1.1" 404 12428 "http://www.bet-esport.com/" "Mozilla/5.0 (X11; Linux x86_64) AppleWebKit/537.36 (KHTML, like Gecko) Chrome/59.0.3071.115 Safari/537.36"
92.251.107.167 - - [21/Jan/2018:08:35:25 +0000] "GET /i/logos/100/romantic.png HTTP/1.1" 404 12431 "http://www.bet-esport.com/" "Mozilla/5.0 (X11; Linux x86_64) AppleWebKit/537.36 (KHTML, like Gecko) Chrome/59.0.3071.115 Safari/537.36"
92.251.107.167 - - [21/Jan/2018:08:35:25 +0000] "GET /i/logos/100/purple.png HTTP/1.1" 404 12429 "http://www.bet-esport.com/" "Mozilla/5.0 (X11; Linux x86_64) AppleWebKit/537.36 (KHTML, like Gecko) Chrome/59.0.3071.115 Safari/537.36"
92.251.107.167 - - [21/Jan/2018:08:35:26 +0000] "GET /i/logos/100/sintolol.png HTTP/1.1" 404 12431 "http://www.bet-esport.com/" "Mozilla/5.0 (X11; Linux x86_64) AppleWebKit/537.36 (KHTML, like Gecko) Chrome/59.0.3071.115 Safari/537.36"
92.251.107.167 - - [21/Jan/2018:08:35:26 +0000] "GET /i/logos/100/shtanudachi.png HTTP/1.1" 404 12434 "http://www.bet-esport.com/" "Mozilla/5.0 (X11; Linux x86_64) AppleWebKit/537.36 (KHTML, like Gecko) Chrome/59.0.3071.115 Safari/537.36"
92.251.107.167 - - [21/Jan/2018:08:35:26 +0000] "GET /i/logos/100/ant.png HTTP/1.1" 404 12426 "http://www.bet-esport.com/" "Mozilla/5.0 (X11; Linux x86_64) AppleWebKit/537.36 (KHTML, like Gecko) Chrome/59.0.3071.115 Safari/537.36"
92.251.107.167 - - [21/Jan/2018:08:35:26 +0000] "GET /i/logos/100/surrender.png HTTP/1.1" 404 12432 "http://www.bet-esport.com/" "Mozilla/5.0 (X11; Linux x86_64) AppleWebKit/537.36 (KHTML, like Gecko) Chrome/59.0.3071.115 Safari/537.36"
92.251.107.167 - - [21/Jan/2018:08:35:26 +0000] "GET /i/logos/100/omegazero.png HTTP/1.1" 404 12432 "http://www.bet-esport.com/" "Mozilla/5.0 (X11; Linux x86_64) AppleWebKit/537.36 (KHTML, like Gecko) Chrome/59.0.3071.115 Safari/537.36"
92.251.107.167 - - [21/Jan/2018:08:35:26 +0000] "GET /i/logos/100/fr0zen.png HTTP/1.1" 404 12429 "http://www.bet-esport.com/" "Mozilla/5.0 (X11; Linux x86_64) AppleWebKit/537.36 (KHTML, like Gecko) Chrome/59.0.3071.115 Safari/537.36"
92.251.107.167 - - [21/Jan/2018:08:35:26 +0000] "GET /i/logos/100/neirea.png HTTP/1.1" 404 12429 "http://www.bet-esport.com/" "Mozilla/5.0 (X11; Linux x86_64) AppleWebKit/537.36 (KHTML, like Gecko) Chrome/59.0.3071.115 Safari/537.36"
92.251.107.167 - - [21/Jan/2018:08:35:26 +0000] "GET /i/logos/100/new-york-excelsior.png HTTP/1.1" 404 12441 "http://www.bet-esport.com/" "Mozilla/5.0 (X11; Linux x86_64) AppleWebKit/537.36 (KHTML, like Gecko) Chrome/59.0.3071.115 Safari/537.36"
92.251.107.167 - - [21/Jan/2018:08:35:26 +0000] "GET /i/logos/100/los-angeles-valiant.png HTTP/1.1" 404 12442 "http://www.bet-esport.com/" "Mozilla/5.0 (X11; Linux x86_64) AppleWebKit/537.36 (KHTML, like Gecko) Chrome/59.0.3071.115 Safari/537.36"
92.251.107.167 - - [21/Jan/2018:08:35:26 +0000] "GET /i/logos/100/philadelphia-fusion.png HTTP/1.1" 404 12442 "http://www.bet-esport.com/" "Mozilla/5.0 (X11; Linux x86_64) AppleWebKit/537.36 (KHTML, like Gecko) Chrome/59.0.3071.115 Safari/537.36"
92.251.107.167 - - [21/Jan/2018:08:35:26 +0000] "GET /i/logos/100/los-angeles-gladiators.png HTTP/1.1" 404 12445 "http://www.bet-esport.com/" "Mozilla/5.0 (X11; Linux x86_64) AppleWebKit/537.36 (KHTML, like Gecko) Chrome/59.0.3071.115 Safari/537.36"
92.251.107.167 - - [21/Jan/2018:08:35:26 +0000] "GET /i/logos/100/dallas-fuel.png HTTP/1.1" 404 12434 "http://www.bet-esport.com/" "Mozilla/5.0 (X11; Linux x86_64) AppleWebKit/537.36 (KHTML, like Gecko) Chrome/59.0.3071.115 Safari/537.36"
92.251.107.167 - - [21/Jan/2018:08:35:26 +0000] "GET /i/logos/100/houston-outlaws.png HTTP/1.1" 404 12438 "http://www.bet-esport.com/" "Mozilla/5.0 (X11; Linux x86_64) AppleWebKit/537.36 (KHTML, like Gecko) Chrome/59.0.3071.115 Safari/537.36"
92.251.107.167 - - [21/Jan/2018:08:35:26 +0000] "GET /i/logos/100/shanghai-dragons.png HTTP/1.1" 404 12439 "http://www.bet-esport.com/" "Mozilla/5.0 (X11; Linux x86_64) AppleWebKit/537.36 (KHTML, like Gecko) Chrome/59.0.3071.115 Safari/537.36"
92.251.107.167 - - [21/Jan/2018:08:35:26 +0000] "GET /i/logos/100/san-francisco-shock.png HTTP/1.1" 404 12442 "http://www.bet-esport.com/" "Mozilla/5.0 (X11; Linux x86_64) AppleWebKit/537.36 (KHTML, like Gecko) Chrome/59.0.3071.115 Safari/537.36"
45.77.4.48 - - [21/Jan/2018:08:40:01 +0000] "POST /wp-cron.php?doing_wp_cron=1516524001.6375789642333984375000 HTTP/1.0" 200 238 "http://www.bet-esport.com/wp-cron.php?doing_wp_cron=1516524001.6375789642333984375000" "WordPress/4.9.2; http://www.bet-esport.com"
45.77.4.48 - - [21/Jan/2018:08:40:07 +0000] "POST /wp-cron.php?doing_wp_cron=1516524007.7632040977478027343750 HTTP/1.0" 200 238 "http://www.bet-esport.com/wp-cron.php?doing_wp_cron=1516524007.7632040977478027343750" "WordPress/4.9.2; http://www.bet-esport.com"
66.249.79.49 - - [21/Jan/2018:08:40:08 +0000] "GET /robots.txt HTTP/1.1" 200 450 "-" "Mozilla/5.0 (compatible; Googlebot/2.1; +http://www.google.com/bot.html)"
66.249.79.55 - - [21/Jan/2018:08:40:08 +0000] "GET /sitemap-pt-match-2018-01.xml HTTP/1.1" 200 686 "-" "Mozilla/5.0 (compatible; Googlebot/2.1; +http://www.google.com/bot.html)"
192.0.102.40 - - [21/Jan/2018:08:40:07 +0000] "GET / HTTP/1.1" 200 9141 "-" "jetmon/1.0 (Jetpack Site Uptime Monitor by WordPress.com)"
66.249.79.55 - - [21/Jan/2018:08:40:09 +0000] "GET /sitemap.xml HTTP/1.1" 200 905 "-" "Mozilla/5.0 (compatible; Googlebot/2.1; +http://www.google.com/bot.html)"
45.77.4.48 - - [21/Jan/2018:08:40:01 +0000] "GET /autopost-tournament/ HTTP/1.1" 200 2392 "-" "curl/7.38.0"
92.251.107.167 - - [21/Jan/2018:08:41:14 +0000] "GET /how-to-bet-on-esports/ HTTP/1.1" 200 5997 "http://www.bet-esport.com/" "Mozilla/5.0 (X11; Linux x86_64) AppleWebKit/537.36 (KHTML, like Gecko) Chrome/59.0.3071.115 Safari/537.36"
92.251.107.167 - - [21/Jan/2018:08:41:30 +0000] "GET /images/tooltip_arrow.png HTTP/1.1" 404 12431 "http://www.bet-esport.com/how-to-bet-on-esports/" "Mozilla/5.0 (X11; Linux x86_64) AppleWebKit/537.36 (KHTML, like Gecko) Chrome/59.0.3071.115 Safari/537.36"
92.251.107.167 - - [21/Jan/2018:08:41:30 +0000] "GET /images/article-contract.png HTTP/1.1" 404 12434 "http://www.bet-esport.com/how-to-bet-on-esports/" "Mozilla/5.0 (X11; Linux x86_64) AppleWebKit/537.36 (KHTML, like Gecko) Chrome/59.0.3071.115 Safari/537.36"
92.251.107.167 - - [21/Jan/2018:08:41:30 +0000] "GET /images/article-expand.png HTTP/1.1" 404 12432 "http://www.bet-esport.com/how-to-bet-on-esports/" "Mozilla/5.0 (X11; Linux x86_64) AppleWebKit/537.36 (KHTML, like Gecko) Chrome/59.0.3071.115 Safari/537.36"
45.77.4.48 - - [21/Jan/2018:08:41:30 +0000] "POST /wp-cron.php?doing_wp_cron=1516524090.3411378860473632812500 HTTP/1.0" 200 238 "http://www.bet-esport.com/wp-cron.php?doing_wp_cron=1516524090.3411378860473632812500" "WordPress/4.9.2; http://www.bet-esport.com"
45.77.4.48 - - [21/Jan/2018:08:45:01 +0000] "GET /autopost-tournament/ HTTP/1.1" 200 2355 "-" "curl/7.38.0"
192.0.102.40 - - [21/Jan/2018:08:46:02 +0000] "GET / HTTP/1.1" 200 9141 "-" "jetmon/1.0 (Jetpack Site Uptime Monitor by WordPress.com)"
45.77.4.48 - - [21/Jan/2018:08:49:08 +0000] "POST /wp-cron.php?doing_wp_cron=1516524548.3253929615020751953125 HTTP/1.0" 200 238 "http://www.bet-esport.com/wp-cron.php?doing_wp_cron=1516524548.3253929615020751953125" "WordPress/4.9.2; http://www.bet-esport.com"
66.249.79.49 - - [21/Jan/2018:08:49:08 +0000] "GET /esports-bet-odds/ HTTP/1.1" 404 12423 "-" "Mozilla/5.0 (compatible; Googlebot/2.1; +http://www.google.com/bot.html)"
45.77.4.48 - - [21/Jan/2018:08:50:01 +0000] "GET /autopost-tournament/ HTTP/1.1" 200 2359 "-" "curl/7.38.0"
192.0.102.40 - - [21/Jan/2018:08:50:06 +0000] "GET / HTTP/1.1" 200 9141 "-" "jetmon/1.0 (Jetpack Site Uptime Monitor by WordPress.com)"
45.77.4.48 - - [21/Jan/2018:08:50:56 +0000] "POST /wp-cron.php?doing_wp_cron=1516524656.8533930778503417968750 HTTP/1.0" 200 238 "http://www.bet-esport.com/wp-cron.php?doing_wp_cron=1516524656.8533930778503417968750" "WordPress/4.9.2; http://www.bet-esport.com"
66.249.79.52 - - [21/Jan/2018:08:50:57 +0000] "GET /sitemap.xml HTTP/1.1" 200 906 "-" "Mozilla/5.0 (compatible; Googlebot/2.1; +http://www.google.com/bot.html)"
180.76.15.146 - - [21/Jan/2018:08:50:56 +0000] "GET /match/bet-hwa-gaming-vs-team-aurora-tcl-winter-01-21-2018/ HTTP/1.1" 200 6847 "-" "Mozilla/5.0 (compatible; Baiduspider/2.0; +http://www.baidu.com/search/spider.html)"
66.249.79.49 - - [21/Jan/2018:08:50:57 +0000] "GET /sitemap-pt-match-2018-01.xml HTTP/1.1" 200 686 "-" "Mozilla/5.0 (compatible; Googlebot/2.1; +http://www.google.com/bot.html)"
45.77.4.48 - - [21/Jan/2018:08:55:01 +0000] "POST /wp-cron.php?doing_wp_cron=1516524901.8595139980316162109375 HTTP/1.0" 200 238 "http://www.bet-esport.com/wp-cron.php?doing_wp_cron=1516524901.8595139980316162109375" "WordPress/4.9.2; http://www.bet-esport.com"
45.77.4.48 - - [21/Jan/2018:08:55:01 +0000] "GET /autopost-tournament/ HTTP/1.1" 200 2372 "-" "curl/7.38.0"
66.249.79.55 - - [21/Jan/2018:08:55:22 +0000] "GET /sitemap.xml HTTP/1.1" 200 905 "-" "Mozilla/5.0 (compatible; Googlebot/2.1; +http://www.google.com/bot.html)"
45.77.4.48 - - [21/Jan/2018:08:55:21 +0000] "POST /wp-cron.php?doing_wp_cron=1516524921.8161768913269042968750 HTTP/1.0" 200 238 "http://www.bet-esport.com/wp-cron.php?doing_wp_cron=1516524921.8161768913269042968750" "WordPress/4.9.2; http://www.bet-esport.com"
192.0.102.40 - - [21/Jan/2018:08:55:21 +0000] "GET / HTTP/1.1" 200 9141 "-" "jetmon/1.0 (Jetpack Site Uptime Monitor by WordPress.com)"
66.249.79.49 - - [21/Jan/2018:08:55:23 +0000] "GET /sitemap-pt-match-2018-01.xml HTTP/1.1" 200 688 "-" "Mozilla/5.0 (compatible; Googlebot/2.1; +http://www.google.com/bot.html)"
87.250.224.113 - - [21/Jan/2018:08:55:42 +0000] "GET /tag/fcsb/ HTTP/1.1" 200 4222 "-" "Mozilla/5.0 (compatible; YandexBot/3.0; +http://yandex.com/bots)"
45.77.4.48 - - [21/Jan/2018:08:56:40 +0000] "POST /wp-cron.php?doing_wp_cron=1516525000.8377580642700195312500 HTTP/1.0" 200 238 "http://www.bet-esport.com/wp-cron.php?doing_wp_cron=1516525000.8377580642700195312500" "WordPress/4.9.2; http://www.bet-esport.com"
5.45.207.12 - - [21/Jan/2018:08:56:40 +0000] "GET /tag/eeriness/ HTTP/1.1" 200 4224 "-" "Mozilla/5.0 (compatible; YandexBot/3.0; +http://yandex.com/bots)"
87.250.224.113 - - [21/Jan/2018:08:56:44 +0000] "GET /tag/headshot-cup/ HTTP/1.1" 200 4227 "-" "Mozilla/5.0 (compatible; YandexBot/3.0; +http://yandex.com/bots)"
45.77.4.48 - - [21/Jan/2018:09:00:01 +0000] "GET /autopost-tournament/ HTTP/1.1" 200 2362 "-" "curl/7.38.0"
192.0.102.40 - - [21/Jan/2018:09:00:05 +0000] "GET / HTTP/1.1" 200 9141 "-" "jetmon/1.0 (Jetpack Site Uptime Monitor by WordPress.com)"
45.77.4.48 - - [21/Jan/2018:09:01:35 +0000] "POST /wp-cron.php?doing_wp_cron=1516525295.1784110069274902343750 HTTP/1.0" 200 238 "http://www.bet-esport.com/wp-cron.php?doing_wp_cron=1516525295.1784110069274902343750" "WordPress/4.9.2; http://www.bet-esport.com"
5.45.207.12 - - [21/Jan/2018:09:01:35 +0000] "GET /tag/candy-camel/ HTTP/1.1" 200 4227 "-" "Mozilla/5.0 (compatible; YandexBot/3.0; +http://yandex.com/bots)"
