45.77.4.48 - - [22/Jan/2018:04:20:01 +0000] "GET /autopost-tournament/ HTTP/1.1" 200 2279 "-" "curl/7.38.0"
192.0.102.40 - - [22/Jan/2018:04:20:05 +0000] "GET / HTTP/1.1" 200 8170 "-" "jetmon/1.0 (Jetpack Site Uptime Monitor by WordPress.com)"
45.77.4.48 - - [22/Jan/2018:04:25:01 +0000] "POST /wp-cron.php?doing_wp_cron=1516595101.7922489643096923828125 HTTP/1.0" 200 238 "http://www.bet-esport.com/wp-cron.php?doing_wp_cron=1516595101.7922489643096923828125" "WordPress/4.9.2; http://www.bet-esport.com"
45.77.4.48 - - [22/Jan/2018:04:25:01 +0000] "GET /autopost-tournament/ HTTP/1.1" 200 2286 "-" "curl/7.38.0"
192.0.102.40 - - [22/Jan/2018:04:25:16 +0000] "GET / HTTP/1.1" 200 8170 "-" "jetmon/1.0 (Jetpack Site Uptime Monitor by WordPress.com)"
45.77.4.48 - - [22/Jan/2018:04:29:23 +0000] "POST /wp-cron.php?doing_wp_cron=1516595363.0393779277801513671875 HTTP/1.0" 200 238 "https://www.bet-esport.com/wp-cron.php?doing_wp_cron=1516595363.0393779277801513671875" "WordPress/4.9.2; https://www.bet-esport.com"
5.45.207.12 - - [22/Jan/2018:04:29:23 +0000] "GET /tournament/mdl-macau/ HTTP/1.1" 404 12480 "-" "Mozilla/5.0 (compatible; YandexBot/3.0; +http://yandex.com/bots)"
45.77.4.48 - - [22/Jan/2018:04:30:01 +0000] "GET /autopost-tournament/ HTTP/1.1" 200 2295 "-" "curl/7.38.0"
192.0.102.40 - - [22/Jan/2018:04:30:03 +0000] "GET / HTTP/1.1" 200 8170 "-" "jetmon/1.0 (Jetpack Site Uptime Monitor by WordPress.com)"
5.45.207.12 - - [22/Jan/2018:04:30:19 +0000] "GET /match/bet-leftovers-vs-liquid-global-championship-europe-pro-league-01-17-2018/ HTTP/1.1" 200 6464 "-" "Mozilla/5.0 (compatible; YandexBot/3.0; +http://yandex.com/bots)"
45.77.4.48 - - [22/Jan/2018:04:35:01 +0000] "POST /wp-cron.php?doing_wp_cron=1516595701.6925020217895507812500 HTTP/1.0" 200 238 "http://www.bet-esport.com/wp-cron.php?doing_wp_cron=1516595701.6925020217895507812500" "WordPress/4.9.2; http://www.bet-esport.com"
45.77.4.48 - - [22/Jan/2018:04:35:01 +0000] "GET /autopost-tournament/ HTTP/1.1" 200 2308 "-" "curl/7.38.0"
5.45.207.12 - - [22/Jan/2018:04:35:07 +0000] "GET /tag/korea/ HTTP/1.1" 200 4223 "-" "Mozilla/5.0 (compatible; YandexBot/3.0; +http://yandex.com/bots)"
192.0.102.40 - - [22/Jan/2018:04:35:09 +0000] "GET / HTTP/1.1" 200 8165 "-" "jetmon/1.0 (Jetpack Site Uptime Monitor by WordPress.com)"
45.77.4.48 - - [22/Jan/2018:04:40:01 +0000] "POST /wp-cron.php?doing_wp_cron=1516596001.9788050651550292968750 HTTP/1.0" 200 238 "http://www.bet-esport.com/wp-cron.php?doing_wp_cron=1516596001.9788050651550292968750" "WordPress/4.9.2; http://www.bet-esport.com"
45.77.4.48 - - [22/Jan/2018:04:40:01 +0000] "GET /autopost-tournament/ HTTP/1.1" 200 2286 "-" "curl/7.38.0"
192.0.102.40 - - [22/Jan/2018:04:40:35 +0000] "GET / HTTP/1.1" 200 8165 "-" "jetmon/1.0 (Jetpack Site Uptime Monitor by WordPress.com)"
45.77.4.48 - - [22/Jan/2018:04:41:59 +0000] "POST /wp-cron.php?doing_wp_cron=1516596119.1260080337524414062500 HTTP/1.0" 200 238 "http://www.bet-esport.com/wp-cron.php?doing_wp_cron=1516596119.1260080337524414062500" "WordPress/4.9.2; http://www.bet-esport.com"
5.45.207.12 - - [22/Jan/2018:04:41:59 +0000] "GET /tournament/cs-go-esea-europe/ HTTP/1.1" 200 4989 "-" "Mozilla/5.0 (compatible; YandexBot/3.0; +http://yandex.com/bots)"
5.45.207.12 - - [22/Jan/2018:04:42:39 +0000] "GET /match/bet-tectonic-vs-order-oceanic-pro-league-01-04-2018/ HTTP/1.1" 404 12464 "-" "Mozilla/5.0 (compatible; YandexBot/3.0; +http://yandex.com/bots)"
5.45.207.12 - - [22/Jan/2018:04:44:47 +0000] "GET /tag/wish/ HTTP/1.1" 200 4220 "-" "Mozilla/5.0 (compatible; YandexBot/3.0; +http://yandex.com/bots)"
45.77.4.48 - - [22/Jan/2018:04:45:01 +0000] "GET /autopost-tournament/ HTTP/1.1" 200 2311 "-" "curl/7.38.0"
192.0.102.40 - - [22/Jan/2018:04:45:32 +0000] "GET / HTTP/1.1" 200 8165 "-" "jetmon/1.0 (Jetpack Site Uptime Monitor by WordPress.com)"
45.77.4.48 - - [22/Jan/2018:04:48:45 +0000] "POST /wp-cron.php?doing_wp_cron=1516596525.7144379615783691406250 HTTP/1.0" 200 238 "http://www.bet-esport.com/wp-cron.php?doing_wp_cron=1516596525.7144379615783691406250" "WordPress/4.9.2; http://www.bet-esport.com"
5.45.207.12 - - [22/Jan/2018:04:48:45 +0000] "GET /tag/tsm-academy/ HTTP/1.1" 200 4227 "-" "Mozilla/5.0 (compatible; YandexBot/3.0; +http://yandex.com/bots)"
45.77.4.48 - - [22/Jan/2018:04:50:01 +0000] "GET /autopost-tournament/ HTTP/1.1" 200 2295 "-" "curl/7.38.0"
192.0.102.40 - - [22/Jan/2018:04:50:28 +0000] "GET / HTTP/1.1" 200 8164 "-" "jetmon/1.0 (Jetpack Site Uptime Monitor by WordPress.com)"
87.250.224.113 - - [22/Jan/2018:04:50:30 +0000] "GET /tag/x6tence/ HTTP/1.1" 200 4224 "-" "Mozilla/5.0 (compatible; YandexBot/3.0; +http://yandex.com/bots)"
180.76.15.10 - - [22/Jan/2018:04:50:57 +0000] "GET /match/bet-pride-vs-spirit-farmskins-championship-01-21-2018/ HTTP/1.1" 200 6438 "-" "Mozilla/5.0 (compatible; Baiduspider/2.0; +http://www.baidu.com/search/spider.html)"
45.77.4.48 - - [22/Jan/2018:04:54:57 +0000] "POST /wp-cron.php?doing_wp_cron=1516596897.8510000705718994140625 HTTP/1.0" 200 238 "http://www.bet-esport.com/wp-cron.php?doing_wp_cron=1516596897.8510000705718994140625" "WordPress/4.9.2; http://www.bet-esport.com"
66.249.79.1 - - [22/Jan/2018:04:54:57 +0000] "GET /robots.txt HTTP/1.1" 200 450 "-" "Mozilla/5.0 (compatible; Googlebot/2.1; +http://www.google.com/bot.html)"
157.55.39.88 - - [22/Jan/2018:04:54:57 +0000] "GET /tag/warriorsgaming-unity/ HTTP/1.1" 200 4243 "-" "Mozilla/5.0 (compatible; bingbot/2.0; +http://www.bing.com/bingbot.htm)"
66.249.79.1 - - [22/Jan/2018:04:54:58 +0000] "GET /i/9pashaebashu.jpg HTTP/1.1" 404 12425 "-" "Googlebot-Image/1.0"
45.77.4.48 - - [22/Jan/2018:04:55:01 +0000] "GET /autopost-tournament/ HTTP/1.1" 200 2278 "-" "curl/7.38.0"
192.0.102.40 - - [22/Jan/2018:04:55:03 +0000] "GET / HTTP/1.1" 200 8164 "-" "jetmon/1.0 (Jetpack Site Uptime Monitor by WordPress.com)"
45.77.4.48 - - [22/Jan/2018:04:59:45 +0000] "POST /wp-cron.php?doing_wp_cron=1516597185.9168019294738769531250 HTTP/1.0" 200 238 "http://www.bet-esport.com/wp-cron.php?doing_wp_cron=1516597185.9168019294738769531250" "WordPress/4.9.2; http://www.bet-esport.com"
176.121.10.58 - - [22/Jan/2018:04:59:45 +0000] "GET / HTTP/1.1" 301 272 "-" "Mozilla/5.0 (Windows NT 6.1; WOW64) AppleWebKit/537.36 (KHTML, like Gecko) Chrome/36.0.1985.143 Safari/537.36"
176.121.10.58 - - [22/Jan/2018:04:59:46 +0000] "GET / HTTP/1.1" 200 8164 "http://bet-esport.com" "Go-http-client/1.1"
45.77.4.48 - - [22/Jan/2018:05:00:01 +0000] "GET /autopost-tournament/ HTTP/1.1" 200 2303 "-" "curl/7.38.0"
192.0.102.40 - - [22/Jan/2018:05:00:16 +0000] "HEAD / HTTP/1.0" 200 289 "-" "jetmon/1.0 (Jetpack Site Uptime Monitor by WordPress.com)"
5.45.207.12 - - [22/Jan/2018:05:00:40 +0000] "GET /tag/shtanudachi/ HTTP/1.1" 200 4226 "-" "Mozilla/5.0 (compatible; YandexBot/3.0; +http://yandex.com/bots)"
45.77.4.48 - - [22/Jan/2018:05:02:39 +0000] "POST /wp-cron.php?doing_wp_cron=1516597359.2828059196472167968750 HTTP/1.0" 200 238 "http://www.bet-esport.com/wp-cron.php?doing_wp_cron=1516597359.2828059196472167968750" "WordPress/4.9.2; http://www.bet-esport.com"
5.45.207.12 - - [22/Jan/2018:05:02:39 +0000] "GET /tag/team-dignitas/ HTTP/1.1" 200 4227 "-" "Mozilla/5.0 (compatible; YandexBot/3.0; +http://yandex.com/bots)"
45.77.4.48 - - [22/Jan/2018:05:05:01 +0000] "GET /autopost-tournament/ HTTP/1.1" 200 2301 "-" "curl/7.38.0"
192.0.102.40 - - [22/Jan/2018:05:05:04 +0000] "GET / HTTP/1.1" 200 8164 "-" "jetmon/1.0 (Jetpack Site Uptime Monitor by WordPress.com)"
45.77.4.48 - - [22/Jan/2018:05:10:01 +0000] "POST /wp-cron.php?doing_wp_cron=1516597801.1036970615386962890625 HTTP/1.0" 200 238 "http://www.bet-esport.com/wp-cron.php?doing_wp_cron=1516597801.1036970615386962890625" "WordPress/4.9.2; http://www.bet-esport.com"
45.77.4.48 - - [22/Jan/2018:05:10:01 +0000] "GET /autopost-tournament/ HTTP/1.1" 200 2292 "-" "curl/7.38.0"
192.0.102.40 - - [22/Jan/2018:05:10:13 +0000] "GET / HTTP/1.1" 200 8164 "-" "jetmon/1.0 (Jetpack Site Uptime Monitor by WordPress.com)"
45.77.4.48 - - [22/Jan/2018:05:15:01 +0000] "POST /wp-cron.php?doing_wp_cron=1516598101.2519071102142333984375 HTTP/1.0" 200 238 "http://www.bet-esport.com/wp-cron.php?doing_wp_cron=1516598101.2519071102142333984375" "WordPress/4.9.2; http://www.bet-esport.com"
45.77.4.48 - - [22/Jan/2018:05:15:01 +0000] "GET /autopost-tournament/ HTTP/1.1" 200 2280 "-" "curl/7.38.0"
192.0.102.40 - - [22/Jan/2018:05:15:09 +0000] "GET / HTTP/1.1" 200 8164 "-" "jetmon/1.0 (Jetpack Site Uptime Monitor by WordPress.com)"
45.77.4.48 - - [22/Jan/2018:05:19:11 +0000] "POST /wp-cron.php?doing_wp_cron=1516598351.3550729751586914062500 HTTP/1.0" 200 238 "http://www.bet-esport.com/wp-cron.php?doing_wp_cron=1516598351.3550729751586914062500" "WordPress/4.9.2; http://www.bet-esport.com"
72.34.47.10 - - [22/Jan/2018:05:19:11 +0000] "POST /wp-login.php HTTP/1.0" 403 3284 "-" "Mozilla/5.0 (Windows NT 6.1; Win64; x64) AppleWebKit/537.36 (KHTML, like Gecko) Chrome/53.0.2785.89 Safari/537.36"
45.77.4.48 - - [22/Jan/2018:05:20:01 +0000] "GET /autopost-tournament/ HTTP/1.1" 200 2290 "-" "curl/7.38.0"
192.0.102.40 - - [22/Jan/2018:05:20:05 +0000] "GET / HTTP/1.1" 200 8164 "-" "jetmon/1.0 (Jetpack Site Uptime Monitor by WordPress.com)"
66.249.79.5 - - [22/Jan/2018:05:20:20 +0000] "GET /i/logos/100/dark-passage.png HTTP/1.1" 404 12435 "-" "Googlebot-Image/1.0"
45.77.4.48 - - [22/Jan/2018:05:22:42 +0000] "POST /wp-cron.php?doing_wp_cron=1516598562.4755399227142333984375 HTTP/1.0" 200 238 "https://www.bet-esport.com/wp-cron.php?doing_wp_cron=1516598562.4755399227142333984375" "WordPress/4.9.2; https://www.bet-esport.com"
157.55.39.88 - - [22/Jan/2018:05:22:42 +0000] "GET /sitemap-tax-post_tag.xml HTTP/1.1" 200 12911 "-" "Mozilla/5.0 (compatible; bingbot/2.0; +http://www.bing.com/bingbot.htm)"
180.76.15.16 - - [22/Jan/2018:05:24:17 +0000] "GET /match/bet-kt-rolster-vs-samsung-galaxy-lck-summer-split-06-15-2017/ HTTP/1.1" 404 12474 "-" "Mozilla/5.0 (compatible; Baiduspider/2.0; +http://www.baidu.com/search/spider.html)"
45.77.4.48 - - [22/Jan/2018:05:25:01 +0000] "GET /autopost-tournament/ HTTP/1.1" 200 2301 "-" "curl/7.38.0"
192.0.102.40 - - [22/Jan/2018:05:25:08 +0000] "GET / HTTP/1.1" 200 8164 "-" "jetmon/1.0 (Jetpack Site Uptime Monitor by WordPress.com)"
18.218.70.174 - - [22/Jan/2018:05:25:33 +0000] "GET /wp-login.php HTTP/1.1" 200 1808 "https://www.google.com" "Mozilla/5.0 (Windows NT 5.1; rv:29.0) Gecko/20120101 Firefox/29.0"
45.77.4.48 - - [22/Jan/2018:05:30:01 +0000] "POST /wp-cron.php?doing_wp_cron=1516599001.3079800605773925781250 HTTP/1.0" 200 238 "http://www.bet-esport.com/wp-cron.php?doing_wp_cron=1516599001.3079800605773925781250" "WordPress/4.9.2; http://www.bet-esport.com"
45.77.4.48 - - [22/Jan/2018:05:30:01 +0000] "GET /autopost-tournament/ HTTP/1.1" 200 2316 "-" "curl/7.38.0"
192.0.102.40 - - [22/Jan/2018:05:30:06 +0000] "GET / HTTP/1.1" 200 8164 "-" "jetmon/1.0 (Jetpack Site Uptime Monitor by WordPress.com)"
46.229.164.98 - - [22/Jan/2018:05:32:53 +0000] "GET /robots.txt HTTP/1.1" 403 380 "-" "Mozilla/5.0 (compatible; SemrushBot/1.2~bl; +http://www.semrush.com/bot.html)"
45.77.4.48 - - [22/Jan/2018:05:35:01 +0000] "POST /wp-cron.php?doing_wp_cron=1516599301.3113589286804199218750 HTTP/1.0" 200 238 "http://www.bet-esport.com/wp-cron.php?doing_wp_cron=1516599301.3113589286804199218750" "WordPress/4.9.2; http://www.bet-esport.com"
45.77.4.48 - - [22/Jan/2018:05:35:01 +0000] "GET /autopost-tournament/ HTTP/1.1" 200 2299 "-" "curl/7.38.0"
45.77.4.48 - - [22/Jan/2018:05:36:25 +0000] "POST /wp-cron.php?doing_wp_cron=1516599385.1928019523620605468750 HTTP/1.0" 200 238 "http://www.bet-esport.com/wp-cron.php?doing_wp_cron=1516599385.1928019523620605468750" "WordPress/4.9.2; http://www.bet-esport.com"
192.0.102.40 - - [22/Jan/2018:05:36:25 +0000] "GET / HTTP/1.1" 200 8164 "-" "jetmon/1.0 (Jetpack Site Uptime Monitor by WordPress.com)"
45.77.4.48 - - [22/Jan/2018:05:40:01 +0000] "GET /autopost-tournament/ HTTP/1.1" 200 2284 "-" "curl/7.38.0"
192.0.102.40 - - [22/Jan/2018:05:40:35 +0000] "GET / HTTP/1.1" 200 8164 "-" "jetmon/1.0 (Jetpack Site Uptime Monitor by WordPress.com)"
45.77.4.48 - - [22/Jan/2018:05:42:14 +0000] "POST /wp-cron.php?doing_wp_cron=1516599733.9934239387512207031250 HTTP/1.0" 200 238 "http://www.bet-esport.com/wp-cron.php?doing_wp_cron=1516599733.9934239387512207031250" "WordPress/4.9.2; http://www.bet-esport.com"
5.45.207.12 - - [22/Jan/2018:05:42:13 +0000] "GET /tag/story-cup/ HTTP/1.1" 200 4225 "-" "Mozilla/5.0 (compatible; YandexBot/3.0; +http://yandex.com/bots)"
45.77.4.48 - - [22/Jan/2018:05:45:01 +0000] "GET /autopost-tournament/ HTTP/1.1" 200 2304 "-" "curl/7.38.0"
192.0.102.40 - - [22/Jan/2018:05:45:06 +0000] "GET / HTTP/1.1" 200 8164 "-" "jetmon/1.0 (Jetpack Site Uptime Monitor by WordPress.com)"
45.77.4.48 - - [22/Jan/2018:05:47:05 +0000] "POST /wp-cron.php?doing_wp_cron=1516600025.5914440155029296875000 HTTP/1.0" 200 238 "http://www.bet-esport.com/wp-cron.php?doing_wp_cron=1516600025.5914440155029296875000" "WordPress/4.9.2; http://www.bet-esport.com"
207.46.13.10 - - [22/Jan/2018:05:47:05 +0000] "GET /sitemap-pt-post-2015-03.xml HTTP/1.1" 200 683 "-" "Mozilla/5.0 (compatible; bingbot/2.0; +http://www.bing.com/bingbot.htm)"
45.77.4.48 - - [22/Jan/2018:05:50:01 +0000] "GET /autopost-tournament/ HTTP/1.1" 200 2311 "-" "curl/7.38.0"
192.0.102.40 - - [22/Jan/2018:05:50:04 +0000] "GET / HTTP/1.1" 200 8164 "-" "jetmon/1.0 (Jetpack Site Uptime Monitor by WordPress.com)"
45.77.4.48 - - [22/Jan/2018:05:55:01 +0000] "POST /wp-cron.php?doing_wp_cron=1516600501.4039759635925292968750 HTTP/1.0" 200 238 "http://www.bet-esport.com/wp-cron.php?doing_wp_cron=1516600501.4039759635925292968750" "WordPress/4.9.2; http://www.bet-esport.com"
45.77.4.48 - - [22/Jan/2018:05:55:01 +0000] "GET /autopost-tournament/ HTTP/1.1" 200 2266 "-" "curl/7.38.0"
192.0.102.40 - - [22/Jan/2018:05:55:07 +0000] "GET / HTTP/1.1" 200 8164 "-" "jetmon/1.0 (Jetpack Site Uptime Monitor by WordPress.com)"
66.249.79.1 - - [22/Jan/2018:05:55:45 +0000] "GET /robots.txt HTTP/1.1" 200 450 "-" "Mozilla/5.0 (compatible; Googlebot/2.1; +http://www.google.com/bot.html)"
66.249.79.1 - - [22/Jan/2018:05:55:45 +0000] "GET /i/logos/50/keyd-stars.png HTTP/1.1" 404 12432 "-" "Googlebot-Image/1.0"
45.77.4.48 - - [22/Jan/2018:05:57:37 +0000] "POST /wp-cron.php?doing_wp_cron=1516600657.9878740310668945312500 HTTP/1.0" 200 238 "http://www.bet-esport.com/wp-cron.php?doing_wp_cron=1516600657.9878740310668945312500" "WordPress/4.9.2; http://www.bet-esport.com"
180.76.15.147 - - [22/Jan/2018:05:57:37 +0000] "GET /match/bet-wolfhound-vs-new4-wesg-apac-01-13-2018/ HTTP/1.1" 200 6278 "-" "Mozilla/5.0 (compatible; Baiduspider/2.0; +http://www.baidu.com/search/spider.html)"
5.45.207.12 - - [22/Jan/2018:05:58:22 +0000] "GET /tag/echo-fox-academy/ HTTP/1.1" 200 4230 "-" "Mozilla/5.0 (compatible; YandexBot/3.0; +http://yandex.com/bots)"
5.45.207.12 - - [22/Jan/2018:05:59:12 +0000] "GET /match/bet-spirit-vs-pain-gaming-galaxy-battles-01-21-2018/ HTTP/1.1" 200 6387 "-" "Mozilla/5.0 (compatible; YandexBot/3.0; +http://yandex.com/bots)"
45.77.4.48 - - [22/Jan/2018:06:00:01 +0000] "GET /autopost-tournament/ HTTP/1.1" 200 2304 "-" "curl/7.38.0"
192.0.102.40 - - [22/Jan/2018:06:00:05 +0000] "GET / HTTP/1.1" 200 8164 "-" "jetmon/1.0 (Jetpack Site Uptime Monitor by WordPress.com)"
45.77.4.48 - - [22/Jan/2018:06:03:50 +0000] "POST /wp-cron.php?doing_wp_cron=1516601030.7313940525054931640625 HTTP/1.0" 200 238 "http://www.bet-esport.com/wp-cron.php?doing_wp_cron=1516601030.7313940525054931640625" "WordPress/4.9.2; http://www.bet-esport.com"
40.77.167.110 - - [22/Jan/2018:06:03:50 +0000] "GET /tag/gale-force-esports/ HTTP/1.1" 200 4231 "-" "Mozilla/5.0 (compatible; bingbot/2.0; +http://www.bing.com/bingbot.htm)"
45.77.4.48 - - [22/Jan/2018:06:05:01 +0000] "GET /autopost-tournament/ HTTP/1.1" 200 2290 "-" "curl/7.38.0"
192.0.102.40 - - [22/Jan/2018:06:05:15 +0000] "GET / HTTP/1.1" 200 8164 "-" "jetmon/1.0 (Jetpack Site Uptime Monitor by WordPress.com)"
45.77.4.48 - - [22/Jan/2018:06:10:01 +0000] "POST /wp-cron.php?doing_wp_cron=1516601401.6810319423675537109375 HTTP/1.0" 200 238 "http://www.bet-esport.com/wp-cron.php?doing_wp_cron=1516601401.6810319423675537109375" "WordPress/4.9.2; http://www.bet-esport.com"
45.77.4.48 - - [22/Jan/2018:06:10:01 +0000] "GET /autopost-tournament/ HTTP/1.1" 200 2294 "-" "curl/7.38.0"
192.0.102.40 - - [22/Jan/2018:06:10:06 +0000] "GET / HTTP/1.1" 200 8164 "-" "jetmon/1.0 (Jetpack Site Uptime Monitor by WordPress.com)"
45.77.4.48 - - [22/Jan/2018:06:13:12 +0000] "POST /wp-cron.php?doing_wp_cron=1516601592.8154659271240234375000 HTTP/1.0" 200 238 "http://www.bet-esport.com/wp-cron.php?doing_wp_cron=1516601592.8154659271240234375000" "WordPress/4.9.2; http://www.bet-esport.com"
5.45.207.12 - - [22/Jan/2018:06:13:12 +0000] "GET /tag/muzzy/ HTTP/1.1" 200 4222 "-" "Mozilla/5.0 (compatible; YandexBot/3.0; +http://yandex.com/bots)"
45.77.4.48 - - [22/Jan/2018:06:15:01 +0000] "GET /autopost-tournament/ HTTP/1.1" 200 2295 "-" "curl/7.38.0"
192.0.102.40 - - [22/Jan/2018:06:16:04 +0000] "GET / HTTP/1.1" 200 8164 "-" "jetmon/1.0 (Jetpack Site Uptime Monitor by WordPress.com)"
66.249.79.1 - - [22/Jan/2018:06:16:15 +0000] "GET /tournaments/ HTTP/1.1" 200 5423 "-" "Mozilla/5.0 (compatible; Googlebot/2.1; +http://www.google.com/bot.html)"
45.77.4.48 - - [22/Jan/2018:06:20:01 +0000] "POST /wp-cron.php?doing_wp_cron=1516602001.7914259433746337890625 HTTP/1.0" 200 238 "http://www.bet-esport.com/wp-cron.php?doing_wp_cron=1516602001.7914259433746337890625" "WordPress/4.9.2; http://www.bet-esport.com"
45.77.4.48 - - [22/Jan/2018:06:20:01 +0000] "GET /autopost-tournament/ HTTP/1.1" 200 2296 "-" "curl/7.38.0"
77.75.78.171 - - [22/Jan/2018:06:20:12 +0000] "GET /robots.txt HTTP/1.1" 200 450 "-" "Mozilla/5.0 (compatible; SeznamBot/3.2; +http://napoveda.seznam.cz/en/seznambot-intro/)"
77.75.78.171 - - [22/Jan/2018:06:20:14 +0000] "GET /tag/7642/ HTTP/1.1" 200 4221 "-" "Mozilla/5.0 (compatible; SeznamBot/3.2; +http://napoveda.seznam.cz/en/seznambot-intro/)"
192.0.102.40 - - [22/Jan/2018:06:20:42 +0000] "GET / HTTP/1.1" 200 8164 "-" "jetmon/1.0 (Jetpack Site Uptime Monitor by WordPress.com)"
45.77.4.48 - - [22/Jan/2018:06:25:01 +0000] "POST /wp-cron.php?doing_wp_cron=1516602301.3270790576934814453125 HTTP/1.0" 200 238 "http://www.bet-esport.com/wp-cron.php?doing_wp_cron=1516602301.3270790576934814453125" "WordPress/4.9.2; http://www.bet-esport.com"
45.77.4.48 - - [22/Jan/2018:06:25:01 +0000] "GET /autopost-tournament/ HTTP/1.1" 200 2311 "-" "curl/7.38.0"
192.0.102.40 - - [22/Jan/2018:06:25:07 +0000] "GET / HTTP/1.1" 200 8164 "-" "jetmon/1.0 (Jetpack Site Uptime Monitor by WordPress.com)"
