40.77.167.133 - - [21/Jan/2018:23:51:26 +0000] "GET /tag/echo-fox-academy/ HTTP/1.1" 200 4230 "-" "Mozilla/5.0 (compatible; bingbot/2.0; +http://www.bing.com/bingbot.htm)"
45.77.4.48 - - [21/Jan/2018:23:55:01 +0000] "GET /autopost-tournament/ HTTP/1.1" 200 2003 "-" "curl/7.38.0"
192.0.102.40 - - [21/Jan/2018:23:55:56 +0000] "GET / HTTP/1.1" 200 7413 "-" "jetmon/1.0 (Jetpack Site Uptime Monitor by WordPress.com)"
45.77.4.48 - - [21/Jan/2018:23:57:04 +0000] "POST /wp-cron.php?doing_wp_cron=1516579024.5253400802612304687500 HTTP/1.0" 200 238 "http://www.bet-esport.com/wp-cron.php?doing_wp_cron=1516579024.5253400802612304687500" "WordPress/4.9.2; http://www.bet-esport.com"
5.45.207.12 - - [21/Jan/2018:23:57:04 +0000] "GET /tag/mov/ HTTP/1.1" 200 4221 "-" "Mozilla/5.0 (compatible; YandexBot/3.0; +http://yandex.com/bots)"
192.0.102.40 - - [22/Jan/2018:00:00:01 +0000] "GET / HTTP/1.1" 200 7300 "-" "jetmon/1.0 (Jetpack Site Uptime Monitor by WordPress.com)"
45.77.4.48 - - [22/Jan/2018:00:00:02 +0000] "GET /autopost-tournament/ HTTP/1.1" 200 1950 "-" "curl/7.38.0"
45.77.4.48 - - [22/Jan/2018:00:05:01 +0000] "POST /wp-cron.php?doing_wp_cron=1516579501.1266601085662841796875 HTTP/1.0" 200 238 "http://www.bet-esport.com/wp-cron.php?doing_wp_cron=1516579501.1266601085662841796875" "WordPress/4.9.2; http://www.bet-esport.com"
45.77.4.48 - - [22/Jan/2018:00:05:01 +0000] "GET /autopost-tournament/ HTTP/1.1" 200 1979 "-" "curl/7.38.0"
192.0.102.40 - - [22/Jan/2018:00:05:12 +0000] "GET / HTTP/1.1" 200 7300 "-" "jetmon/1.0 (Jetpack Site Uptime Monitor by WordPress.com)"
45.77.4.48 - - [22/Jan/2018:00:08:21 +0000] "POST /wp-cron.php?doing_wp_cron=1516579701.0868170261383056640625 HTTP/1.0" 200 238 "http://www.bet-esport.com/wp-cron.php?doing_wp_cron=1516579701.0868170261383056640625" "WordPress/4.9.2; http://www.bet-esport.com"
74.115.214.151 - - [22/Jan/2018:00:08:21 +0000] "GET /robots.txt HTTP/1.1" 200 450 "-" "Mozilla/5.0 (compatible; Uptimebot/1.0; +http://www.uptime.com/uptimebot)"
45.77.4.48 - - [22/Jan/2018:00:10:01 +0000] "POST /wp-cron.php?doing_wp_cron=1516579801.3203570842742919921875 HTTP/1.0" 200 238 "http://www.bet-esport.com/wp-cron.php?doing_wp_cron=1516579801.3203570842742919921875" "WordPress/4.9.2; http://www.bet-esport.com"
45.77.4.48 - - [22/Jan/2018:00:10:01 +0000] "GET /autopost-tournament/ HTTP/1.1" 200 1954 "-" "curl/7.38.0"
192.0.102.40 - - [22/Jan/2018:00:10:02 +0000] "GET / HTTP/1.1" 200 7300 "-" "jetmon/1.0 (Jetpack Site Uptime Monitor by WordPress.com)"
45.77.4.48 - - [22/Jan/2018:00:11:56 +0000] "POST /wp-cron.php?doing_wp_cron=1516579916.3618180751800537109375 HTTP/1.0" 200 238 "http://www.bet-esport.com/wp-cron.php?doing_wp_cron=1516579916.3618180751800537109375" "WordPress/4.9.2; http://www.bet-esport.com"
86.160.74.62 - - [22/Jan/2018:00:11:56 +0000] "GET /match/bet-flyquest-vs-tsm-na-lcs-spring-split-01-04-2018/ HTTP/1.1" 404 12463 "https://www.google.co.uk/" "Mozilla/5.0 (Linux; Android 7.0; SM-A520F Build/NRD90M) AppleWebKit/537.36 (KHTML, like Gecko) Chrome/63.0.3239.111 Mobile Safari/537.36"
86.160.74.62 - - [22/Jan/2018:00:11:57 +0000] "GET /i/home.gif HTTP/1.1" 404 12417 "http://www.bet-esport.com/match/bet-flyquest-vs-tsm-na-lcs-spring-split-01-04-2018/" "Mozilla/5.0 (Linux; Android 7.0; SM-A520F Build/NRD90M) AppleWebKit/537.36 (KHTML, like Gecko) Chrome/63.0.3239.111 Mobile Safari/537.36"
86.160.74.62 - - [22/Jan/2018:00:12:03 +0000] "GET /match/bet-flyquest-vs-tsm-na-lcs-spring-split-01-04-2018/ HTTP/1.0" 404 12434 "https://www.google.co.uk/" "Mozilla/5.0 (Linux; Android 7.0; SM-A520F Build/NRD90M) AppleWebKit/537.36 (KHTML, like Gecko) Chrome/63.0.3239.111 Mobile Safari/537.36"
86.160.74.62 - - [22/Jan/2018:00:12:04 +0000] "GET /i/home.gif HTTP/1.0" 404 12388 "http://www.bet-esport.com/match/bet-flyquest-vs-tsm-na-lcs-spring-split-01-04-2018/" "Mozilla/5.0 (Linux; Android 7.0; SM-A520F Build/NRD90M) AppleWebKit/537.36 (KHTML, like Gecko) Chrome/63.0.3239.111 Mobile Safari/537.36"
45.77.4.48 - - [22/Jan/2018:00:15:01 +0000] "GET /autopost-tournament/ HTTP/1.1" 200 1976 "-" "curl/7.38.0"
192.0.102.40 - - [22/Jan/2018:00:15:04 +0000] "GET / HTTP/1.1" 200 7300 "-" "jetmon/1.0 (Jetpack Site Uptime Monitor by WordPress.com)"
45.77.4.48 - - [22/Jan/2018:00:16:55 +0000] "POST /wp-cron.php?doing_wp_cron=1516580215.0608499050140380859375 HTTP/1.0" 200 238 "http://www.bet-esport.com/wp-cron.php?doing_wp_cron=1516580215.0608499050140380859375" "WordPress/4.9.2; http://www.bet-esport.com"
207.46.13.10 - - [22/Jan/2018:00:16:55 +0000] "GET /sitemap-pt-sp_team-2015-02.xml HTTP/1.1" 200 685 "-" "Mozilla/5.0 (compatible; bingbot/2.0; +http://www.bing.com/bingbot.htm)"
45.77.4.48 - - [22/Jan/2018:00:20:01 +0000] "GET /autopost-tournament/ HTTP/1.1" 200 1952 "-" "curl/7.38.0"
192.0.102.40 - - [22/Jan/2018:00:20:24 +0000] "GET / HTTP/1.1" 200 7300 "-" "jetmon/1.0 (Jetpack Site Uptime Monitor by WordPress.com)"
45.77.4.48 - - [22/Jan/2018:00:24:17 +0000] "POST /wp-cron.php?doing_wp_cron=1516580657.7682530879974365234375 HTTP/1.0" 200 238 "http://www.bet-esport.com/wp-cron.php?doing_wp_cron=1516580657.7682530879974365234375" "WordPress/4.9.2; http://www.bet-esport.com"
180.76.15.137 - - [22/Jan/2018:00:24:17 +0000] "GET /match/bet-liquid-vs-vega-squadron-eleague-major-01-21-2018/ HTTP/1.1" 200 6454 "-" "Mozilla/5.0 (compatible; Baiduspider/2.0; +http://www.baidu.com/search/spider.html)"
45.77.4.48 - - [22/Jan/2018:00:25:01 +0000] "GET /autopost-tournament/ HTTP/1.1" 200 1960 "-" "curl/7.38.0"
192.0.102.40 - - [22/Jan/2018:00:25:02 +0000] "GET / HTTP/1.1" 200 7300 "-" "jetmon/1.0 (Jetpack Site Uptime Monitor by WordPress.com)"
45.77.4.48 - - [22/Jan/2018:00:26:29 +0000] "POST /wp-cron.php?doing_wp_cron=1516580789.1265881061553955078125 HTTP/1.0" 200 238 "http://www.bet-esport.com/wp-cron.php?doing_wp_cron=1516580789.1265881061553955078125" "WordPress/4.9.2; http://www.bet-esport.com"
5.45.207.12 - - [22/Jan/2018:00:26:29 +0000] "GET /robots.txt HTTP/1.1" 200 450 "-" "Mozilla/5.0 (compatible; YandexBot/3.0; +http://yandex.com/bots)"
5.45.207.12 - - [22/Jan/2018:00:26:32 +0000] "GET /match/bet-keen-gaming-vs-vici-gaming-potential-prodota-cup-11-20-2017/ HTTP/1.1" 404 12477 "-" "Mozilla/5.0 (compatible; YandexBot/3.0; +http://yandex.com/bots)"
87.250.224.113 - - [22/Jan/2018:00:29:04 +0000] "GET /match/bet-fnatic-vs-faze-eleague-major-01-21-2018/ HTTP/1.1" 200 6386 "-" "Mozilla/5.0 (compatible; YandexBot/3.0; +http://yandex.com/bots)"
192.0.102.40 - - [22/Jan/2018:00:30:00 +0000] "GET / HTTP/1.1" 200 7300 "-" "jetmon/1.0 (Jetpack Site Uptime Monitor by WordPress.com)"
45.77.4.48 - - [22/Jan/2018:00:30:01 +0000] "GET /autopost-tournament/ HTTP/1.1" 200 1978 "-" "curl/7.38.0"
45.77.4.48 - - [22/Jan/2018:00:33:08 +0000] "POST /wp-cron.php?doing_wp_cron=1516581188.0211410522460937500000 HTTP/1.0" 200 238 "http://www.bet-esport.com/wp-cron.php?doing_wp_cron=1516581188.0211410522460937500000" "WordPress/4.9.2; http://www.bet-esport.com"
157.55.39.88 - - [22/Jan/2018:00:33:07 +0000] "GET /sitemap-pt-post-2016-12.xml HTTP/1.1" 200 688 "-" "Mozilla/5.0 (compatible; bingbot/2.0; +http://www.bing.com/bingbot.htm)"
45.77.4.48 - - [22/Jan/2018:00:35:01 +0000] "GET /autopost-tournament/ HTTP/1.1" 200 1955 "-" "curl/7.38.0"
192.0.102.40 - - [22/Jan/2018:00:35:07 +0000] "GET / HTTP/1.1" 200 7300 "-" "jetmon/1.0 (Jetpack Site Uptime Monitor by WordPress.com)"
5.45.207.12 - - [22/Jan/2018:00:35:32 +0000] "GET /match/bet-sg-esports-vs-stars-3-sets-12-19-2017/ HTTP/1.1" 404 12454 "-" "Mozilla/5.0 (compatible; YandexBot/3.0; +http://yandex.com/bots)"
5.45.207.12 - - [22/Jan/2018:00:35:36 +0000] "GET /match/bet-og-vs-tnc-pro-team-galaxy-battles-01-21-2018/ HTTP/1.1" 200 6420 "-" "Mozilla/5.0 (compatible; YandexBot/3.0; +http://yandex.com/bots)"
45.77.4.48 - - [22/Jan/2018:00:40:01 +0000] "POST /wp-cron.php?doing_wp_cron=1516581601.4423630237579345703125 HTTP/1.0" 200 238 "http://www.bet-esport.com/wp-cron.php?doing_wp_cron=1516581601.4423630237579345703125" "WordPress/4.9.2; http://www.bet-esport.com"
45.77.4.48 - - [22/Jan/2018:00:40:01 +0000] "GET /autopost-tournament/ HTTP/1.1" 200 1899 "-" "curl/7.38.0"
192.0.102.40 - - [22/Jan/2018:00:40:32 +0000] "GET / HTTP/1.1" 200 7300 "-" "jetmon/1.0 (Jetpack Site Uptime Monitor by WordPress.com)"
45.77.4.48 - - [22/Jan/2018:00:44:10 +0000] "POST /wp-cron.php?doing_wp_cron=1516581850.7687499523162841796875 HTTP/1.0" 200 238 "http://www.bet-esport.com/wp-cron.php?doing_wp_cron=1516581850.7687499523162841796875" "WordPress/4.9.2; http://www.bet-esport.com"
213.211.241.42 - - [22/Jan/2018:00:44:10 +0000] "GET /tag/tom60229/ HTTP/1.1" 200 4225 "-" "Mozilla/5.0 (Windows NT 10.0; Win64; x64) AppleWebKit/537.36 (KHTML, like Gecko) Chrome/62.0.3202.94 Safari/537.36"
45.77.4.48 - - [22/Jan/2018:00:44:38 +0000] "POST /wp-cron.php?doing_wp_cron=1516581878.3368709087371826171875 HTTP/1.0" 200 238 "https://www.bet-esport.com/wp-cron.php?doing_wp_cron=1516581878.3368709087371826171875" "WordPress/4.9.2; https://www.bet-esport.com"
178.154.171.39 - - [22/Jan/2018:00:44:38 +0000] "GET /robots.txt HTTP/1.1" 200 454 "-" "Mozilla/5.0 (compatible; YandexBot/3.0; +http://yandex.com/bots)"
178.154.200.22 - - [22/Jan/2018:00:44:44 +0000] "GET /favicon.ico HTTP/1.1" 200 219 "-" "Mozilla/5.0 (compatible; YandexBot/3.0; +http://yandex.com/bots)"
45.77.4.48 - - [22/Jan/2018:00:45:01 +0000] "GET /autopost-tournament/ HTTP/1.1" 200 1903 "-" "curl/7.38.0"
192.0.102.40 - - [22/Jan/2018:00:45:06 +0000] "GET / HTTP/1.1" 200 7286 "-" "jetmon/1.0 (Jetpack Site Uptime Monitor by WordPress.com)"
45.77.4.48 - - [22/Jan/2018:00:50:01 +0000] "POST /wp-cron.php?doing_wp_cron=1516582201.3872230052947998046875 HTTP/1.0" 200 238 "http://www.bet-esport.com/wp-cron.php?doing_wp_cron=1516582201.3872230052947998046875" "WordPress/4.9.2; http://www.bet-esport.com"
45.77.4.48 - - [22/Jan/2018:00:50:01 +0000] "GET /autopost-tournament/ HTTP/1.1" 200 1819 "-" "curl/7.38.0"
192.0.102.40 - - [22/Jan/2018:00:50:01 +0000] "GET / HTTP/1.1" 200 7286 "-" "jetmon/1.0 (Jetpack Site Uptime Monitor by WordPress.com)"
45.77.4.48 - - [22/Jan/2018:00:53:16 +0000] "POST /wp-cron.php?doing_wp_cron=1516582396.5681838989257812500000 HTTP/1.0" 200 238 "http://www.bet-esport.com/wp-cron.php?doing_wp_cron=1516582396.5681838989257812500000" "WordPress/4.9.2; http://www.bet-esport.com"
37.59.20.77 - - [22/Jan/2018:00:53:16 +0000] "POST /wp-login.php HTTP/1.0" 403 3284 "-" "Mozilla/5.0 (Windows NT 6.1; Win64; x64) AppleWebKit/537.36 (KHTML, like Gecko) Chrome/53.0.2785.89 Safari/537.36"
192.0.102.40 - - [22/Jan/2018:00:55:05 +0000] "GET / HTTP/1.1" 200 7214 "-" "jetmon/1.0 (Jetpack Site Uptime Monitor by WordPress.com)"
45.77.4.48 - - [22/Jan/2018:00:55:01 +0000] "GET /autopost-tournament/ HTTP/1.1" 200 1869 "-" "curl/7.38.0"
45.77.4.48 - - [22/Jan/2018:00:55:46 +0000] "POST /wp-cron.php?doing_wp_cron=1516582546.3481090068817138671875 HTTP/1.0" 200 238 "http://www.bet-esport.com/wp-cron.php?doing_wp_cron=1516582546.3481090068817138671875" "WordPress/4.9.2; http://www.bet-esport.com"
213.180.203.20 - - [22/Jan/2018:00:55:46 +0000] "GET /tag/virtus-pro/ HTTP/1.1" 200 4226 "-" "Mozilla/5.0 (compatible; YandexBot/3.0; +http://yandex.com/bots)"
66.249.79.1 - - [22/Jan/2018:00:55:47 +0000] "GET /robots.txt HTTP/1.1" 200 450 "-" "Mozilla/5.0 (compatible; Googlebot/2.1; +http://www.google.com/bot.html)"
66.249.79.7 - - [22/Jan/2018:00:55:47 +0000] "GET /sitemap-pt-match-2018-01.xml HTTP/1.1" 200 685 "-" "Mozilla/5.0 (compatible; Googlebot/2.1; +http://www.google.com/bot.html)"
66.249.79.1 - - [22/Jan/2018:00:55:48 +0000] "GET /sitemap.xml HTTP/1.1" 200 907 "-" "Mozilla/5.0 (compatible; Googlebot/2.1; +http://www.google.com/bot.html)"
45.77.4.48 - - [22/Jan/2018:00:57:37 +0000] "POST /wp-cron.php?doing_wp_cron=1516582657.7804059982299804687500 HTTP/1.0" 200 238 "http://www.bet-esport.com/wp-cron.php?doing_wp_cron=1516582657.7804059982299804687500" "WordPress/4.9.2; http://www.bet-esport.com"
180.76.15.139 - - [22/Jan/2018:00:57:37 +0000] "GET /match/bet-sktelecom-t1-vs-longzhu-gaming-kespa-cup-12-01-2017/ HTTP/1.1" 404 12468 "-" "Mozilla/5.0 (compatible; Baiduspider/2.0; +http://www.baidu.com/search/spider.html)"
157.55.39.88 - - [22/Jan/2018:00:59:08 +0000] "GET /sitemap-pt-page-2017-12.xml HTTP/1.1" 200 783 "-" "Mozilla/5.0 (compatible; bingbot/2.0; +http://www.bing.com/bingbot.htm)"
45.77.4.48 - - [22/Jan/2018:01:00:01 +0000] "GET /autopost-tournament/ HTTP/1.1" 200 1922 "-" "curl/7.38.0"
45.77.4.48 - - [22/Jan/2018:01:00:16 +0000] "POST /wp-cron.php?doing_wp_cron=1516582816.8074119091033935546875 HTTP/1.0" 200 238 "http://www.bet-esport.com/wp-cron.php?doing_wp_cron=1516582816.8074119091033935546875" "WordPress/4.9.2; http://www.bet-esport.com"
66.249.79.5 - - [22/Jan/2018:01:00:17 +0000] "GET /sitemap.xml HTTP/1.1" 200 905 "-" "Mozilla/5.0 (compatible; Googlebot/2.1; +http://www.google.com/bot.html)"
192.0.102.40 - - [22/Jan/2018:01:00:16 +0000] "GET / HTTP/1.1" 200 7542 "-" "jetmon/1.0 (Jetpack Site Uptime Monitor by WordPress.com)"
66.249.79.5 - - [22/Jan/2018:01:00:18 +0000] "GET /sitemap-pt-match-2018-01.xml HTTP/1.1" 200 687 "-" "Mozilla/5.0 (compatible; Googlebot/2.1; +http://www.google.com/bot.html)"
45.77.4.48 - - [22/Jan/2018:01:02:13 +0000] "POST /wp-cron.php?doing_wp_cron=1516582933.9490959644317626953125 HTTP/1.0" 200 238 "http://www.bet-esport.com/wp-cron.php?doing_wp_cron=1516582933.9490959644317626953125" "WordPress/4.9.2; http://www.bet-esport.com"
178.154.200.22 - - [22/Jan/2018:01:02:13 +0000] "GET /tag/cloud9-academy/ HTTP/1.1" 200 4230 "-" "Mozilla/5.0 (compatible; YandexBot/3.0; +http://yandex.com/bots)"
192.0.102.40 - - [22/Jan/2018:01:05:04 +0000] "GET / HTTP/1.1" 200 7776 "-" "jetmon/1.0 (Jetpack Site Uptime Monitor by WordPress.com)"
45.77.4.48 - - [22/Jan/2018:01:05:01 +0000] "GET /autopost-tournament/ HTTP/1.1" 200 1997 "-" "curl/7.38.0"
45.77.4.48 - - [22/Jan/2018:01:10:01 +0000] "POST /wp-cron.php?doing_wp_cron=1516583401.2153749465942382812500 HTTP/1.0" 200 238 "http://www.bet-esport.com/wp-cron.php?doing_wp_cron=1516583401.2153749465942382812500" "WordPress/4.9.2; http://www.bet-esport.com"
66.249.79.7 - - [22/Jan/2018:01:10:02 +0000] "GET /sitemap.xml HTTP/1.1" 200 906 "-" "Mozilla/5.0 (compatible; Googlebot/2.1; +http://www.google.com/bot.html)"
45.77.4.48 - - [22/Jan/2018:01:10:01 +0000] "GET /autopost-tournament/ HTTP/1.1" 200 2208 "-" "curl/7.38.0"
192.0.102.40 - - [22/Jan/2018:01:11:07 +0000] "GET / HTTP/1.1" 200 8129 "-" "jetmon/1.0 (Jetpack Site Uptime Monitor by WordPress.com)"
5.45.207.12 - - [22/Jan/2018:01:14:15 +0000] "GET /match/bet-vgj-storm-vs-ces-esl-one-genting-12-21-2017/ HTTP/1.1" 404 12460 "-" "Mozilla/5.0 (compatible; YandexBot/3.0; +http://yandex.com/bots)"
45.77.4.48 - - [22/Jan/2018:01:14:16 +0000] "POST /wp-cron.php?doing_wp_cron=1516583655.9983680248260498046875 HTTP/1.0" 200 238 "http://www.bet-esport.com/wp-cron.php?doing_wp_cron=1516583655.9983680248260498046875" "WordPress/4.9.2; http://www.bet-esport.com"
45.77.4.48 - - [22/Jan/2018:01:15:01 +0000] "GET /autopost-tournament/ HTTP/1.1" 200 2191 "-" "curl/7.38.0"
192.0.102.40 - - [22/Jan/2018:01:15:04 +0000] "GET / HTTP/1.1" 200 8129 "-" "jetmon/1.0 (Jetpack Site Uptime Monitor by WordPress.com)"
5.45.207.12 - - [22/Jan/2018:01:15:14 +0000] "GET /match/bet-vega-squadron-vs-flash-china-top-11-21-2017/ HTTP/1.1" 404 12460 "-" "Mozilla/5.0 (compatible; YandexBot/3.0; +http://yandex.com/bots)"
5.45.207.12 - - [22/Jan/2018:01:15:18 +0000] "GET /match/bet-qghappy-vs-jc-gaming-kpl-11-21-2017/ HTTP/1.1" 404 12452 "-" "Mozilla/5.0 (compatible; YandexBot/3.0; +http://yandex.com/bots)"
45.77.4.48 - - [22/Jan/2018:01:20:01 +0000] "POST /wp-cron.php?doing_wp_cron=1516584001.4210801124572753906250 HTTP/1.0" 200 238 "http://www.bet-esport.com/wp-cron.php?doing_wp_cron=1516584001.4210801124572753906250" "WordPress/4.9.2; http://www.bet-esport.com"
45.77.4.48 - - [22/Jan/2018:01:20:01 +0000] "GET /autopost-tournament/ HTTP/1.1" 200 2168 "-" "curl/7.38.0"
192.0.102.40 - - [22/Jan/2018:01:21:05 +0000] "GET / HTTP/1.1" 200 8129 "-" "jetmon/1.0 (Jetpack Site Uptime Monitor by WordPress.com)"
45.77.4.48 - - [22/Jan/2018:01:25:01 +0000] "POST /wp-cron.php?doing_wp_cron=1516584301.4269340038299560546875 HTTP/1.0" 200 238 "http://www.bet-esport.com/wp-cron.php?doing_wp_cron=1516584301.4269340038299560546875" "WordPress/4.9.2; http://www.bet-esport.com"
45.77.4.48 - - [22/Jan/2018:01:25:01 +0000] "GET /autopost-tournament/ HTTP/1.1" 200 2196 "-" "curl/7.38.0"
192.0.102.40 - - [22/Jan/2018:01:25:04 +0000] "GET / HTTP/1.1" 200 8129 "-" "jetmon/1.0 (Jetpack Site Uptime Monitor by WordPress.com)"
45.77.4.48 - - [22/Jan/2018:01:29:42 +0000] "POST /wp-cron.php?doing_wp_cron=1516584582.0574119091033935546875 HTTP/1.0" 200 238 "http://www.bet-esport.com/wp-cron.php?doing_wp_cron=1516584582.0574119091033935546875" "WordPress/4.9.2; http://www.bet-esport.com"
5.45.207.12 - - [22/Jan/2018:01:29:42 +0000] "GET /match/bet-ago-vs-tyloo-china-top-11-20-2017/ HTTP/1.1" 404 12450 "-" "Mozilla/5.0 (compatible; YandexBot/3.0; +http://yandex.com/bots)"
45.77.4.48 - - [22/Jan/2018:01:30:01 +0000] "GET /autopost-tournament/ HTTP/1.1" 200 2199 "-" "curl/7.38.0"
192.0.102.40 - - [22/Jan/2018:01:30:27 +0000] "GET / HTTP/1.1" 200 8129 "-" "jetmon/1.0 (Jetpack Site Uptime Monitor by WordPress.com)"
180.76.15.33 - - [22/Jan/2018:01:30:57 +0000] "GET /match/bet-vega-squadron-vs-g2-eleague-major-01-21-2018/ HTTP/1.1" 200 6490 "-" "Mozilla/5.0 (compatible; Baiduspider/2.0; +http://www.baidu.com/search/spider.html)"
45.77.4.48 - - [22/Jan/2018:01:32:28 +0000] "POST /wp-cron.php?doing_wp_cron=1516584748.9512860774993896484375 HTTP/1.0" 200 238 "http://www.bet-esport.com/wp-cron.php?doing_wp_cron=1516584748.9512860774993896484375" "WordPress/4.9.2; http://www.bet-esport.com"
5.45.207.12 - - [22/Jan/2018:01:32:28 +0000] "GET /tag/paranoia/ HTTP/1.1" 200 4224 "-" "Mozilla/5.0 (compatible; YandexBot/3.0; +http://yandex.com/bots)"
185.202.103.30 - - [22/Jan/2018:01:32:52 +0000] "GET / HTTP/1.1" 301 272 "-" "Mozilla/5.0 (Windows NT 10.0; Win64; x64; rv:50.0) Gecko/20100101 Firefox/50.0"
185.202.103.30 - - [22/Jan/2018:01:32:54 +0000] "GET //wp-includes/wlwmanifest.xml HTTP/1.1" 200 777 "-" "Mozilla/5.0 (Windows NT 10.0; Win64; x64; rv:50.0) Gecko/20100101 Firefox/50.0"
185.202.103.30 - - [22/Jan/2018:01:32:54 +0000] "GET //?author=1 HTTP/1.1" 301 287 "-" "Mozilla/5.0 (Windows NT 10.0; Win64; x64; rv:50.0) Gecko/20100101 Firefox/50.0"
185.202.103.30 - - [22/Jan/2018:01:32:55 +0000] "POST //xmlrpc.php HTTP/1.0" 200 691 "-" "Mozilla/5.0 (Windows NT 10.0; Win64; x64; rv:50.0) Gecko/20100101 Firefox/50.0"
45.77.4.48 - - [22/Jan/2018:01:35:01 +0000] "GET /autopost-tournament/ HTTP/1.1" 200 2226 "-" "curl/7.38.0"
192.0.102.40 - - [22/Jan/2018:01:35:05 +0000] "GET / HTTP/1.1" 200 8129 "-" "jetmon/1.0 (Jetpack Site Uptime Monitor by WordPress.com)"
45.77.4.48 - - [22/Jan/2018:01:38:54 +0000] "POST /wp-cron.php?doing_wp_cron=1516585134.5911169052124023437500 HTTP/1.0" 200 238 "http://www.bet-esport.com/wp-cron.php?doing_wp_cron=1516585134.5911169052124023437500" "WordPress/4.9.2; http://www.bet-esport.com"
77.75.77.36 - - [22/Jan/2018:01:38:54 +0000] "GET /robots.txt HTTP/1.1" 200 450 "-" "Mozilla/5.0 (compatible; SeznamBot/3.2; +http://napoveda.seznam.cz/en/seznambot-intro/)"
66.249.79.1 - - [22/Jan/2018:01:38:55 +0000] "GET /sitemap.xml HTTP/1.1" 200 906 "-" "Mozilla/5.0 (compatible; Googlebot/2.1; +http://www.google.com/bot.html)"
77.75.77.36 - - [22/Jan/2018:01:38:56 +0000] "GET /matches/ HTTP/1.1" 200 7782 "-" "Mozilla/5.0 (compatible; SeznamBot/3.2; +http://napoveda.seznam.cz/en/seznambot-intro/)"
45.77.4.48 - - [22/Jan/2018:01:40:01 +0000] "GET /autopost-tournament/ HTTP/1.1" 200 2378 "-" "curl/7.38.0"
45.77.4.48 - - [22/Jan/2018:01:40:13 +0000] "POST /wp-cron.php?doing_wp_cron=1516585213.6743500232696533203125 HTTP/1.0" 200 238 "http://www.bet-esport.com/wp-cron.php?doing_wp_cron=1516585213.6743500232696533203125" "WordPress/4.9.2; http://www.bet-esport.com"
66.249.79.7 - - [22/Jan/2018:01:40:14 +0000] "GET /sitemap-pt-match-2018-01.xml HTTP/1.1" 200 688 "-" "Mozilla/5.0 (compatible; Googlebot/2.1; +http://www.google.com/bot.html)"
192.0.102.40 - - [22/Jan/2018:01:40:13 +0000] "GET / HTTP/1.1" 200 8172 "-" "jetmon/1.0 (Jetpack Site Uptime Monitor by WordPress.com)"
66.249.79.7 - - [22/Jan/2018:01:40:14 +0000] "GET /sitemap.xml HTTP/1.0" 200 925 "-" "Mozilla/5.0 (compatible; Googlebot/2.1; +http://www.google.com/bot.html)"
121.196.211.66 - - [22/Jan/2018:01:40:49 +0000] "GET /wp-content/wp-object-cache.php HTTP/1.1" 301 395 "bet-esport.com" "Mozilla/5.0 (Windows NT 6.1; WOW64) AppleWebKit/537.36 (KHTML, like Gecko) Chrome/47.0.1335.75 Safari/537.36"
121.196.211.66 - - [22/Jan/2018:01:40:50 +0000] "GET /wp-content/wp-object-cache.php HTTP/1.1" 404 12437 "bet-esport.com" "Mozilla/5.0 (Windows NT 6.1; WOW64) AppleWebKit/537.36 (KHTML, like Gecko) Chrome/47.0.1335.75 Safari/537.36"
176.121.10.58 - - [22/Jan/2018:01:41:12 +0000] "GET / HTTP/1.1" 301 272 "-" "Mozilla/5.0 (Windows NT 6.1; WOW64) AppleWebKit/537.36 (KHTML, like Gecko) Chrome/36.0.1985.143 Safari/537.36"
176.121.10.58 - - [22/Jan/2018:01:41:13 +0000] "GET / HTTP/1.0" 200 8191 "http://bet-esport.com" "Go-http-client/1.1"
121.196.211.66 - - [22/Jan/2018:01:41:33 +0000] "GET /object-cache.php HTTP/1.1" 301 381 "bet-esport.com" "Mozilla/5.0 (Windows NT 6.1; WOW64) AppleWebKit/537.36 (KHTML, like Gecko) Chrome/47.0.1335.75 Safari/537.36"
121.196.211.66 - - [22/Jan/2018:01:41:35 +0000] "GET /object-cache.php HTTP/1.1" 404 12423 "bet-esport.com" "Mozilla/5.0 (Windows NT 6.1; WOW64) AppleWebKit/537.36 (KHTML, like Gecko) Chrome/47.0.1335.75 Safari/537.36"
45.77.4.48 - - [22/Jan/2018:01:41:33 +0000] "POST /wp-cron.php?doing_wp_cron=1516585293.5212650299072265625000 HTTP/1.0" 200 238 "http://www.bet-esport.com/wp-cron.php?doing_wp_cron=1516585293.5212650299072265625000" "WordPress/4.9.2; http://www.bet-esport.com"
121.196.211.66 - - [22/Jan/2018:01:43:15 +0000] "GET /wp-includes/generalwtemplate.php HTTP/1.1" 403 402 "bet-esport.com" "Mozilla/5.0 (Windows NT 6.1; WOW64) AppleWebKit/537.36 (KHTML, like Gecko) Chrome/47.0.1335.75 Safari/537.36"
5.45.207.12 - - [22/Jan/2018:01:43:50 +0000] "GET /tag/spray-and-pray/ HTTP/1.1" 200 4229 "-" "Mozilla/5.0 (compatible; YandexBot/3.0; +http://yandex.com/bots)"
45.77.4.48 - - [22/Jan/2018:01:45:01 +0000] "GET /autopost-tournament/ HTTP/1.1" 200 2359 "-" "curl/7.38.0"
192.0.102.40 - - [22/Jan/2018:01:45:05 +0000] "GET / HTTP/1.1" 200 8172 "-" "jetmon/1.0 (Jetpack Site Uptime Monitor by WordPress.com)"
5.45.207.12 - - [22/Jan/2018:01:45:45 +0000] "GET /match/bet-silvername-vs-stancifka-starladder-12-22-2017/ HTTP/1.1" 404 12462 "-" "Mozilla/5.0 (compatible; YandexBot/3.0; +http://yandex.com/bots)"
45.77.4.48 - - [22/Jan/2018:01:49:13 +0000] "POST /wp-cron.php?doing_wp_cron=1516585753.9899590015411376953125 HTTP/1.0" 200 238 "http://www.bet-esport.com/wp-cron.php?doing_wp_cron=1516585753.9899590015411376953125" "WordPress/4.9.2; http://www.bet-esport.com"
121.196.211.66 - - [22/Jan/2018:01:49:13 +0000] "GET /wp-content/plugins/revslider/settings/generas_settings.php HTTP/1.1" 301 423 "bet-esport.com" "Mozilla/5.0 (Windows NT 6.1; WOW64) AppleWebKit/537.36 (KHTML, like Gecko) Chrome/47.0.1335.75 Safari/537.36"
121.196.211.66 - - [22/Jan/2018:01:49:14 +0000] "GET /wp-content/plugins/revslider/settings/generas_settings.php HTTP/1.1" 404 12465 "bet-esport.com" "Mozilla/5.0 (Windows NT 6.1; WOW64) AppleWebKit/537.36 (KHTML, like Gecko) Chrome/47.0.1335.75 Safari/537.36"
45.77.4.48 - - [22/Jan/2018:01:50:01 +0000] "GET /autopost-tournament/ HTTP/1.1" 200 2364 "-" "curl/7.38.0"
192.0.102.40 - - [22/Jan/2018:01:50:05 +0000] "GET / HTTP/1.1" 200 8172 "-" "jetmon/1.0 (Jetpack Site Uptime Monitor by WordPress.com)"
45.77.4.48 - - [22/Jan/2018:01:51:51 +0000] "POST /wp-cron.php?doing_wp_cron=1516585911.6012148857116699218750 HTTP/1.0" 200 238 "http://www.bet-esport.com/wp-cron.php?doing_wp_cron=1516585911.6012148857116699218750" "WordPress/4.9.2; http://www.bet-esport.com"
121.196.211.66 - - [22/Jan/2018:01:51:51 +0000] "GET /wp-admin/ms-menu.php HTTP/1.1" 301 385 "bet-esport.com" "Mozilla/5.0 (Windows NT 6.1; WOW64) AppleWebKit/537.36 (KHTML, like Gecko) Chrome/47.0.1335.75 Safari/537.36"
121.196.211.66 - - [22/Jan/2018:01:51:52 +0000] "GET /wp-admin/ms-menu.php HTTP/1.1" 404 12427 "bet-esport.com" "Mozilla/5.0 (Windows NT 6.1; WOW64) AppleWebKit/537.36 (KHTML, like Gecko) Chrome/47.0.1335.75 Safari/537.36"
66.249.79.1 - - [22/Jan/2018:01:54:19 +0000] "GET /sitemap-pt-tournament-2017-11.xml HTTP/1.1" 200 687 "-" "Mozilla/5.0 (compatible; Googlebot/2.1; +http://www.google.com/bot.html)"
5.45.207.12 - - [22/Jan/2018:01:54:55 +0000] "GET /match/bet-vgj-thunder-vs-digital-chaos-china-top-11-20-2017/ HTTP/1.1" 404 12466 "-" "Mozilla/5.0 (compatible; YandexBot/3.0; +http://yandex.com/bots)"
45.77.4.48 - - [22/Jan/2018:01:55:01 +0000] "GET /autopost-tournament/ HTTP/1.1" 200 2366 "-" "curl/7.38.0"
192.0.102.40 - - [22/Jan/2018:01:55:14 +0000] "GET / HTTP/1.1" 200 8171 "-" "jetmon/1.0 (Jetpack Site Uptime Monitor by WordPress.com)"
87.250.224.113 - - [22/Jan/2018:01:55:17 +0000] "GET /tournament/cs-go-esea-europe/ HTTP/1.1" 200 4989 "-" "Mozilla/5.0 (compatible; YandexBot/3.0; +http://yandex.com/bots)"
45.77.4.48 - - [22/Jan/2018:01:59:05 +0000] "POST /wp-cron.php?doing_wp_cron=1516586345.3228321075439453125000 HTTP/1.0" 200 238 "https://www.bet-esport.com/wp-cron.php?doing_wp_cron=1516586345.3228321075439453125000" "WordPress/4.9.2; https://www.bet-esport.com"
40.77.167.133 - - [22/Jan/2018:01:59:05 +0000] "GET / HTTP/1.1" 200 8194 "-" "Mozilla/5.0 (compatible; bingbot/2.0; +http://www.bing.com/bingbot.htm)"
45.77.4.48 - - [22/Jan/2018:02:00:01 +0000] "GET /autopost-tournament/ HTTP/1.1" 200 2364 "-" "curl/7.38.0"
192.0.102.40 - - [22/Jan/2018:02:00:05 +0000] "GET / HTTP/1.1" 200 8178 "-" "jetmon/1.0 (Jetpack Site Uptime Monitor by WordPress.com)"
45.77.4.48 - - [22/Jan/2018:02:04:17 +0000] "POST /wp-cron.php?doing_wp_cron=1516586657.8044810295104980468750 HTTP/1.0" 200 238 "http://www.bet-esport.com/wp-cron.php?doing_wp_cron=1516586657.8044810295104980468750" "WordPress/4.9.2; http://www.bet-esport.com"
180.76.15.9 - - [22/Jan/2018:02:04:17 +0000] "GET /match/bet-enyoy-vs-mans-not-hot-farmskins-championship-01-21-2018/ HTTP/1.1" 200 6312 "-" "Mozilla/5.0 (compatible; Baiduspider/2.0; +http://www.baidu.com/search/spider.html)"
45.77.4.48 - - [22/Jan/2018:02:05:01 +0000] "GET /autopost-tournament/ HTTP/1.1" 200 2354 "-" "curl/7.38.0"
192.0.102.40 - - [22/Jan/2018:02:05:11 +0000] "GET / HTTP/1.1" 200 8178 "-" "jetmon/1.0 (Jetpack Site Uptime Monitor by WordPress.com)"
45.77.4.48 - - [22/Jan/2018:02:07:07 +0000] "POST /wp-cron.php?doing_wp_cron=1516586827.0756909847259521484375 HTTP/1.0" 200 238 "http://www.bet-esport.com/wp-cron.php?doing_wp_cron=1516586827.0756909847259521484375" "WordPress/4.9.2; http://www.bet-esport.com"
192.31.237.156 - - [22/Jan/2018:02:07:07 +0000] "POST /wp-login.php HTTP/1.0" 403 3287 "-" "Mozilla/5.0 (Windows NT 6.1; Win64; x64) AppleWebKit/537.36 (KHTML, like Gecko) Chrome/53.0.2785.89 Safari/537.36"
45.77.4.48 - - [22/Jan/2018:02:10:01 +0000] "GET /autopost-tournament/ HTTP/1.1" 200 2363 "-" "curl/7.38.0"
192.0.102.40 - - [22/Jan/2018:02:10:37 +0000] "GET / HTTP/1.1" 200 8178 "-" "jetmon/1.0 (Jetpack Site Uptime Monitor by WordPress.com)"
5.45.207.12 - - [22/Jan/2018:02:11:15 +0000] "GET /tag/lfao/ HTTP/1.1" 200 4222 "-" "Mozilla/5.0 (compatible; YandexBot/3.0; +http://yandex.com/bots)"
45.77.4.48 - - [22/Jan/2018:02:12:36 +0000] "POST /wp-cron.php?doing_wp_cron=1516587156.5812659263610839843750 HTTP/1.0" 200 238 "http://www.bet-esport.com/wp-cron.php?doing_wp_cron=1516587156.5812659263610839843750" "WordPress/4.9.2; http://www.bet-esport.com"
5.45.207.12 - - [22/Jan/2018:02:12:36 +0000] "GET /match/bet-team-liquid-vs-penta-sports-esl-one-genting-01-23-2018/ HTTP/1.1" 200 6798 "-" "Mozilla/5.0 (compatible; YandexBot/3.0; +http://yandex.com/bots)"
45.77.4.48 - - [22/Jan/2018:02:15:01 +0000] "GET /autopost-tournament/ HTTP/1.1" 200 2355 "-" "curl/7.38.0"
5.45.207.12 - - [22/Jan/2018:02:15:02 +0000] "GET /match/bet-kinguin-vs-double-dimension-sl-i-league-invitational-12-24-2017/ HTTP/1.1" 404 12481 "-" "Mozilla/5.0 (compatible; YandexBot/3.0; +http://yandex.com/bots)"
192.0.102.40 - - [22/Jan/2018:02:15:17 +0000] "GET / HTTP/1.1" 200 8178 "-" "jetmon/1.0 (Jetpack Site Uptime Monitor by WordPress.com)"
87.250.224.113 - - [22/Jan/2018:02:15:28 +0000] "GET /tag/luo/ HTTP/1.1" 200 4220 "-" "Mozilla/5.0 (compatible; YandexBot/3.0; +http://yandex.com/bots)"
45.77.4.48 - - [22/Jan/2018:02:17:21 +0000] "POST /wp-cron.php?doing_wp_cron=1516587441.2247920036315917968750 HTTP/1.0" 200 238 "http://www.bet-esport.com/wp-cron.php?doing_wp_cron=1516587441.2247920036315917968750" "WordPress/4.9.2; http://www.bet-esport.com"
207.46.13.91 - - [22/Jan/2018:02:17:21 +0000] "GET /sitemap-pt-sp_team-2015-07.xml HTTP/1.1" 200 684 "-" "Mozilla/5.0 (compatible; bingbot/2.0; +http://www.bing.com/bingbot.htm)"
5.45.207.12 - - [22/Jan/2018:02:18:31 +0000] "GET /tag/team-bazaar/ HTTP/1.1" 200 4226 "-" "Mozilla/5.0 (compatible; YandexBot/3.0; +http://yandex.com/bots)"
45.77.4.48 - - [22/Jan/2018:02:20:01 +0000] "GET /autopost-tournament/ HTTP/1.1" 200 2333 "-" "curl/7.38.0"
192.0.102.40 - - [22/Jan/2018:02:20:09 +0000] "GET / HTTP/1.1" 200 8178 "-" "jetmon/1.0 (Jetpack Site Uptime Monitor by WordPress.com)"
45.77.4.48 - - [22/Jan/2018:02:25:01 +0000] "POST /wp-cron.php?doing_wp_cron=1516587901.2739911079406738281250 HTTP/1.0" 200 238 "http://www.bet-esport.com/wp-cron.php?doing_wp_cron=1516587901.2739911079406738281250" "WordPress/4.9.2; http://www.bet-esport.com"
45.77.4.48 - - [22/Jan/2018:02:25:01 +0000] "GET /autopost-tournament/ HTTP/1.1" 200 2373 "-" "curl/7.38.0"
192.0.102.40 - - [22/Jan/2018:02:25:07 +0000] "GET / HTTP/1.1" 200 8178 "-" "jetmon/1.0 (Jetpack Site Uptime Monitor by WordPress.com)"
45.77.4.48 - - [22/Jan/2018:02:29:20 +0000] "POST /wp-cron.php?doing_wp_cron=1516588160.9501121044158935546875 HTTP/1.0" 200 238 "http://www.bet-esport.com/wp-cron.php?doing_wp_cron=1516588160.9501121044158935546875" "WordPress/4.9.2; http://www.bet-esport.com"
5.45.207.12 - - [22/Jan/2018:02:29:20 +0000] "GET /match/bet-chiefs-vs-tainted-minds-iem-katowice-01-21-2018/ HTTP/1.1" 200 6581 "-" "Mozilla/5.0 (compatible; YandexBot/3.0; +http://yandex.com/bots)"
45.77.4.48 - - [22/Jan/2018:02:30:01 +0000] "GET /autopost-tournament/ HTTP/1.1" 200 2330 "-" "curl/7.38.0"
192.0.102.40 - - [22/Jan/2018:02:30:07 +0000] "GET / HTTP/1.1" 200 8178 "-" "jetmon/1.0 (Jetpack Site Uptime Monitor by WordPress.com)"
45.77.4.48 - - [22/Jan/2018:02:35:01 +0000] "POST /wp-cron.php?doing_wp_cron=1516588501.5330560207366943359375 HTTP/1.0" 200 238 "http://www.bet-esport.com/wp-cron.php?doing_wp_cron=1516588501.5330560207366943359375" "WordPress/4.9.2; http://www.bet-esport.com"
45.77.4.48 - - [22/Jan/2018:02:35:01 +0000] "GET /autopost-tournament/ HTTP/1.1" 200 2345 "-" "curl/7.38.0"
192.0.102.40 - - [22/Jan/2018:02:35:10 +0000] "GET / HTTP/1.1" 200 8178 "-" "jetmon/1.0 (Jetpack Site Uptime Monitor by WordPress.com)"
45.77.4.48 - - [22/Jan/2018:02:37:37 +0000] "POST /wp-cron.php?doing_wp_cron=1516588657.8476850986480712890625 HTTP/1.0" 200 238 "http://www.bet-esport.com/wp-cron.php?doing_wp_cron=1516588657.8476850986480712890625" "WordPress/4.9.2; http://www.bet-esport.com"
180.76.15.137 - - [22/Jan/2018:02:37:37 +0000] "GET /match/bet-pride-vs-valiance-farmskins-championship-01-21-2018/ HTTP/1.1" 200 6220 "-" "Mozilla/5.0 (compatible; Baiduspider/2.0; +http://www.baidu.com/search/spider.html)"
45.77.4.48 - - [22/Jan/2018:02:40:01 +0000] "GET /autopost-tournament/ HTTP/1.1" 200 2358 "-" "curl/7.38.0"
192.0.102.40 - - [22/Jan/2018:02:40:07 +0000] "GET / HTTP/1.1" 200 8178 "-" "jetmon/1.0 (Jetpack Site Uptime Monitor by WordPress.com)"
45.77.4.48 - - [22/Jan/2018:02:41:52 +0000] "POST /wp-cron.php?doing_wp_cron=1516588912.2080109119415283203125 HTTP/1.0" 200 238 "http://www.bet-esport.com/wp-cron.php?doing_wp_cron=1516588912.2080109119415283203125" "WordPress/4.9.2; http://www.bet-esport.com"
5.45.207.12 - - [22/Jan/2018:02:41:52 +0000] "GET /tag/sintolol/ HTTP/1.1" 200 4225 "-" "Mozilla/5.0 (compatible; YandexBot/3.0; +http://yandex.com/bots)"
45.77.4.48 - - [22/Jan/2018:02:45:01 +0000] "GET /autopost-tournament/ HTTP/1.1" 200 2368 "-" "curl/7.38.0"
192.0.102.40 - - [22/Jan/2018:02:45:12 +0000] "GET / HTTP/1.1" 200 8178 "-" "jetmon/1.0 (Jetpack Site Uptime Monitor by WordPress.com)"
45.77.4.48 - - [22/Jan/2018:02:50:01 +0000] "POST /wp-cron.php?doing_wp_cron=1516589401.2104790210723876953125 HTTP/1.0" 200 238 "http://www.bet-esport.com/wp-cron.php?doing_wp_cron=1516589401.2104790210723876953125" "WordPress/4.9.2; http://www.bet-esport.com"
45.77.4.48 - - [22/Jan/2018:02:50:01 +0000] "GET /autopost-tournament/ HTTP/1.1" 200 2353 "-" "curl/7.38.0"
192.0.102.40 - - [22/Jan/2018:02:50:02 +0000] "GET / HTTP/1.1" 200 8178 "-" "jetmon/1.0 (Jetpack Site Uptime Monitor by WordPress.com)"
45.77.4.48 - - [22/Jan/2018:02:55:01 +0000] "POST /wp-cron.php?doing_wp_cron=1516589701.2473490238189697265625 HTTP/1.0" 200 238 "http://www.bet-esport.com/wp-cron.php?doing_wp_cron=1516589701.2473490238189697265625" "WordPress/4.9.2; http://www.bet-esport.com"
45.77.4.48 - - [22/Jan/2018:02:55:01 +0000] "GET /autopost-tournament/ HTTP/1.1" 200 2346 "-" "curl/7.38.0"
77.75.77.11 - - [22/Jan/2018:02:55:39 +0000] "GET /robots.txt HTTP/1.1" 200 450 "-" "Mozilla/5.0 (compatible; SeznamBot/3.2; +http://napoveda.seznam.cz/en/seznambot-intro/)"
77.75.77.11 - - [22/Jan/2018:02:55:40 +0000] "GET /sitemap.html HTTP/1.1" 200 1810 "-" "Mozilla/5.0 (compatible; SeznamBot/3.2; +http://napoveda.seznam.cz/en/seznambot-intro/)"
192.0.102.40 - - [22/Jan/2018:02:56:07 +0000] "GET / HTTP/1.1" 200 8178 "-" "jetmon/1.0 (Jetpack Site Uptime Monitor by WordPress.com)"
45.77.4.48 - - [22/Jan/2018:02:57:23 +0000] "POST /wp-cron.php?doing_wp_cron=1516589843.5466630458831787109375 HTTP/1.0" 200 238 "http://www.bet-esport.com/wp-cron.php?doing_wp_cron=1516589843.5466630458831787109375" "WordPress/4.9.2; http://www.bet-esport.com"
207.46.13.91 - - [22/Jan/2018:02:57:23 +0000] "GET /sitemap-pt-sp_player-2015-11.xml HTTP/1.1" 200 688 "-" "Mozilla/5.0 (compatible; bingbot/2.0; +http://www.bing.com/bingbot.htm)"
45.77.4.48 - - [22/Jan/2018:03:00:01 +0000] "GET /autopost-tournament/ HTTP/1.1" 200 2286 "-" "curl/7.38.0"
192.0.102.40 - - [22/Jan/2018:03:00:12 +0000] "GET / HTTP/1.1" 200 8178 "-" "jetmon/1.0 (Jetpack Site Uptime Monitor by WordPress.com)"
45.77.4.48 - - [22/Jan/2018:03:02:33 +0000] "POST /wp-cron.php?doing_wp_cron=1516590153.9878180027008056640625 HTTP/1.0" 200 238 "http://www.bet-esport.com/wp-cron.php?doing_wp_cron=1516590153.9878180027008056640625" "WordPress/4.9.2; http://www.bet-esport.com"
40.77.167.133 - - [22/Jan/2018:03:02:33 +0000] "GET /match/bet-rogue-warriors-vs-omg-demacia-cup-12-30-2017/ HTTP/1.1" 404 12461 "-" "Mozilla/5.0 (compatible; bingbot/2.0; +http://www.bing.com/bingbot.htm)"
66.249.79.7 - - [22/Jan/2018:03:03:39 +0000] "GET /robots.txt HTTP/1.1" 200 450 "-" "Mozilla/5.0 (compatible; Googlebot/2.1; +http://www.google.com/bot.html)"
66.249.79.7 - - [22/Jan/2018:03:03:39 +0000] "GET /i/9pashaebashu.jpg HTTP/1.1" 404 12425 "-" "Googlebot-Image/1.0"
5.45.207.12 - - [22/Jan/2018:03:03:48 +0000] "GET /match/bet-geek-fam-vs-tnc-esl-one-genting-12-21-2017/ HTTP/1.1" 404 12459 "-" "Mozilla/5.0 (compatible; YandexBot/3.0; +http://yandex.com/bots)"
45.77.4.48 - - [22/Jan/2018:03:05:01 +0000] "GET /autopost-tournament/ HTTP/1.1" 200 2308 "-" "curl/7.38.0"
45.77.4.48 - - [22/Jan/2018:03:06:29 +0000] "POST /wp-cron.php?doing_wp_cron=1516590389.0264229774475097656250 HTTP/1.0" 200 238 "http://www.bet-esport.com/wp-cron.php?doing_wp_cron=1516590389.0264229774475097656250" "WordPress/4.9.2; http://www.bet-esport.com"
192.0.102.40 - - [22/Jan/2018:03:06:28 +0000] "GET / HTTP/1.1" 200 8178 "-" "jetmon/1.0 (Jetpack Site Uptime Monitor by WordPress.com)"
74.115.214.156 - - [22/Jan/2018:03:08:03 +0000] "GET /robots.txt HTTP/1.1" 200 450 "-" "Mozilla/5.0 (compatible; Uptimebot/1.0; +http://www.uptime.com/uptimebot)"
45.77.4.48 - - [22/Jan/2018:03:10:01 +0000] "GET /autopost-tournament/ HTTP/1.1" 200 2284 "-" "curl/7.38.0"
192.0.102.40 - - [22/Jan/2018:03:10:12 +0000] "GET / HTTP/1.1" 200 8178 "-" "jetmon/1.0 (Jetpack Site Uptime Monitor by WordPress.com)"
180.76.15.17 - - [22/Jan/2018:03:10:57 +0000] "GET /match/bet-valiance-vs-spirit-farmskins-championship-01-21-2018/ HTTP/1.1" 200 6436 "-" "Mozilla/5.0 (compatible; Baiduspider/2.0; +http://www.baidu.com/search/spider.html)"
45.77.4.48 - - [22/Jan/2018:03:12:12 +0000] "POST /wp-cron.php?doing_wp_cron=1516590732.6689419746398925781250 HTTP/1.0" 200 238 "http://www.bet-esport.com/wp-cron.php?doing_wp_cron=1516590732.6689419746398925781250" "WordPress/4.9.2; http://www.bet-esport.com"
5.45.207.12 - - [22/Jan/2018:03:12:12 +0000] "GET /match/bet-g2-vs-nip-blast-pro-series-11-20-2017/ HTTP/1.1" 404 12454 "-" "Mozilla/5.0 (compatible; YandexBot/3.0; +http://yandex.com/bots)"
5.45.207.12 - - [22/Jan/2018:03:12:26 +0000] "GET /tag/riotous-raccoons/ HTTP/1.1" 200 4230 "-" "Mozilla/5.0 (compatible; YandexBot/3.0; +http://yandex.com/bots)"
87.250.224.113 - - [22/Jan/2018:03:13:52 +0000] "GET /robots.txt HTTP/1.1" 200 450 "-" "Mozilla/5.0 (compatible; YandexBot/3.0; +http://yandex.com/bots)"
5.45.207.12 - - [22/Jan/2018:03:13:52 +0000] "GET / HTTP/1.1" 200 8178 "-" "Mozilla/5.0 (compatible; YandexBot/3.0; +http://yandex.com/bots)"
5.45.207.12 - - [22/Jan/2018:03:13:52 +0000] "GET / HTTP/1.1" 200 8201 "-" "Mozilla/5.0 (compatible; YandexBot/3.0; +http://yandex.com/bots)"
5.45.207.12 - - [22/Jan/2018:03:13:55 +0000] "GET / HTTP/1.1" 301 272 "-" "Mozilla/5.0 (compatible; YandexBot/3.0; +http://yandex.com/bots)"
45.77.4.48 - - [22/Jan/2018:03:15:01 +0000] "GET /autopost-tournament/ HTTP/1.1" 200 2315 "-" "curl/7.38.0"
192.0.102.40 - - [22/Jan/2018:03:15:08 +0000] "HEAD / HTTP/1.0" 200 289 "-" "jetmon/1.0 (Jetpack Site Uptime Monitor by WordPress.com)"
45.77.4.48 - - [22/Jan/2018:03:18:49 +0000] "POST /wp-cron.php?doing_wp_cron=1516591129.5593390464782714843750 HTTP/1.0" 200 238 "http://www.bet-esport.com/wp-cron.php?doing_wp_cron=1516591129.5593390464782714843750" "WordPress/4.9.2; http://www.bet-esport.com"
66.249.79.5 - - [22/Jan/2018:03:18:49 +0000] "GET /i/logos/100/xcn.png HTTP/1.1" 404 12426 "-" "Googlebot-Image/1.0"
5.45.207.12 - - [22/Jan/2018:03:19:13 +0000] "GET /tag/dignitas-fe/ HTTP/1.1" 200 4226 "-" "Mozilla/5.0 (compatible; YandexBot/3.0; +http://yandex.com/bots)"
45.77.4.48 - - [22/Jan/2018:03:20:01 +0000] "GET /autopost-tournament/ HTTP/1.1" 200 2309 "-" "curl/7.38.0"
192.0.102.40 - - [22/Jan/2018:03:20:03 +0000] "GET / HTTP/1.1" 200 8178 "-" "jetmon/1.0 (Jetpack Site Uptime Monitor by WordPress.com)"
45.77.4.48 - - [22/Jan/2018:03:25:01 +0000] "POST /wp-cron.php?doing_wp_cron=1516591501.2162680625915527343750 HTTP/1.0" 200 238 "http://www.bet-esport.com/wp-cron.php?doing_wp_cron=1516591501.2162680625915527343750" "WordPress/4.9.2; http://www.bet-esport.com"
45.77.4.48 - - [22/Jan/2018:03:25:01 +0000] "GET /autopost-tournament/ HTTP/1.1" 200 2307 "-" "curl/7.38.0"
192.0.102.40 - - [22/Jan/2018:03:25:15 +0000] "GET / HTTP/1.1" 200 8178 "-" "jetmon/1.0 (Jetpack Site Uptime Monitor by WordPress.com)"
45.77.4.48 - - [22/Jan/2018:03:30:01 +0000] "POST /wp-cron.php?doing_wp_cron=1516591801.2287878990173339843750 HTTP/1.0" 200 238 "http://www.bet-esport.com/wp-cron.php?doing_wp_cron=1516591801.2287878990173339843750" "WordPress/4.9.2; http://www.bet-esport.com"
45.77.4.48 - - [22/Jan/2018:03:30:01 +0000] "GET /autopost-tournament/ HTTP/1.1" 200 2297 "-" "curl/7.38.0"
207.46.13.91 - - [22/Jan/2018:03:30:03 +0000] "GET /sitemap-pt-match-2017-11.xml HTTP/1.1" 200 689 "-" "Mozilla/5.0 (compatible; bingbot/2.0; +http://www.bing.com/bingbot.htm)"
192.0.102.40 - - [22/Jan/2018:03:30:15 +0000] "GET / HTTP/1.1" 200 8178 "-" "jetmon/1.0 (Jetpack Site Uptime Monitor by WordPress.com)"
5.45.207.12 - - [22/Jan/2018:03:31:05 +0000] "GET /robots.txt HTTP/1.1" 200 450 "-" "Mozilla/5.0 (compatible; YandexBot/3.0; +http://yandex.com/bots)"
5.45.207.12 - - [22/Jan/2018:03:31:09 +0000] "GET /match/bet-ty-vs-losira-gsl-01-20-2018/ HTTP/1.1" 200 6410 "-" "Mozilla/5.0 (compatible; YandexBot/3.0; +http://yandex.com/bots)"
45.77.4.48 - - [22/Jan/2018:03:31:23 +0000] "POST /wp-cron.php?doing_wp_cron=1516591883.7358949184417724609375 HTTP/1.0" 200 238 "http://www.bet-esport.com/wp-cron.php?doing_wp_cron=1516591883.7358949184417724609375" "WordPress/4.9.2; http://www.bet-esport.com"
5.45.207.12 - - [22/Jan/2018:03:31:23 +0000] "GET /tag/canada/ HTTP/1.1" 200 4223 "-" "Mozilla/5.0 (compatible; YandexBot/3.0; +http://yandex.com/bots)"
5.45.207.12 - - [22/Jan/2018:03:32:03 +0000] "GET /match/bet-big-vs-natus-vincere-world-cyber-arena-11-15-2017/ HTTP/1.1" 404 12466 "-" "Mozilla/5.0 (compatible; YandexBot/3.0; +http://yandex.com/bots)"
45.77.4.48 - - [22/Jan/2018:03:35:01 +0000] "GET /autopost-tournament/ HTTP/1.1" 200 2310 "-" "curl/7.38.0"
192.0.102.40 - - [22/Jan/2018:03:35:14 +0000] "GET / HTTP/1.1" 200 8170 "-" "jetmon/1.0 (Jetpack Site Uptime Monitor by WordPress.com)"
45.77.4.48 - - [22/Jan/2018:03:40:01 +0000] "POST /wp-cron.php?doing_wp_cron=1516592401.4365279674530029296875 HTTP/1.0" 200 238 "http://www.bet-esport.com/wp-cron.php?doing_wp_cron=1516592401.4365279674530029296875" "WordPress/4.9.2; http://www.bet-esport.com"
45.77.4.48 - - [22/Jan/2018:03:40:01 +0000] "GET /autopost-tournament/ HTTP/1.1" 200 2299 "-" "curl/7.38.0"
157.55.39.88 - - [22/Jan/2018:03:40:03 +0000] "GET /sitemap-pt-post-2015-02.xml HTTP/1.1" 200 687 "-" "Mozilla/5.0 (compatible; bingbot/2.0; +http://www.bing.com/bingbot.htm)"
192.0.102.40 - - [22/Jan/2018:03:40:06 +0000] "GET / HTTP/1.1" 200 8170 "-" "jetmon/1.0 (Jetpack Site Uptime Monitor by WordPress.com)"
45.77.4.48 - - [22/Jan/2018:03:42:31 +0000] "POST /wp-cron.php?doing_wp_cron=1516592551.4099121093750000000000 HTTP/1.0" 200 238 "https://www.bet-esport.com/wp-cron.php?doing_wp_cron=1516592551.4099121093750000000000" "WordPress/4.9.2; https://www.bet-esport.com"
207.46.13.201 - - [22/Jan/2018:03:42:31 +0000] "GET /robots.txt HTTP/1.1" 200 454 "-" "Mozilla/5.0 (compatible; bingbot/2.0; +http://www.bing.com/bingbot.htm)"
207.46.13.201 - - [22/Jan/2018:03:42:31 +0000] "GET /robots.txt HTTP/1.0" 200 473 "-" "Mozilla/5.0 (compatible; bingbot/2.0; +http://www.bing.com/bingbot.htm)"
40.77.167.133 - - [22/Jan/2018:03:42:36 +0000] "GET /tag/team-spirit/ HTTP/1.1" 200 4236 "-" "Mozilla/5.0 (compatible; bingbot/2.0; +http://www.bing.com/bingbot.htm)"
106.120.173.93 - - [22/Jan/2018:03:43:21 +0000] "GET /match/bet-qg-happy-vs-sviper-king-of-glory-09-24-2017/ HTTP/1.1" 404 12460 "-" "Sogou web spider/4.0(+http://www.sogou.com/docs/help/webmasters.htm#07)"
5.45.207.12 - - [22/Jan/2018:03:43:28 +0000] "GET /robots.txt HTTP/1.0" 200 430 "-" "Mozilla/5.0 (compatible; YandexBot/3.0; +http://yandex.com/bots)"
106.120.173.93 - - [22/Jan/2018:03:43:45 +0000] "GET /robots.txt HTTP/1.1" 200 450 "-" "Sogou web spider/4.0(+http://www.sogou.com/docs/help/webmasters.htm#07)"
180.76.15.136 - - [22/Jan/2018:03:44:17 +0000] "GET /match/bet-pride-vs-ago-farmskins-championship-01-21-2018/ HTTP/1.1" 200 6259 "-" "Mozilla/5.0 (compatible; Baiduspider/2.0; +http://www.baidu.com/search/spider.html)"
45.77.4.48 - - [22/Jan/2018:03:45:01 +0000] "GET /autopost-tournament/ HTTP/1.1" 200 2285 "-" "curl/7.38.0"
192.0.102.40 - - [22/Jan/2018:03:45:03 +0000] "GET / HTTP/1.1" 200 8170 "-" "jetmon/1.0 (Jetpack Site Uptime Monitor by WordPress.com)"
87.250.224.113 - - [22/Jan/2018:03:45:49 +0000] "GET /tag/k29/ HTTP/1.1" 200 4221 "-" "Mozilla/5.0 (compatible; YandexBot/3.0; +http://yandex.com/bots)"
5.45.207.12 - - [22/Jan/2018:03:45:56 +0000] "GET /match/bet-pact-vs-conquer-cevo-11-16-2017/ HTTP/1.1" 404 12448 "-" "Mozilla/5.0 (compatible; YandexBot/3.0; +http://yandex.com/bots)"
45.77.4.48 - - [22/Jan/2018:03:48:52 +0000] "POST /wp-cron.php?doing_wp_cron=1516592932.2987749576568603515625 HTTP/1.0" 200 238 "http://www.bet-esport.com/wp-cron.php?doing_wp_cron=1516592932.2987749576568603515625" "WordPress/4.9.2; http://www.bet-esport.com"
157.55.39.88 - - [22/Jan/2018:03:48:52 +0000] "GET / HTTP/1.1" 301 272 "-" "Mozilla/5.0 (compatible; bingbot/2.0; +http://www.bing.com/bingbot.htm)"
45.77.4.48 - - [22/Jan/2018:03:50:01 +0000] "GET /autopost-tournament/ HTTP/1.1" 200 2290 "-" "curl/7.38.0"
192.0.102.40 - - [22/Jan/2018:03:50:03 +0000] "GET / HTTP/1.1" 200 8170 "-" "jetmon/1.0 (Jetpack Site Uptime Monitor by WordPress.com)"
45.77.4.48 - - [22/Jan/2018:03:53:39 +0000] "POST /wp-cron.php?doing_wp_cron=1516593219.5734550952911376953125 HTTP/1.0" 200 238 "http://www.bet-esport.com/wp-cron.php?doing_wp_cron=1516593219.5734550952911376953125" "WordPress/4.9.2; http://www.bet-esport.com"
157.55.39.88 - - [22/Jan/2018:03:53:39 +0000] "GET /sitemap-pt-sp_player-2015-08.xml HTTP/1.1" 200 685 "-" "Mozilla/5.0 (compatible; bingbot/2.0; +http://www.bing.com/bingbot.htm)"
45.77.4.48 - - [22/Jan/2018:03:55:01 +0000] "GET /autopost-tournament/ HTTP/1.1" 200 2303 "-" "curl/7.38.0"
192.0.102.40 - - [22/Jan/2018:03:55:14 +0000] "GET / HTTP/1.1" 200 8170 "-" "jetmon/1.0 (Jetpack Site Uptime Monitor by WordPress.com)"
45.77.4.48 - - [22/Jan/2018:04:00:01 +0000] "POST /wp-cron.php?doing_wp_cron=1516593601.4105319976806640625000 HTTP/1.0" 200 238 "http://www.bet-esport.com/wp-cron.php?doing_wp_cron=1516593601.4105319976806640625000" "WordPress/4.9.2; http://www.bet-esport.com"
45.77.4.48 - - [22/Jan/2018:04:00:01 +0000] "GET /autopost-tournament/ HTTP/1.1" 200 2279 "-" "curl/7.38.0"
192.0.102.40 - - [22/Jan/2018:04:01:15 +0000] "GET / HTTP/1.1" 200 8170 "-" "jetmon/1.0 (Jetpack Site Uptime Monitor by WordPress.com)"
45.77.4.48 - - [22/Jan/2018:04:03:21 +0000] "POST /wp-cron.php?doing_wp_cron=1516593801.2970130443572998046875 HTTP/1.0" 200 238 "http://www.bet-esport.com/wp-cron.php?doing_wp_cron=1516593801.2970130443572998046875" "WordPress/4.9.2; http://www.bet-esport.com"
188.244.47.215 - - [22/Jan/2018:04:03:21 +0000] "GET /match/bet-ground-zero-vs-masterminds-cybergamer-11-16-2017/ HTTP/1.1" 404 12465 "http://yandex.ru/clck/jsredir?from=yandex.ru%3Bsearch%3Bweb%3B%3B&text=&etext=1674.0THFEwpGHNRIveicT6u252xORuoe5Inch14voIIEBrhBbCrdXixrWbqquuhTFSJ7.2a24660899e84471f94740d8726f4c15a8e390fc&uuid=&state=_BLhILn4SxNIvvL0W45KSic66uCIg23qh8iRG98qeIXmeppkgUc0YHRNgn3KsbHJbmUkku86_mY&data=UlNrNmk5WktYejR0eWJFYk1LdmtxaEVMMU93XzFhMk1idDdrb3ZuM0ZJV29xcl95SE5BcjBXUzFiVDV6ZVllM3c1eGpBU25vWnk1MGlBTE5ZbkdFekFUTEhKTklpWC14Ulh6X3lVV1d1aWxoZ0VWSjQ5Tkw2VkRaUkJ5WEkydUpyUFRFU2FPcURFTEZ3eFl6VG44QXdONnp3X0F2SllCNXVtQ1VzM1FRUkdjdDIwS1MzUWl2R0hjN1Z2eFpVTFVQ&b64e=2&sign=857c61071703b0353ae13cedf85abd1d&keyno=0&cst=AiuY0DBWFJ7IXge4WdYJQSaYtyyri96Fo2mVlzia7X28aE1Mdh0LjgwOsnpxvHEPPEBoGWHQy0cHJz9KE1n12pkzCEYAPV0LGirFldhZpYUxfa1EUb5CoVivToNkoKMLnJkSrsDqXPJpf5XSL_CGJQ&ref=orjY4mGPRjk5boDnW0uvlrrd71vZw9kp5uQozpMtKCV-HtQ36UFK0yu6VRg-xAfYq5O6EqNv8eJ-p_5dQbD8olQlXAKCNB20mpzqeLnJ2_0nFurBtDXUuuQVIsjPFKTD&l10n=ru&cts=1516591290895&mc=7.02838260124" "Mozilla/5.0 (compatible; MSIE 10.0; Windows NT 6.2; WOW64; Trident/6.0; MAAU; MAAU)"
188.244.47.215 - - [22/Jan/2018:04:03:25 +0000] "GET /fonts/fontawesome-webfont.eot?v=4.6.1 HTTP/1.1" 200 75473 "http://www.bet-esport.com/match/bet-ground-zero-vs-masterminds-cybergamer-11-16-2017/" "Mozilla/5.0 (compatible; MSIE 10.0; Windows NT 6.2; WOW64; Trident/6.0; MAAU; MAAU)"
45.77.4.48 - - [22/Jan/2018:04:05:01 +0000] "GET /autopost-tournament/ HTTP/1.1" 200 2281 "-" "curl/7.38.0"
192.0.102.40 - - [22/Jan/2018:04:05:10 +0000] "GET / HTTP/1.1" 200 8170 "-" "jetmon/1.0 (Jetpack Site Uptime Monitor by WordPress.com)"
45.77.4.48 - - [22/Jan/2018:04:10:01 +0000] "POST /wp-cron.php?doing_wp_cron=1516594201.6306788921356201171875 HTTP/1.0" 200 238 "http://www.bet-esport.com/wp-cron.php?doing_wp_cron=1516594201.6306788921356201171875" "WordPress/4.9.2; http://www.bet-esport.com"
45.77.4.48 - - [22/Jan/2018:04:10:01 +0000] "GET /autopost-tournament/ HTTP/1.1" 200 2318 "-" "curl/7.38.0"
192.0.102.40 - - [22/Jan/2018:04:10:07 +0000] "GET / HTTP/1.1" 200 8170 "-" "jetmon/1.0 (Jetpack Site Uptime Monitor by WordPress.com)"
45.77.4.48 - - [22/Jan/2018:04:14:18 +0000] "POST /wp-cron.php?doing_wp_cron=1516594458.8503029346466064453125 HTTP/1.0" 200 238 "http://www.bet-esport.com/wp-cron.php?doing_wp_cron=1516594458.8503029346466064453125" "WordPress/4.9.2; http://www.bet-esport.com"
5.45.207.12 - - [22/Jan/2018:04:14:18 +0000] "GET /match/bet-lgd-forever-young-vs-newbee-esl-one-genting-01-23-2018/ HTTP/1.1" 200 6822 "-" "Mozilla/5.0 (compatible; YandexBot/3.0; +http://yandex.com/bots)"
5.45.207.12 - - [22/Jan/2018:04:14:22 +0000] "GET /match/bet-vici-gaming-vs-vgj-thunder-esl-one-genting-01-23-2018/ HTTP/1.1" 200 6763 "-" "Mozilla/5.0 (compatible; YandexBot/3.0; +http://yandex.com/bots)"
45.77.4.48 - - [22/Jan/2018:04:15:01 +0000] "GET /autopost-tournament/ HTTP/1.1" 200 2292 "-" "curl/7.38.0"
192.0.102.40 - - [22/Jan/2018:04:15:14 +0000] "GET / HTTP/1.1" 200 8170 "-" "jetmon/1.0 (Jetpack Site Uptime Monitor by WordPress.com)"
40.77.167.133 - - [22/Jan/2018:04:15:26 +0000] "GET /sitemap-pt-sp_team-2015-11.xml HTTP/1.1" 200 689 "-" "Mozilla/5.0 (compatible; bingbot/2.0; +http://www.bing.com/bingbot.htm)"
45.77.4.48 - - [22/Jan/2018:04:17:37 +0000] "POST /wp-cron.php?doing_wp_cron=1516594657.8992640972137451171875 HTTP/1.0" 200 238 "http://www.bet-esport.com/wp-cron.php?doing_wp_cron=1516594657.8992640972137451171875" "WordPress/4.9.2; http://www.bet-esport.com"
180.76.15.135 - - [22/Jan/2018:04:17:37 +0000] "GET /match/bet-ago-vs-spirit-farmskins-championship-01-21-2018/ HTTP/1.1" 200 6403 "-" "Mozilla/5.0 (compatible; Baiduspider/2.0; +http://www.baidu.com/search/spider.html)"
