87.250.224.113 - - [21/Jan/2018:06:32:30 +0000] "GET /i/logos/200/vega-squadron.png HTTP/1.1" 200 50880 "-" "Mozilla/5.0 (compatible; YandexImages/3.0; +http://yandex.com/bots)"
5.45.207.12 - - [21/Jan/2018:06:34:35 +0000] "GET /i/logos/200/team-love-u-lots.png HTTP/1.1" 200 21377 "-" "Mozilla/5.0 (compatible; YandexImages/3.0; +http://yandex.com/bots)"
5.45.207.12 - - [21/Jan/2018:07:27:36 +0000] "GET /i/logos/200/ever8-winners.png HTTP/1.1" 304 0 "-" "Mozilla/5.0 (compatible; YandexImages/3.0; +http://yandex.com/bots)"
5.45.207.12 - - [21/Jan/2018:07:28:55 +0000] "GET /i/logos/200/ghost.png HTTP/1.1" 200 1746 "-" "Mozilla/5.0 (compatible; YandexImages/3.0; +http://yandex.com/bots)"
5.45.207.12 - - [21/Jan/2018:08:00:46 +0000] "GET /i/logos/100/eu-lcs.png HTTP/1.1" 304 0 "-" "Mozilla/5.0 (compatible; YandexImages/3.0; +http://yandex.com/bots)"
157.55.39.155 - - [21/Jan/2018:08:25:21 +0000] "GET /i/logos/100/keen-gaming.png HTTP/1.1" 200 15389 "-" "Mozilla/5.0 (compatible; bingbot/2.0; +http://www.bing.com/bingbot.htm)"
92.251.107.167 - - [21/Jan/2018:08:35:22 +0000] "GET /wp-content/plugins/contact-form-7/includes/css/styles.css?ver=4.9.1 HTTP/1.1" 200 646 "http://www.bet-esport.com/" "Mozilla/5.0 (X11; Linux x86_64) AppleWebKit/537.36 (KHTML, like Gecko) Chrome/59.0.3071.115 Safari/537.36"
92.251.107.167 - - [21/Jan/2018:08:35:22 +0000] "GET /wp-includes/js/jquery/jquery.js?ver=1.12.4 HTTP/1.1" 200 33812 "http://www.bet-esport.com/" "Mozilla/5.0 (X11; Linux x86_64) AppleWebKit/537.36 (KHTML, like Gecko) Chrome/59.0.3071.115 Safari/537.36"
92.251.107.167 - - [21/Jan/2018:08:35:23 +0000] "GET /wp-includes/js/jquery/jquery-migrate.min.js?ver=1.4.1 HTTP/1.1" 200 4026 "http://www.bet-esport.com/" "Mozilla/5.0 (X11; Linux x86_64) AppleWebKit/537.36 (KHTML, like Gecko) Chrome/59.0.3071.115 Safari/537.36"
92.251.107.167 - - [21/Jan/2018:08:35:23 +0000] "GET /i/logo2.png HTTP/1.1" 200 1166 "http://www.bet-esport.com/" "Mozilla/5.0 (X11; Linux x86_64) AppleWebKit/537.36 (KHTML, like Gecko) Chrome/59.0.3071.115 Safari/537.36"
92.251.107.167 - - [21/Jan/2018:08:35:23 +0000] "GET /i/logo_mob.png HTTP/1.1" 200 1674 "http://www.bet-esport.com/" "Mozilla/5.0 (X11; Linux x86_64) AppleWebKit/537.36 (KHTML, like Gecko) Chrome/59.0.3071.115 Safari/537.36"
92.251.107.167 - - [21/Jan/2018:08:35:23 +0000] "GET /i/more_300.png HTTP/1.1" 200 1227 "http://www.bet-esport.com/" "Mozilla/5.0 (X11; Linux x86_64) AppleWebKit/537.36 (KHTML, like Gecko) Chrome/59.0.3071.115 Safari/537.36"
92.251.107.167 - - [21/Jan/2018:08:35:23 +0000] "GET /i/dota-2-header.jpg HTTP/1.1" 200 14907 "http://www.bet-esport.com/" "Mozilla/5.0 (X11; Linux x86_64) AppleWebKit/537.36 (KHTML, like Gecko) Chrome/59.0.3071.115 Safari/537.36"
92.251.107.167 - - [21/Jan/2018:08:35:23 +0000] "GET /i/logos/100/mineski.png HTTP/1.1" 200 10554 "http://www.bet-esport.com/" "Mozilla/5.0 (X11; Linux x86_64) AppleWebKit/537.36 (KHTML, like Gecko) Chrome/59.0.3071.115 Safari/537.36"
92.251.107.167 - - [21/Jan/2018:08:35:23 +0000] "GET /i/logos/100/blue-pikachu.png HTTP/1.1" 200 8382 "http://www.bet-esport.com/" "Mozilla/5.0 (X11; Linux x86_64) AppleWebKit/537.36 (KHTML, like Gecko) Chrome/59.0.3071.115 Safari/537.36"
92.251.107.167 - - [21/Jan/2018:08:35:23 +0000] "GET /i/logos/100/tnc-pro-team.png HTTP/1.1" 200 4110 "http://www.bet-esport.com/" "Mozilla/5.0 (X11; Linux x86_64) AppleWebKit/537.36 (KHTML, like Gecko) Chrome/59.0.3071.115 Safari/537.36"
92.251.107.167 - - [21/Jan/2018:08:35:23 +0000] "GET /i/9e08854c6685ae76.gif HTTP/1.1" 200 79995 "http://www.bet-esport.com/" "Mozilla/5.0 (X11; Linux x86_64) AppleWebKit/537.36 (KHTML, like Gecko) Chrome/59.0.3071.115 Safari/537.36"
92.251.107.167 - - [21/Jan/2018:08:35:23 +0000] "GET /css/font-awesome.min.css HTTP/1.1" 200 6604 "http://www.bet-esport.com/" "Mozilla/5.0 (X11; Linux x86_64) AppleWebKit/537.36 (KHTML, like Gecko) Chrome/59.0.3071.115 Safari/537.36"
92.251.107.167 - - [21/Jan/2018:08:35:23 +0000] "GET /s2.css HTTP/1.1" 200 6123 "http://www.bet-esport.com/" "Mozilla/5.0 (X11; Linux x86_64) AppleWebKit/537.36 (KHTML, like Gecko) Chrome/59.0.3071.115 Safari/537.36"
92.251.107.167 - - [21/Jan/2018:08:35:23 +0000] "GET /s2m.css HTTP/1.1" 200 1691 "http://www.bet-esport.com/" "Mozilla/5.0 (X11; Linux x86_64) AppleWebKit/537.36 (KHTML, like Gecko) Chrome/59.0.3071.115 Safari/537.36"
92.251.107.167 - - [21/Jan/2018:08:35:23 +0000] "GET /i/league-of-legends_300.png HTTP/1.1" 200 13826 "http://www.bet-esport.com/" "Mozilla/5.0 (X11; Linux x86_64) AppleWebKit/537.36 (KHTML, like Gecko) Chrome/59.0.3071.115 Safari/537.36"
92.251.107.167 - - [21/Jan/2018:08:35:23 +0000] "GET /i/dota-2_300.png HTTP/1.1" 200 3052 "http://www.bet-esport.com/" "Mozilla/5.0 (X11; Linux x86_64) AppleWebKit/537.36 (KHTML, like Gecko) Chrome/59.0.3071.115 Safari/537.36"
92.251.107.167 - - [21/Jan/2018:08:35:23 +0000] "GET /i/cs-go_300.png HTTP/1.1" 200 2202 "http://www.bet-esport.com/" "Mozilla/5.0 (X11; Linux x86_64) AppleWebKit/537.36 (KHTML, like Gecko) Chrome/59.0.3071.115 Safari/537.36"
92.251.107.167 - - [21/Jan/2018:08:35:23 +0000] "GET /i/showall_300.png HTTP/1.1" 200 1483 "http://www.bet-esport.com/" "Mozilla/5.0 (X11; Linux x86_64) AppleWebKit/537.36 (KHTML, like Gecko) Chrome/59.0.3071.115 Safari/537.36"
92.251.107.167 - - [21/Jan/2018:08:35:23 +0000] "GET /i/starcraft-2_300.png HTTP/1.1" 200 7016 "http://www.bet-esport.com/" "Mozilla/5.0 (X11; Linux x86_64) AppleWebKit/537.36 (KHTML, like Gecko) Chrome/59.0.3071.115 Safari/537.36"
92.251.107.167 - - [21/Jan/2018:08:35:23 +0000] "GET /i/overwatch_300.png HTTP/1.1" 200 2650 "http://www.bet-esport.com/" "Mozilla/5.0 (X11; Linux x86_64) AppleWebKit/537.36 (KHTML, like Gecko) Chrome/59.0.3071.115 Safari/537.36"
92.251.107.167 - - [21/Jan/2018:08:35:24 +0000] "GET /i/hearthstone_300.png HTTP/1.1" 200 14211 "http://www.bet-esport.com/" "Mozilla/5.0 (X11; Linux x86_64) AppleWebKit/537.36 (KHTML, like Gecko) Chrome/59.0.3071.115 Safari/537.36"
92.251.107.167 - - [21/Jan/2018:08:35:24 +0000] "GET /i/warcraft-iii_300.png HTTP/1.1" 200 11227 "http://www.bet-esport.com/" "Mozilla/5.0 (X11; Linux x86_64) AppleWebKit/537.36 (KHTML, like Gecko) Chrome/59.0.3071.115 Safari/537.36"
92.251.107.167 - - [21/Jan/2018:08:35:24 +0000] "GET /i/logos/100/team-secret.png HTTP/1.1" 200 1964 "http://www.bet-esport.com/" "Mozilla/5.0 (X11; Linux x86_64) AppleWebKit/537.36 (KHTML, like Gecko) Chrome/59.0.3071.115 Safari/537.36"
92.251.107.167 - - [21/Jan/2018:08:35:24 +0000] "GET /i/logos/100/lgd-forever-young.png HTTP/1.1" 200 1842 "http://www.bet-esport.com/" "Mozilla/5.0 (X11; Linux x86_64) AppleWebKit/537.36 (KHTML, like Gecko) Chrome/59.0.3071.115 Safari/537.36"
92.251.107.167 - - [21/Jan/2018:08:35:24 +0000] "GET /i/logos/100/newbee.png HTTP/1.1" 200 17787 "http://www.bet-esport.com/" "Mozilla/5.0 (X11; Linux x86_64) AppleWebKit/537.36 (KHTML, like Gecko) Chrome/59.0.3071.115 Safari/537.36"
92.251.107.167 - - [21/Jan/2018:08:35:24 +0000] "GET /i/logos/100/virtus-pro.png HTTP/1.1" 200 11378 "http://www.bet-esport.com/" "Mozilla/5.0 (X11; Linux x86_64) AppleWebKit/537.36 (KHTML, like Gecko) Chrome/59.0.3071.115 Safari/537.36"
92.251.107.167 - - [21/Jan/2018:08:35:24 +0000] "GET /i/logos/100/natus-vincere.png HTTP/1.1" 200 12393 "http://www.bet-esport.com/" "Mozilla/5.0 (X11; Linux x86_64) AppleWebKit/537.36 (KHTML, like Gecko) Chrome/59.0.3071.115 Safari/537.36"
92.251.107.167 - - [21/Jan/2018:08:35:24 +0000] "GET /i/logos/100/evil-geniuses.png HTTP/1.1" 200 13733 "http://www.bet-esport.com/" "Mozilla/5.0 (X11; Linux x86_64) AppleWebKit/537.36 (KHTML, like Gecko) Chrome/59.0.3071.115 Safari/537.36"
92.251.107.167 - - [21/Jan/2018:08:35:24 +0000] "GET /i/logos/100/north-academy.png HTTP/1.1" 200 2455 "http://www.bet-esport.com/" "Mozilla/5.0 (X11; Linux x86_64) AppleWebKit/537.36 (KHTML, like Gecko) Chrome/59.0.3071.115 Safari/537.36"
92.251.107.167 - - [21/Jan/2018:08:35:24 +0000] "GET /i/logos/100/red-reserve.png HTTP/1.1" 200 2223 "http://www.bet-esport.com/" "Mozilla/5.0 (X11; Linux x86_64) AppleWebKit/537.36 (KHTML, like Gecko) Chrome/59.0.3071.115 Safari/537.36"
92.251.107.167 - - [21/Jan/2018:08:35:24 +0000] "GET /i/logos/100/flipsid3.png HTTP/1.1" 200 13075 "http://www.bet-esport.com/" "Mozilla/5.0 (X11; Linux x86_64) AppleWebKit/537.36 (KHTML, like Gecko) Chrome/59.0.3071.115 Safari/537.36"
92.251.107.167 - - [21/Jan/2018:08:35:24 +0000] "GET /i/logos/100/kinguin.png HTTP/1.1" 200 6772 "http://www.bet-esport.com/" "Mozilla/5.0 (X11; Linux x86_64) AppleWebKit/537.36 (KHTML, like Gecko) Chrome/59.0.3071.115 Safari/537.36"
92.251.107.167 - - [21/Jan/2018:08:35:24 +0000] "GET /i/logos/100/pride.png HTTP/1.1" 200 10385 "http://www.bet-esport.com/" "Mozilla/5.0 (X11; Linux x86_64) AppleWebKit/537.36 (KHTML, like Gecko) Chrome/59.0.3071.115 Safari/537.36"
92.251.107.167 - - [21/Jan/2018:08:35:24 +0000] "GET /i/background4.jpg HTTP/1.1" 200 24246 "http://www.bet-esport.com/s2.css" "Mozilla/5.0 (X11; Linux x86_64) AppleWebKit/537.36 (KHTML, like Gecko) Chrome/59.0.3071.115 Safari/537.36"
92.251.107.167 - - [21/Jan/2018:08:35:24 +0000] "GET /i/logos/100/alternate-attax.png HTTP/1.1" 200 16829 "http://www.bet-esport.com/" "Mozilla/5.0 (X11; Linux x86_64) AppleWebKit/537.36 (KHTML, like Gecko) Chrome/59.0.3071.115 Safari/537.36"
92.251.107.167 - - [21/Jan/2018:08:35:24 +0000] "GET /i/logos/100/kongdoo-monster.png HTTP/1.1" 200 14877 "http://www.bet-esport.com/" "Mozilla/5.0 (X11; Linux x86_64) AppleWebKit/537.36 (KHTML, like Gecko) Chrome/59.0.3071.115 Safari/537.36"
92.251.107.167 - - [21/Jan/2018:08:35:24 +0000] "GET /i/logos/100/mvp.png HTTP/1.1" 200 15434 "http://www.bet-esport.com/" "Mozilla/5.0 (X11; Linux x86_64) AppleWebKit/537.36 (KHTML, like Gecko) Chrome/59.0.3071.115 Safari/537.36"
92.251.107.167 - - [21/Jan/2018:08:35:25 +0000] "GET /i/default_sheild.png HTTP/1.1" 200 4013 "http://www.bet-esport.com/" "Mozilla/5.0 (X11; Linux x86_64) AppleWebKit/537.36 (KHTML, like Gecko) Chrome/59.0.3071.115 Safari/537.36"
92.251.107.167 - - [21/Jan/2018:08:35:26 +0000] "GET /i/logos/100/luck-future.png HTTP/1.1" 200 3715 "http://www.bet-esport.com/" "Mozilla/5.0 (X11; Linux x86_64) AppleWebKit/537.36 (KHTML, like Gecko) Chrome/59.0.3071.115 Safari/537.36"
92.251.107.167 - - [21/Jan/2018:08:35:26 +0000] "GET /i/logos/100/seven.png HTTP/1.1" 200 4230 "http://www.bet-esport.com/" "Mozilla/5.0 (X11; Linux x86_64) AppleWebKit/537.36 (KHTML, like Gecko) Chrome/59.0.3071.115 Safari/537.36"
92.251.107.167 - - [21/Jan/2018:08:35:26 +0000] "GET /i/cs-go-header.jpg HTTP/1.1" 200 22733 "http://www.bet-esport.com/" "Mozilla/5.0 (X11; Linux x86_64) AppleWebKit/537.36 (KHTML, like Gecko) Chrome/59.0.3071.115 Safari/537.36"
92.251.107.167 - - [21/Jan/2018:08:35:26 +0000] "GET /i/league-of-legends-header.jpg HTTP/1.1" 200 21680 "http://www.bet-esport.com/" "Mozilla/5.0 (X11; Linux x86_64) AppleWebKit/537.36 (KHTML, like Gecko) Chrome/59.0.3071.115 Safari/537.36"
92.251.107.167 - - [21/Jan/2018:08:35:26 +0000] "GET /i/starcraft-2-header.jpg HTTP/1.1" 200 25368 "http://www.bet-esport.com/" "Mozilla/5.0 (X11; Linux x86_64) AppleWebKit/537.36 (KHTML, like Gecko) Chrome/59.0.3071.115 Safari/537.36"
92.251.107.167 - - [21/Jan/2018:08:35:26 +0000] "GET /i/warcraft-iii-header.jpg HTTP/1.1" 200 25096 "http://www.bet-esport.com/" "Mozilla/5.0 (X11; Linux x86_64) AppleWebKit/537.36 (KHTML, like Gecko) Chrome/59.0.3071.115 Safari/537.36"
92.251.107.167 - - [21/Jan/2018:08:35:26 +0000] "GET /i/hearthstone-header.jpg HTTP/1.1" 200 23387 "http://www.bet-esport.com/" "Mozilla/5.0 (X11; Linux x86_64) AppleWebKit/537.36 (KHTML, like Gecko) Chrome/59.0.3071.115 Safari/537.36"
92.251.107.167 - - [21/Jan/2018:08:35:26 +0000] "GET /i/overwatch-header.jpg HTTP/1.1" 200 21129 "http://www.bet-esport.com/" "Mozilla/5.0 (X11; Linux x86_64) AppleWebKit/537.36 (KHTML, like Gecko) Chrome/59.0.3071.115 Safari/537.36"
192.0.116.177 - - [21/Jan/2018:08:35:27 +0000] "GET /i/cropped-B512.png HTTP/1.1" 200 2788 "-" "Photon/1.0"
192.0.116.177 - - [21/Jan/2018:08:35:27 +0000] "GET /i/cropped-B512.png HTTP/1.1" 200 2788 "-" "Photon/1.0"
92.251.107.167 - - [21/Jan/2018:08:41:14 +0000] "GET /s.css HTTP/1.1" 200 8843 "http://www.bet-esport.com/how-to-bet-on-esports/" "Mozilla/5.0 (X11; Linux x86_64) AppleWebKit/537.36 (KHTML, like Gecko) Chrome/59.0.3071.115 Safari/537.36"
178.154.171.39 - - [21/Jan/2018:09:48:58 +0000] "GET /i/logos/200/x-quest.png HTTP/1.1" 200 41089 "-" "Mozilla/5.0 (compatible; YandexImages/3.0; +http://yandex.com/bots)"
5.146.199.45 - - [21/Jan/2018:11:39:04 +0000] "GET /s2.css HTTP/1.1" 200 6123 "http://www.bet-esport.com/match/bet-hk-attitude-vs-ahq-lms-spring-split-01-14-2018/" "Mozilla/5.0 (Windows NT 10.0; Win64; x64; rv:57.0) Gecko/20100101 Firefox/57.0"
5.146.199.45 - - [21/Jan/2018:11:39:04 +0000] "GET /s2m.css HTTP/1.1" 200 1691 "http://www.bet-esport.com/match/bet-hk-attitude-vs-ahq-lms-spring-split-01-14-2018/" "Mozilla/5.0 (Windows NT 10.0; Win64; x64; rv:57.0) Gecko/20100101 Firefox/57.0"
5.146.199.45 - - [21/Jan/2018:11:39:04 +0000] "GET /js/jquery.simple.timer.js HTTP/1.1" 200 2111 "http://www.bet-esport.com/match/bet-hk-attitude-vs-ahq-lms-spring-split-01-14-2018/" "Mozilla/5.0 (Windows NT 10.0; Win64; x64; rv:57.0) Gecko/20100101 Firefox/57.0"
5.146.199.45 - - [21/Jan/2018:11:39:04 +0000] "GET /i/logo_mob.png HTTP/1.1" 200 1674 "http://www.bet-esport.com/match/bet-hk-attitude-vs-ahq-lms-spring-split-01-14-2018/" "Mozilla/5.0 (Windows NT 10.0; Win64; x64; rv:57.0) Gecko/20100101 Firefox/57.0"
5.146.199.45 - - [21/Jan/2018:11:39:04 +0000] "GET /i/t1.png HTTP/1.1" 200 1194 "http://www.bet-esport.com/match/bet-hk-attitude-vs-ahq-lms-spring-split-01-14-2018/" "Mozilla/5.0 (Windows NT 10.0; Win64; x64; rv:57.0) Gecko/20100101 Firefox/57.0"
5.146.199.45 - - [21/Jan/2018:11:39:04 +0000] "GET /i/logo2.png HTTP/1.1" 200 1166 "http://www.bet-esport.com/match/bet-hk-attitude-vs-ahq-lms-spring-split-01-14-2018/" "Mozilla/5.0 (Windows NT 10.0; Win64; x64; rv:57.0) Gecko/20100101 Firefox/57.0"
5.146.199.45 - - [21/Jan/2018:11:39:04 +0000] "GET /i/logos/50/flash-wolves.png HTTP/1.1" 200 3460 "http://www.bet-esport.com/match/bet-hk-attitude-vs-ahq-lms-spring-split-01-14-2018/" "Mozilla/5.0 (Windows NT 10.0; Win64; x64; rv:57.0) Gecko/20100101 Firefox/57.0"
5.146.199.45 - - [21/Jan/2018:11:39:04 +0000] "GET /i/9e08854c6685ae76.gif HTTP/1.1" 200 79995 "http://www.bet-esport.com/match/bet-hk-attitude-vs-ahq-lms-spring-split-01-14-2018/" "Mozilla/5.0 (Windows NT 10.0; Win64; x64; rv:57.0) Gecko/20100101 Firefox/57.0"
5.146.199.45 - - [21/Jan/2018:11:39:04 +0000] "GET /i/logos/50/machi-esports.png HTTP/1.1" 200 2899 "http://www.bet-esport.com/match/bet-hk-attitude-vs-ahq-lms-spring-split-01-14-2018/" "Mozilla/5.0 (Windows NT 10.0; Win64; x64; rv:57.0) Gecko/20100101 Firefox/57.0"
5.146.199.45 - - [21/Jan/2018:11:39:04 +0000] "GET /i/logos/50/j-team.png HTTP/1.1" 200 3337 "http://www.bet-esport.com/match/bet-hk-attitude-vs-ahq-lms-spring-split-01-14-2018/" "Mozilla/5.0 (Windows NT 10.0; Win64; x64; rv:57.0) Gecko/20100101 Firefox/57.0"
5.146.199.45 - - [21/Jan/2018:11:39:04 +0000] "GET /i/background4.jpg HTTP/1.1" 200 24246 "http://www.bet-esport.com/s2.css" "Mozilla/5.0 (Windows NT 10.0; Win64; x64; rv:57.0) Gecko/20100101 Firefox/57.0"
5.146.199.45 - - [21/Jan/2018:11:39:04 +0000] "GET /i/m/league-of-legends-bg.jpg HTTP/1.1" 200 18716 "http://www.bet-esport.com/match/bet-hk-attitude-vs-ahq-lms-spring-split-01-14-2018/" "Mozilla/5.0 (Windows NT 10.0; Win64; x64; rv:57.0) Gecko/20100101 Firefox/57.0"
5.146.199.45 - - [21/Jan/2018:11:39:04 +0000] "GET /i/vs2.png HTTP/1.1" 200 1734 "http://www.bet-esport.com/match/bet-hk-attitude-vs-ahq-lms-spring-split-01-14-2018/" "Mozilla/5.0 (Windows NT 10.0; Win64; x64; rv:57.0) Gecko/20100101 Firefox/57.0"
5.146.199.45 - - [21/Jan/2018:11:39:04 +0000] "GET /i/default_sheild.png HTTP/1.1" 200 4013 "http://www.bet-esport.com/match/bet-hk-attitude-vs-ahq-lms-spring-split-01-14-2018/" "Mozilla/5.0 (Windows NT 10.0; Win64; x64; rv:57.0) Gecko/20100101 Firefox/57.0"
5.146.199.45 - - [21/Jan/2018:11:39:05 +0000] "GET /css/font-awesome.min.css HTTP/1.1" 200 6604 "http://www.bet-esport.com/match/bet-hk-attitude-vs-ahq-lms-spring-split-01-14-2018/" "Mozilla/5.0 (Windows NT 10.0; Win64; x64; rv:57.0) Gecko/20100101 Firefox/57.0"
5.165.253.18 - - [21/Jan/2018:12:47:18 +0000] "GET /s.css HTTP/1.1" 200 8843 "http://www.bet-esport.com/match/bet-ground-zero-vs-masterminds-cybergamer-11-16-2017/" "Mozilla/4.0 (compatible; MSIE 8.0; Windows NT 6.1; Trident/4.0; SLCC2; .NET CLR 2.0.50727; .NET CLR 3.5.30729; .NET CLR 3.0.30729; Media Center PC 6.0)"
5.165.253.18 - - [21/Jan/2018:12:47:18 +0000] "GET /wp-content/plugins/contact-form-7/includes/css/styles.css?ver=4.9.1 HTTP/1.1" 200 646 "http://www.bet-esport.com/match/bet-ground-zero-vs-masterminds-cybergamer-11-16-2017/" "Mozilla/4.0 (compatible; MSIE 8.0; Windows NT 6.1; Trident/4.0; SLCC2; .NET CLR 2.0.50727; .NET CLR 3.5.30729; .NET CLR 3.0.30729; Media Center PC 6.0)"
5.165.253.18 - - [21/Jan/2018:12:47:19 +0000] "GET /wp-includes/js/jquery/jquery-migrate.min.js?ver=1.4.1 HTTP/1.1" 200 4026 "http://www.bet-esport.com/match/bet-ground-zero-vs-masterminds-cybergamer-11-16-2017/" "Mozilla/4.0 (compatible; MSIE 8.0; Windows NT 6.1; Trident/4.0; SLCC2; .NET CLR 2.0.50727; .NET CLR 3.5.30729; .NET CLR 3.0.30729; Media Center PC 6.0)"
5.165.253.18 - - [21/Jan/2018:12:47:19 +0000] "GET /wp-includes/js/jquery/jquery.js?ver=1.12.4 HTTP/1.1" 200 33812 "http://www.bet-esport.com/match/bet-ground-zero-vs-masterminds-cybergamer-11-16-2017/" "Mozilla/4.0 (compatible; MSIE 8.0; Windows NT 6.1; Trident/4.0; SLCC2; .NET CLR 2.0.50727; .NET CLR 3.5.30729; .NET CLR 3.0.30729; Media Center PC 6.0)"
5.165.253.18 - - [21/Jan/2018:12:47:21 +0000] "GET /css/font-awesome.min.css HTTP/1.1" 200 6604 "http://www.bet-esport.com/match/bet-ground-zero-vs-masterminds-cybergamer-11-16-2017/" "Mozilla/4.0 (compatible; MSIE 8.0; Windows NT 6.1; Trident/4.0; SLCC2; .NET CLR 2.0.50727; .NET CLR 3.5.30729; .NET CLR 3.0.30729; Media Center PC 6.0)"
5.165.253.18 - - [21/Jan/2018:12:47:22 +0000] "GET /s2.css HTTP/1.1" 200 6123 "http://www.bet-esport.com/match/bet-ground-zero-vs-masterminds-cybergamer-11-16-2017/" "Mozilla/4.0 (compatible; MSIE 8.0; Windows NT 6.1; Trident/4.0; SLCC2; .NET CLR 2.0.50727; .NET CLR 3.5.30729; .NET CLR 3.0.30729; Media Center PC 6.0)"
5.165.253.18 - - [21/Jan/2018:12:47:22 +0000] "GET /s2m.css HTTP/1.1" 200 1691 "http://www.bet-esport.com/match/bet-ground-zero-vs-masterminds-cybergamer-11-16-2017/" "Mozilla/4.0 (compatible; MSIE 8.0; Windows NT 6.1; Trident/4.0; SLCC2; .NET CLR 2.0.50727; .NET CLR 3.5.30729; .NET CLR 3.0.30729; Media Center PC 6.0)"
95.31.189.61 - - [21/Jan/2018:14:05:01 +0000] "GET /i/logos/200/extatus.png HTTP/1.1" 200 18279 "-" "Mozilla/5.0 (Windows NT 6.3; Win64; x64) AppleWebKit/537.36 (KHTML, like Gecko) Chrome/63.0.3239.132 Safari/537.36"
192.0.116.177 - - [21/Jan/2018:15:12:32 +0000] "GET /i/cropped-B512.png HTTP/1.1" 200 2788 "-" "Photon/1.0"
64.233.173.38 - - [21/Jan/2018:16:26:23 +0000] "GET /i/logos/200/legacy-esports.png HTTP/1.1" 200 29546 "-" "Mozilla/5.0 (Windows NT 5.1; rv:11.0) Gecko Firefox/11.0 (via ggpht.com GoogleImageProxy)"
66.249.79.52 - - [21/Jan/2018:16:52:53 +0000] "GET /i/logo_mob.png HTTP/1.1" 200 1674 "-" "Googlebot-Image/1.0"
207.46.13.10 - - [21/Jan/2018:19:22:02 +0000] "GET /wp-includes/js/jquery/jquery.js?ver=1.12.4 HTTP/1.1" 200 33812 "-" "Mozilla/5.0 (compatible; bingbot/2.0; +http://www.bing.com/bingbot.htm)"
207.46.13.91 - - [21/Jan/2018:19:22:04 +0000] "GET /wp-content/plugins/contact-form-7/includes/css/styles.css?ver=4.9.1 HTTP/1.1" 200 646 "-" "Mozilla/5.0 (compatible; bingbot/2.0; +http://www.bing.com/bingbot.htm)"
66.249.79.5 - - [21/Jan/2018:19:35:50 +0000] "GET /i/logo2.png HTTP/1.1" 200 1166 "-" "Googlebot-Image/1.0"
77.37.220.207 - - [21/Jan/2018:19:49:28 +0000] "GET /i/logo2.png HTTP/1.1" 200 1166 "http://www.bet-esport.com/match/bet-ground-zero-vs-masterminds-cybergamer-11-16-2017/" "Mozilla/5.0 (Windows NT 6.1; WOW64) AppleWebKit/537.36 (KHTML, like Gecko) Chrome/62.0.3202.94 YaBrowser/17.11.1.988 Yowser/2.5 Safari/537.36"
77.37.220.207 - - [21/Jan/2018:19:49:28 +0000] "GET /s.css HTTP/1.1" 200 8843 "http://www.bet-esport.com/match/bet-ground-zero-vs-masterminds-cybergamer-11-16-2017/" "Mozilla/5.0 (Windows NT 6.1; WOW64) AppleWebKit/537.36 (KHTML, like Gecko) Chrome/62.0.3202.94 YaBrowser/17.11.1.988 Yowser/2.5 Safari/537.36"
77.37.220.207 - - [21/Jan/2018:19:49:28 +0000] "GET /wp-content/plugins/contact-form-7/includes/css/styles.css?ver=4.9.1 HTTP/1.1" 200 646 "http://www.bet-esport.com/match/bet-ground-zero-vs-masterminds-cybergamer-11-16-2017/" "Mozilla/5.0 (Windows NT 6.1; WOW64) AppleWebKit/537.36 (KHTML, like Gecko) Chrome/62.0.3202.94 YaBrowser/17.11.1.988 Yowser/2.5 Safari/537.36"
77.37.220.207 - - [21/Jan/2018:19:49:28 +0000] "GET /wp-includes/js/jquery/jquery-migrate.min.js?ver=1.4.1 HTTP/1.1" 200 4026 "http://www.bet-esport.com/match/bet-ground-zero-vs-masterminds-cybergamer-11-16-2017/" "Mozilla/5.0 (Windows NT 6.1; WOW64) AppleWebKit/537.36 (KHTML, like Gecko) Chrome/62.0.3202.94 YaBrowser/17.11.1.988 Yowser/2.5 Safari/537.36"
77.37.220.207 - - [21/Jan/2018:19:49:29 +0000] "GET /i/logo_mob.png HTTP/1.1" 200 1674 "http://www.bet-esport.com/match/bet-ground-zero-vs-masterminds-cybergamer-11-16-2017/" "Mozilla/5.0 (Windows NT 6.1; WOW64) AppleWebKit/537.36 (KHTML, like Gecko) Chrome/62.0.3202.94 YaBrowser/17.11.1.988 Yowser/2.5 Safari/537.36"
77.37.220.207 - - [21/Jan/2018:19:49:29 +0000] "GET /i/9e08854c6685ae76.gif HTTP/1.1" 200 79995 "http://www.bet-esport.com/match/bet-ground-zero-vs-masterminds-cybergamer-11-16-2017/" "Mozilla/5.0 (Windows NT 6.1; WOW64) AppleWebKit/537.36 (KHTML, like Gecko) Chrome/62.0.3202.94 YaBrowser/17.11.1.988 Yowser/2.5 Safari/537.36"
77.37.220.207 - - [21/Jan/2018:19:49:29 +0000] "GET /wp-includes/js/jquery/jquery.js?ver=1.12.4 HTTP/1.1" 200 33812 "http://www.bet-esport.com/match/bet-ground-zero-vs-masterminds-cybergamer-11-16-2017/" "Mozilla/5.0 (Windows NT 6.1; WOW64) AppleWebKit/537.36 (KHTML, like Gecko) Chrome/62.0.3202.94 YaBrowser/17.11.1.988 Yowser/2.5 Safari/537.36"
77.37.220.207 - - [21/Jan/2018:19:49:30 +0000] "GET /i/background4.jpg HTTP/1.1" 200 24246 "http://www.bet-esport.com/match/bet-ground-zero-vs-masterminds-cybergamer-11-16-2017/" "Mozilla/5.0 (Windows NT 6.1; WOW64) AppleWebKit/537.36 (KHTML, like Gecko) Chrome/62.0.3202.94 YaBrowser/17.11.1.988 Yowser/2.5 Safari/537.36"
77.37.220.207 - - [21/Jan/2018:19:49:30 +0000] "GET /s2m.css HTTP/1.1" 200 1691 "http://www.bet-esport.com/match/bet-ground-zero-vs-masterminds-cybergamer-11-16-2017/" "Mozilla/5.0 (Windows NT 6.1; WOW64) AppleWebKit/537.36 (KHTML, like Gecko) Chrome/62.0.3202.94 YaBrowser/17.11.1.988 Yowser/2.5 Safari/537.36"
77.37.220.207 - - [21/Jan/2018:19:49:30 +0000] "GET /css/font-awesome.min.css HTTP/1.1" 200 6604 "http://www.bet-esport.com/match/bet-ground-zero-vs-masterminds-cybergamer-11-16-2017/" "Mozilla/5.0 (Windows NT 6.1; WOW64) AppleWebKit/537.36 (KHTML, like Gecko) Chrome/62.0.3202.94 YaBrowser/17.11.1.988 Yowser/2.5 Safari/537.36"
77.37.220.207 - - [21/Jan/2018:19:49:30 +0000] "GET /s2.css HTTP/1.1" 200 6123 "http://www.bet-esport.com/match/bet-ground-zero-vs-masterminds-cybergamer-11-16-2017/" "Mozilla/5.0 (Windows NT 6.1; WOW64) AppleWebKit/537.36 (KHTML, like Gecko) Chrome/62.0.3202.94 YaBrowser/17.11.1.988 Yowser/2.5 Safari/537.36"
77.37.220.207 - - [21/Jan/2018:19:49:31 +0000] "GET /i/default_sheild.png HTTP/1.1" 200 4013 "http://www.bet-esport.com/match/bet-ground-zero-vs-masterminds-cybergamer-11-16-2017/" "Mozilla/5.0 (Windows NT 6.1; WOW64) AppleWebKit/537.36 (KHTML, like Gecko) Chrome/62.0.3202.94 YaBrowser/17.11.1.988 Yowser/2.5 Safari/537.36"
40.77.167.133 - - [21/Jan/2018:20:41:43 +0000] "GET /s.css HTTP/1.1" 200 8843 "-" "Mozilla/5.0 (compatible; bingbot/2.0; +http://www.bing.com/bingbot.htm)"
5.45.207.12 - - [21/Jan/2018:21:21:09 +0000] "GET /i/logos/200/extatus.png HTTP/1.1" 200 18279 "-" "Mozilla/5.0 (compatible; YandexImages/3.0; +http://yandex.com/bots)"
128.72.212.204 - - [21/Jan/2018:21:27:16 +0000] "GET /s.css HTTP/1.1" 200 8843 "http://www.bet-esport.com/match/bet-ground-zero-vs-masterminds-cybergamer-11-16-2017/" "Mozilla/5.0 (compatible; MSIE 10.0; Windows NT 6.2; WOW64; Trident/6.0; Touch; MALNJS)"
128.72.212.204 - - [21/Jan/2018:21:27:16 +0000] "GET /wp-content/plugins/contact-form-7/includes/css/styles.css?ver=4.9.1 HTTP/1.1" 200 646 "http://www.bet-esport.com/match/bet-ground-zero-vs-masterminds-cybergamer-11-16-2017/" "Mozilla/5.0 (compatible; MSIE 10.0; Windows NT 6.2; WOW64; Trident/6.0; Touch; MALNJS)"
128.72.212.204 - - [21/Jan/2018:21:27:17 +0000] "GET /wp-includes/js/jquery/jquery.js?ver=1.12.4 HTTP/1.1" 200 33812 "http://www.bet-esport.com/match/bet-ground-zero-vs-masterminds-cybergamer-11-16-2017/" "Mozilla/5.0 (compatible; MSIE 10.0; Windows NT 6.2; WOW64; Trident/6.0; Touch; MALNJS)"
128.72.212.204 - - [21/Jan/2018:21:27:17 +0000] "GET /wp-includes/js/jquery/jquery-migrate.min.js?ver=1.4.1 HTTP/1.1" 200 4026 "http://www.bet-esport.com/match/bet-ground-zero-vs-masterminds-cybergamer-11-16-2017/" "Mozilla/5.0 (compatible; MSIE 10.0; Windows NT 6.2; WOW64; Trident/6.0; Touch; MALNJS)"
128.72.212.204 - - [21/Jan/2018:21:27:19 +0000] "GET /css/font-awesome.min.css HTTP/1.1" 200 6604 "http://www.bet-esport.com/match/bet-ground-zero-vs-masterminds-cybergamer-11-16-2017/" "Mozilla/5.0 (compatible; MSIE 10.0; Windows NT 6.2; WOW64; Trident/6.0; Touch; MALNJS)"
128.72.212.204 - - [21/Jan/2018:21:27:19 +0000] "GET /s2.css HTTP/1.1" 200 6123 "http://www.bet-esport.com/match/bet-ground-zero-vs-masterminds-cybergamer-11-16-2017/" "Mozilla/5.0 (compatible; MSIE 10.0; Windows NT 6.2; WOW64; Trident/6.0; Touch; MALNJS)"
128.72.212.204 - - [21/Jan/2018:21:27:20 +0000] "GET /s2m.css HTTP/1.1" 200 1691 "http://www.bet-esport.com/match/bet-ground-zero-vs-masterminds-cybergamer-11-16-2017/" "Mozilla/5.0 (compatible; MSIE 10.0; Windows NT 6.2; WOW64; Trident/6.0; Touch; MALNJS)"
5.45.207.12 - - [21/Jan/2018:23:03:24 +0000] "GET /i/logos/200/misfits.png HTTP/1.1" 200 36568 "-" "Mozilla/5.0 (compatible; YandexImages/3.0; +http://yandex.com/bots)"
37.110.48.22 - - [21/Jan/2018:23:27:08 +0000] "GET /i/logo_mob.png HTTP/1.1" 200 1674 "http://www.bet-esport.com/dota-2-matches/" "Mozilla/5.0 (Windows NT 10.0; Win64; x64; rv:57.0) Gecko/20100101 Firefox/57.0"
176.193.130.167 - - [21/Jan/2018:23:27:08 +0000] "GET /s.css HTTP/1.1" 200 8843 "http://www.bet-esport.com/match/bet-gambit-vs-rise-nation-dreamhack-winter-12-01-2017/" "Mozilla/5.0 (Windows NT 5.1) AppleWebKit/537.36 (KHTML, like Gecko) Chrome/49.0.2623.112 Safari/537.36 OPR/36.0.2130.80"
37.110.48.22 - - [21/Jan/2018:23:27:08 +0000] "GET /i/logo2.png HTTP/1.1" 200 1166 "http://www.bet-esport.com/dota-2-matches/" "Mozilla/5.0 (Windows NT 10.0; Win64; x64; rv:57.0) Gecko/20100101 Firefox/57.0"
176.193.130.167 - - [21/Jan/2018:23:27:08 +0000] "GET /i/logo2.png HTTP/1.1" 200 1166 "http://www.bet-esport.com/match/bet-gambit-vs-rise-nation-dreamhack-winter-12-01-2017/" "Mozilla/5.0 (Windows NT 5.1) AppleWebKit/537.36 (KHTML, like Gecko) Chrome/49.0.2623.112 Safari/537.36 OPR/36.0.2130.80"
37.110.48.22 - - [21/Jan/2018:23:27:08 +0000] "GET /i/logos/100/mineski.png HTTP/1.1" 200 10554 "http://www.bet-esport.com/dota-2-matches/" "Mozilla/5.0 (Windows NT 10.0; Win64; x64; rv:57.0) Gecko/20100101 Firefox/57.0"
37.110.48.22 - - [21/Jan/2018:23:27:08 +0000] "GET /i/logos/100/vgj-thunder.png HTTP/1.1" 200 9532 "http://www.bet-esport.com/dota-2-matches/" "Mozilla/5.0 (Windows NT 10.0; Win64; x64; rv:57.0) Gecko/20100101 Firefox/57.0"
37.110.48.22 - - [21/Jan/2018:23:27:08 +0000] "GET /i/logos/100/team-liquid.png HTTP/1.1" 200 11859 "http://www.bet-esport.com/dota-2-matches/" "Mozilla/5.0 (Windows NT 10.0; Win64; x64; rv:57.0) Gecko/20100101 Firefox/57.0"
37.110.48.22 - - [21/Jan/2018:23:27:08 +0000] "GET /i/p/dota-2-50.png HTTP/1.1" 200 1308 "http://www.bet-esport.com/dota-2-matches/" "Mozilla/5.0 (Windows NT 10.0; Win64; x64; rv:57.0) Gecko/20100101 Firefox/57.0"
37.110.48.22 - - [21/Jan/2018:23:27:08 +0000] "GET /i/logos/100/lgd-forever-young.png HTTP/1.1" 200 1842 "http://www.bet-esport.com/dota-2-matches/" "Mozilla/5.0 (Windows NT 10.0; Win64; x64; rv:57.0) Gecko/20100101 Firefox/57.0"
176.193.130.167 - - [21/Jan/2018:23:27:08 +0000] "GET /i/logo_mob.png HTTP/1.1" 200 1674 "http://www.bet-esport.com/match/bet-gambit-vs-rise-nation-dreamhack-winter-12-01-2017/" "Mozilla/5.0 (Windows NT 5.1) AppleWebKit/537.36 (KHTML, like Gecko) Chrome/49.0.2623.112 Safari/537.36 OPR/36.0.2130.80"
37.110.48.22 - - [21/Jan/2018:23:27:08 +0000] "GET /i/logos/100/blue-pikachu.png HTTP/1.1" 200 8382 "http://www.bet-esport.com/dota-2-matches/" "Mozilla/5.0 (Windows NT 10.0; Win64; x64; rv:57.0) Gecko/20100101 Firefox/57.0"
37.110.48.22 - - [21/Jan/2018:23:27:08 +0000] "GET /i/logos/100/team-secret.png HTTP/1.1" 200 1964 "http://www.bet-esport.com/dota-2-matches/" "Mozilla/5.0 (Windows NT 10.0; Win64; x64; rv:57.0) Gecko/20100101 Firefox/57.0"
176.193.130.167 - - [21/Jan/2018:23:27:08 +0000] "GET /wp-content/plugins/contact-form-7/includes/css/styles.css?ver=4.9.1 HTTP/1.1" 200 646 "http://www.bet-esport.com/match/bet-gambit-vs-rise-nation-dreamhack-winter-12-01-2017/" "Mozilla/5.0 (Windows NT 5.1) AppleWebKit/537.36 (KHTML, like Gecko) Chrome/49.0.2623.112 Safari/537.36 OPR/36.0.2130.80"
176.193.130.167 - - [21/Jan/2018:23:27:08 +0000] "GET /wp-includes/js/jquery/jquery-migrate.min.js?ver=1.4.1 HTTP/1.1" 200 4026 "http://www.bet-esport.com/match/bet-gambit-vs-rise-nation-dreamhack-winter-12-01-2017/" "Mozilla/5.0 (Windows NT 5.1) AppleWebKit/537.36 (KHTML, like Gecko) Chrome/49.0.2623.112 Safari/537.36 OPR/36.0.2130.80"
37.110.48.22 - - [21/Jan/2018:23:27:08 +0000] "GET /wp-includes/js/jquery/jquery-migrate.min.js?ver=1.4.1 HTTP/1.1" 200 4026 "http://www.bet-esport.com/dota-2-matches/" "Mozilla/5.0 (Windows NT 10.0; Win64; x64; rv:57.0) Gecko/20100101 Firefox/57.0"
37.110.48.22 - - [21/Jan/2018:23:27:08 +0000] "GET /i/logos/100/virtus-pro.png HTTP/1.1" 200 11378 "http://www.bet-esport.com/dota-2-matches/" "Mozilla/5.0 (Windows NT 10.0; Win64; x64; rv:57.0) Gecko/20100101 Firefox/57.0"
37.110.48.22 - - [21/Jan/2018:23:27:08 +0000] "GET /i/logos/100/complexity-gaming.png HTTP/1.1" 200 11891 "http://www.bet-esport.com/dota-2-matches/" "Mozilla/5.0 (Windows NT 10.0; Win64; x64; rv:57.0) Gecko/20100101 Firefox/57.0"
37.110.48.22 - - [21/Jan/2018:23:27:08 +0000] "GET /i/logos/100/vega-squadron.png HTTP/1.1" 200 16351 "http://www.bet-esport.com/dota-2-matches/" "Mozilla/5.0 (Windows NT 10.0; Win64; x64; rv:57.0) Gecko/20100101 Firefox/57.0"
37.110.48.22 - - [21/Jan/2018:23:27:08 +0000] "GET /i/logos/100/tnc-pro-team.png HTTP/1.1" 200 4110 "http://www.bet-esport.com/dota-2-matches/" "Mozilla/5.0 (Windows NT 10.0; Win64; x64; rv:57.0) Gecko/20100101 Firefox/57.0"
37.110.48.22 - - [21/Jan/2018:23:27:08 +0000] "GET /i/logos/100/penta-sports.png HTTP/1.1" 200 1842 "http://www.bet-esport.com/dota-2-matches/" "Mozilla/5.0 (Windows NT 10.0; Win64; x64; rv:57.0) Gecko/20100101 Firefox/57.0"
176.193.130.167 - - [21/Jan/2018:23:27:08 +0000] "GET /wp-includes/js/jquery/jquery.js?ver=1.12.4 HTTP/1.1" 200 33812 "http://www.bet-esport.com/match/bet-gambit-vs-rise-nation-dreamhack-winter-12-01-2017/" "Mozilla/5.0 (Windows NT 5.1) AppleWebKit/537.36 (KHTML, like Gecko) Chrome/49.0.2623.112 Safari/537.36 OPR/36.0.2130.80"
37.110.48.22 - - [21/Jan/2018:23:27:08 +0000] "GET /i/logos/100/natus-vincere.png HTTP/1.1" 200 12393 "http://www.bet-esport.com/dota-2-matches/" "Mozilla/5.0 (Windows NT 10.0; Win64; x64; rv:57.0) Gecko/20100101 Firefox/57.0"
37.110.48.22 - - [21/Jan/2018:23:27:08 +0000] "GET /i/logos/100/fnatic.png HTTP/1.1" 200 8274 "http://www.bet-esport.com/dota-2-matches/" "Mozilla/5.0 (Windows NT 10.0; Win64; x64; rv:57.0) Gecko/20100101 Firefox/57.0"
37.110.48.22 - - [21/Jan/2018:23:27:08 +0000] "GET /i/logos/100/newbee.png HTTP/1.1" 200 17787 "http://www.bet-esport.com/dota-2-matches/" "Mozilla/5.0 (Windows NT 10.0; Win64; x64; rv:57.0) Gecko/20100101 Firefox/57.0"
37.110.48.22 - - [21/Jan/2018:23:27:08 +0000] "GET /i/logos/100/vici-gaming.png HTTP/1.1" 200 13790 "http://www.bet-esport.com/dota-2-matches/" "Mozilla/5.0 (Windows NT 10.0; Win64; x64; rv:57.0) Gecko/20100101 Firefox/57.0"
37.110.48.22 - - [21/Jan/2018:23:27:08 +0000] "GET /wp-content/plugins/contact-form-7/includes/css/styles.css?ver=4.9.1 HTTP/1.1" 200 646 "http://www.bet-esport.com/dota-2-matches/" "Mozilla/5.0 (Windows NT 10.0; Win64; x64; rv:57.0) Gecko/20100101 Firefox/57.0"
37.110.48.22 - - [21/Jan/2018:23:27:08 +0000] "GET /wp-includes/js/jquery/jquery.js?ver=1.12.4 HTTP/1.1" 200 33812 "http://www.bet-esport.com/dota-2-matches/" "Mozilla/5.0 (Windows NT 10.0; Win64; x64; rv:57.0) Gecko/20100101 Firefox/57.0"
37.110.48.22 - - [21/Jan/2018:23:27:08 +0000] "GET /i/logos/100/evil-geniuses.png HTTP/1.1" 200 13733 "http://www.bet-esport.com/dota-2-matches/" "Mozilla/5.0 (Windows NT 10.0; Win64; x64; rv:57.0) Gecko/20100101 Firefox/57.0"
176.193.130.167 - - [21/Jan/2018:23:27:08 +0000] "GET /i/9e08854c6685ae76.gif HTTP/1.1" 200 79995 "http://www.bet-esport.com/match/bet-gambit-vs-rise-nation-dreamhack-winter-12-01-2017/" "Mozilla/5.0 (Windows NT 5.1) AppleWebKit/537.36 (KHTML, like Gecko) Chrome/49.0.2623.112 Safari/537.36 OPR/36.0.2130.80"
37.110.48.22 - - [21/Jan/2018:23:27:08 +0000] "GET /i/9e08854c6685ae76.gif HTTP/1.1" 200 79995 "http://www.bet-esport.com/dota-2-matches/" "Mozilla/5.0 (Windows NT 10.0; Win64; x64; rv:57.0) Gecko/20100101 Firefox/57.0"
37.110.48.22 - - [21/Jan/2018:23:27:09 +0000] "GET /s2.css HTTP/1.1" 200 6123 "http://www.bet-esport.com/dota-2-matches/" "Mozilla/5.0 (Windows NT 10.0; Win64; x64; rv:57.0) Gecko/20100101 Firefox/57.0"
37.110.48.22 - - [21/Jan/2018:23:27:09 +0000] "GET /s2m.css HTTP/1.1" 200 1691 "http://www.bet-esport.com/dota-2-matches/" "Mozilla/5.0 (Windows NT 10.0; Win64; x64; rv:57.0) Gecko/20100101 Firefox/57.0"
37.110.48.22 - - [21/Jan/2018:23:27:09 +0000] "GET /i/default_sheild.png HTTP/1.1" 200 4013 "http://www.bet-esport.com/dota-2-matches/" "Mozilla/5.0 (Windows NT 10.0; Win64; x64; rv:57.0) Gecko/20100101 Firefox/57.0"
37.110.48.22 - - [21/Jan/2018:23:27:09 +0000] "GET /i/dota-2-header.jpg HTTP/1.1" 200 14907 "http://www.bet-esport.com/dota-2-matches/" "Mozilla/5.0 (Windows NT 10.0; Win64; x64; rv:57.0) Gecko/20100101 Firefox/57.0"
37.110.48.22 - - [21/Jan/2018:23:27:09 +0000] "GET /css/font-awesome.min.css HTTP/1.1" 200 6604 "http://www.bet-esport.com/dota-2-matches/" "Mozilla/5.0 (Windows NT 10.0; Win64; x64; rv:57.0) Gecko/20100101 Firefox/57.0"
176.193.130.167 - - [21/Jan/2018:23:27:09 +0000] "GET /i/default_sheild.png HTTP/1.1" 200 4013 "http://www.bet-esport.com/match/bet-gambit-vs-rise-nation-dreamhack-winter-12-01-2017/" "Mozilla/5.0 (Windows NT 5.1) AppleWebKit/537.36 (KHTML, like Gecko) Chrome/49.0.2623.112 Safari/537.36 OPR/36.0.2130.80"
176.193.130.167 - - [21/Jan/2018:23:27:09 +0000] "GET /i/background4.jpg HTTP/1.1" 200 24246 "http://www.bet-esport.com/match/bet-gambit-vs-rise-nation-dreamhack-winter-12-01-2017/" "Mozilla/5.0 (Windows NT 5.1) AppleWebKit/537.36 (KHTML, like Gecko) Chrome/49.0.2623.112 Safari/537.36 OPR/36.0.2130.80"
176.193.130.167 - - [21/Jan/2018:23:27:10 +0000] "GET /css/font-awesome.min.css HTTP/1.1" 200 6604 "http://www.bet-esport.com/match/bet-gambit-vs-rise-nation-dreamhack-winter-12-01-2017/" "Mozilla/5.0 (Windows NT 5.1) AppleWebKit/537.36 (KHTML, like Gecko) Chrome/49.0.2623.112 Safari/537.36 OPR/36.0.2130.80"
176.193.130.167 - - [21/Jan/2018:23:27:10 +0000] "GET /s2m.css HTTP/1.1" 200 1691 "http://www.bet-esport.com/match/bet-gambit-vs-rise-nation-dreamhack-winter-12-01-2017/" "Mozilla/5.0 (Windows NT 5.1) AppleWebKit/537.36 (KHTML, like Gecko) Chrome/49.0.2623.112 Safari/537.36 OPR/36.0.2130.80"
37.110.48.22 - - [21/Jan/2018:23:27:10 +0000] "GET /i/background4.jpg HTTP/1.1" 200 24246 "http://www.bet-esport.com/dota-2-matches/" "Mozilla/5.0 (Windows NT 10.0; Win64; x64; rv:57.0) Gecko/20100101 Firefox/57.0"
176.193.130.167 - - [21/Jan/2018:23:27:10 +0000] "GET /s2.css HTTP/1.1" 200 6123 "http://www.bet-esport.com/match/bet-gambit-vs-rise-nation-dreamhack-winter-12-01-2017/" "Mozilla/5.0 (Windows NT 5.1) AppleWebKit/537.36 (KHTML, like Gecko) Chrome/49.0.2623.112 Safari/537.36 OPR/36.0.2130.80"
86.160.74.62 - - [22/Jan/2018:00:11:56 +0000] "GET /wp-content/plugins/contact-form-7/includes/css/styles.css?ver=4.9.1 HTTP/1.1" 200 646 "http://www.bet-esport.com/match/bet-flyquest-vs-tsm-na-lcs-spring-split-01-04-2018/" "Mozilla/5.0 (Linux; Android 7.0; SM-A520F Build/NRD90M) AppleWebKit/537.36 (KHTML, like Gecko) Chrome/63.0.3239.111 Mobile Safari/537.36"
86.160.74.62 - - [22/Jan/2018:00:11:56 +0000] "GET /s.css HTTP/1.1" 200 8843 "http://www.bet-esport.com/match/bet-flyquest-vs-tsm-na-lcs-spring-split-01-04-2018/" "Mozilla/5.0 (Linux; Android 7.0; SM-A520F Build/NRD90M) AppleWebKit/537.36 (KHTML, like Gecko) Chrome/63.0.3239.111 Mobile Safari/537.36"
86.160.74.62 - - [22/Jan/2018:00:11:56 +0000] "GET /wp-includes/js/jquery/jquery.js?ver=1.12.4 HTTP/1.1" 200 33812 "http://www.bet-esport.com/match/bet-flyquest-vs-tsm-na-lcs-spring-split-01-04-2018/" "Mozilla/5.0 (Linux; Android 7.0; SM-A520F Build/NRD90M) AppleWebKit/537.36 (KHTML, like Gecko) Chrome/63.0.3239.111 Mobile Safari/537.36"
86.160.74.62 - - [22/Jan/2018:00:11:56 +0000] "GET /wp-includes/js/jquery/jquery-migrate.min.js?ver=1.4.1 HTTP/1.1" 200 4026 "http://www.bet-esport.com/match/bet-flyquest-vs-tsm-na-lcs-spring-split-01-04-2018/" "Mozilla/5.0 (Linux; Android 7.0; SM-A520F Build/NRD90M) AppleWebKit/537.36 (KHTML, like Gecko) Chrome/63.0.3239.111 Mobile Safari/537.36"
86.160.74.62 - - [22/Jan/2018:00:11:57 +0000] "GET /i/logo2.png HTTP/1.1" 200 1166 "http://www.bet-esport.com/match/bet-flyquest-vs-tsm-na-lcs-spring-split-01-04-2018/" "Mozilla/5.0 (Linux; Android 7.0; SM-A520F Build/NRD90M) AppleWebKit/537.36 (KHTML, like Gecko) Chrome/63.0.3239.111 Mobile Safari/537.36"
86.160.74.62 - - [22/Jan/2018:00:11:57 +0000] "GET /i/logo_mob.png HTTP/1.1" 200 1674 "http://www.bet-esport.com/match/bet-flyquest-vs-tsm-na-lcs-spring-split-01-04-2018/" "Mozilla/5.0 (Linux; Android 7.0; SM-A520F Build/NRD90M) AppleWebKit/537.36 (KHTML, like Gecko) Chrome/63.0.3239.111 Mobile Safari/537.36"
86.160.74.62 - - [22/Jan/2018:00:11:57 +0000] "GET /i/background4.jpg HTTP/1.1" 200 24246 "http://www.bet-esport.com/s.css" "Mozilla/5.0 (Linux; Android 7.0; SM-A520F Build/NRD90M) AppleWebKit/537.36 (KHTML, like Gecko) Chrome/63.0.3239.111 Mobile Safari/537.36"
86.160.74.62 - - [22/Jan/2018:00:11:57 +0000] "GET /css/font-awesome.min.css HTTP/1.1" 200 6604 "http://www.bet-esport.com/match/bet-flyquest-vs-tsm-na-lcs-spring-split-01-04-2018/" "Mozilla/5.0 (Linux; Android 7.0; SM-A520F Build/NRD90M) AppleWebKit/537.36 (KHTML, like Gecko) Chrome/63.0.3239.111 Mobile Safari/537.36"
86.160.74.62 - - [22/Jan/2018:00:11:57 +0000] "GET /s2m.css HTTP/1.1" 200 1691 "http://www.bet-esport.com/match/bet-flyquest-vs-tsm-na-lcs-spring-split-01-04-2018/" "Mozilla/5.0 (Linux; Android 7.0; SM-A520F Build/NRD90M) AppleWebKit/537.36 (KHTML, like Gecko) Chrome/63.0.3239.111 Mobile Safari/537.36"
86.160.74.62 - - [22/Jan/2018:00:11:57 +0000] "GET /s2.css HTTP/1.1" 200 6123 "http://www.bet-esport.com/match/bet-flyquest-vs-tsm-na-lcs-spring-split-01-04-2018/" "Mozilla/5.0 (Linux; Android 7.0; SM-A520F Build/NRD90M) AppleWebKit/537.36 (KHTML, like Gecko) Chrome/63.0.3239.111 Mobile Safari/537.36"
86.160.74.62 - - [22/Jan/2018:00:11:57 +0000] "GET /i/9e08854c6685ae76.gif HTTP/1.1" 200 79995 "http://www.bet-esport.com/match/bet-flyquest-vs-tsm-na-lcs-spring-split-01-04-2018/" "Mozilla/5.0 (Linux; Android 7.0; SM-A520F Build/NRD90M) AppleWebKit/537.36 (KHTML, like Gecko) Chrome/63.0.3239.111 Mobile Safari/537.36"
86.160.74.62 - - [22/Jan/2018:00:11:57 +0000] "GET /i/default_sheild.png HTTP/1.1" 200 4013 "http://www.bet-esport.com/match/bet-flyquest-vs-tsm-na-lcs-spring-split-01-04-2018/" "Mozilla/5.0 (Linux; Android 7.0; SM-A520F Build/NRD90M) AppleWebKit/537.36 (KHTML, like Gecko) Chrome/63.0.3239.111 Mobile Safari/537.36"
192.0.100.154 - - [22/Jan/2018:00:12:05 +0000] "GET /i/cropped-B512.png HTTP/1.1" 200 2788 "-" "Photon/1.0"
192.0.102.24 - - [22/Jan/2018:00:12:06 +0000] "GET /i/cropped-B512.png HTTP/1.1" 200 2788 "-" "Photon/1.0"
5.45.207.12 - - [22/Jan/2018:03:04:00 +0000] "GET /i/logos/200/aaa.png HTTP/1.1" 200 21589 "-" "Mozilla/5.0 (compatible; YandexImages/3.0; +http://yandex.com/bots)"
5.45.207.12 - - [22/Jan/2018:03:43:31 +0000] "GET /i/logos/200/envyus.png HTTP/1.1" 200 8371 "-" "Mozilla/5.0 (compatible; YandexImages/3.0; +http://yandex.com/bots)"
188.244.47.215 - - [22/Jan/2018:04:03:22 +0000] "GET /s.css HTTP/1.1" 200 8843 "http://www.bet-esport.com/match/bet-ground-zero-vs-masterminds-cybergamer-11-16-2017/" "Mozilla/5.0 (compatible; MSIE 10.0; Windows NT 6.2; WOW64; Trident/6.0; MAAU; MAAU)"
188.244.47.215 - - [22/Jan/2018:04:03:22 +0000] "GET /wp-content/plugins/contact-form-7/includes/css/styles.css?ver=4.9.1 HTTP/1.1" 200 646 "http://www.bet-esport.com/match/bet-ground-zero-vs-masterminds-cybergamer-11-16-2017/" "Mozilla/5.0 (compatible; MSIE 10.0; Windows NT 6.2; WOW64; Trident/6.0; MAAU; MAAU)"
188.244.47.215 - - [22/Jan/2018:04:03:22 +0000] "GET /wp-includes/js/jquery/jquery.js?ver=1.12.4 HTTP/1.1" 200 33812 "http://www.bet-esport.com/match/bet-ground-zero-vs-masterminds-cybergamer-11-16-2017/" "Mozilla/5.0 (compatible; MSIE 10.0; Windows NT 6.2; WOW64; Trident/6.0; MAAU; MAAU)"
188.244.47.215 - - [22/Jan/2018:04:03:23 +0000] "GET /wp-includes/js/jquery/jquery-migrate.min.js?ver=1.4.1 HTTP/1.1" 200 4026 "http://www.bet-esport.com/match/bet-ground-zero-vs-masterminds-cybergamer-11-16-2017/" "Mozilla/5.0 (compatible; MSIE 10.0; Windows NT 6.2; WOW64; Trident/6.0; MAAU; MAAU)"
188.244.47.215 - - [22/Jan/2018:04:03:24 +0000] "GET /s2m.css HTTP/1.1" 200 1691 "http://www.bet-esport.com/match/bet-ground-zero-vs-masterminds-cybergamer-11-16-2017/" "Mozilla/5.0 (compatible; MSIE 10.0; Windows NT 6.2; WOW64; Trident/6.0; MAAU; MAAU)"
188.244.47.215 - - [22/Jan/2018:04:03:25 +0000] "GET /s2.css HTTP/1.1" 200 6123 "http://www.bet-esport.com/match/bet-ground-zero-vs-masterminds-cybergamer-11-16-2017/" "Mozilla/5.0 (compatible; MSIE 10.0; Windows NT 6.2; WOW64; Trident/6.0; MAAU; MAAU)"
188.244.47.215 - - [22/Jan/2018:04:03:25 +0000] "GET /css/font-awesome.min.css HTTP/1.1" 200 6604 "http://www.bet-esport.com/match/bet-ground-zero-vs-masterminds-cybergamer-11-16-2017/" "Mozilla/5.0 (compatible; MSIE 10.0; Windows NT 6.2; WOW64; Trident/6.0; MAAU; MAAU)"
5.45.207.12 - - [22/Jan/2018:04:54:04 +0000] "GET /i/logos/50/royals.png HTTP/1.1" 200 1438 "-" "Mozilla/5.0 (compatible; YandexImages/3.0; +http://yandex.com/bots)"
5.45.207.12 - - [22/Jan/2018:05:24:44 +0000] "GET /i/logos/200/team-kinguin.png HTTP/1.1" 304 0 "-" "Mozilla/5.0 (compatible; YandexImages/3.0; +http://yandex.com/bots)"
